dbgcontrol.c:292:12:dbgcontorl_nested_panic	16	static
dbgcontrol.c:194:14:dbgcontrol_wdt_atf_hang	16	static
dbgcontrol.c:358:12:proc_get_status_open	16	static
dbgcontrol.c:392:12:proc_generate_kernel_api_open	16	static
dbgcontrol.c:377:12:proc_generate_tz_crash_open	16	static
dbgcontrol.c:346:12:proc_generate_HWREBOOT_in_WDT_open	16	static
dbgcontrol.c:314:12:proc_generate_nested_KE_open	16	static
dbgcontrol.c:286:12:proc_generate_HWREBOOT_open	16	static
dbgcontrol.c:186:12:proc_generate_WDT_open	16	static
dbgcontrol.c:120:12:proc_generate_KE_open	16	static
dbgcontrol.c:105:12:proc_generate_modem_open	16	static
dbgcontrol.c:352:12:get_status_proc_show	16	static
dbgcontrol.c:112:12:generate_KE_proc_show	16	static
dbgcontrol.c:382:12:generate_kernel_api_show	16	static
dbgcontrol.c:228:12:khwreboot_thread_test	48	static
dbgcontrol.c:128:12:kwdt_thread_handle	64	static
dbgcontrol.c:154:12:trigger_WDT	192	static
dbgcontrol.c:340:12:generate_HWREBOOT_in_WDT_show	16	static
dbgcontrol.c:179:12:generate_WDT_proc_show	16	static
dbgcontrol.c:305:12:generate_nested_KE_proc_show	16	static
dbgcontrol.c:73:19:debugcontrol_cmdline_parameter_parser	32	static
dbgcontrol.c:482:20:dbgcontrol_deinit	32	static
dbgcontrol.c:459:19:dbgcontrol_init	48	static
dbgcontrol.c:210:21:dbgcontrol_secure_call.constprop	0	static
dbgcontrol.c:247:12:trigger_HWREBOOT	192	static
dbgcontrol.c:321:12:dbgcontorl_HWREBOOT_panic	16	static
dbgcontrol.c:279:12:generate_HWREBOOT_proc_show	16	static
dbgcontrol.c:364:12:generate_tz_crash_show	16	static
dbgcontrol.c:96:28:dbgcontrol_assert_modem	0	static
dbgcontrol.c:97:12:generate_modem_proc_show	16	static
