cmdq_core.c:396:13:cmdq_core_is_valid_in_active_list	0	static
cmdq_core.c:3992:20:cmdq_core_parse_op	0	static
cmdq_core.c:284:6:cmdq_core_init_resource	48	static
cmdq_core.c:1176:12:cmdq_core_print_record	288	static
cmdq_core.c:5185:13:cmdq_core_fill_task_profile_marker_record	80	static
cmdq_core.c:4738:13:cmdq_core_save_buffer	160	static
cmdq_core.c:146:10:cmdq_core_max_task_in_thread	0	static
cmdq_core.c:337:10:cmdq_core_get_thread_prefetch_size	0	static
cmdq_core.c:345:20:cmdq_core_get_whole_DTS_Data	0	static
cmdq_core.c:350:6:cmdq_core_init_DTS_data	32	static
cmdq_core.c:367:6:cmdq_core_set_event_table	0	static
cmdq_core.c:373:9:cmdq_core_get_event_value	0	static
cmdq_core.c:381:9:cmdq_core_reverse_event_ENUM	0	static
cmdq_core.c:418:6:cmdq_core_set_mem_monitor	32	static
cmdq_core.c:496:6:cmdq_core_monitor_record_free	48	static
cmdq_core.c:540:6:cmdq_core_free_hw_buffer	64	static
cmdq_core.c:691:27:cmdq_core_get_secure_shared_memory	0	static
cmdq_core.c:696:9:cmdq_core_stop_secure_path_notify_thread	0	static
cmdq_core.c:738:9:cmdq_core_start_secure_path_notify_thread	0	static
cmdq_core.c:782:13:cmdq_core_get_event_name_ENUM	0	static
cmdq_core.c:796:13:cmdq_core_get_event_name	16	static
cmdq_core.c:811:6:cmdqCoreSetEvent	32	static
cmdq_core.c:818:10:cmdqCoreGetEvent	32	static
cmdq_core.c:828:6:cmdq_core_support_sync_non_suspendable	0	static
cmdq_core.c:837:9:cmdqCorePrintLogLevel	16	static
cmdq_core.c:881:9:cmdqCorePrintProfileEnable	16	static
cmdq_core.c:892:9:cmdqCoreWriteProfileEnable	80	static
cmdq_core.c:1063:6:cmdq_core_get_task_first_buffer	0	static
cmdq_core.c:1142:5:cmdq_core_print_profile_marker	80	static
cmdq_core.c:1258:5:cmdqCorePrintRecordSeq	464	static
cmdq_core.c:1298:5:cmdqCorePrintErrorSeq	0	static
cmdq_core.c:1479:9:cmdqCorePrintRecord	320	static
cmdq_core.c:1534:9:cmdqCorePrintError	80	static
cmdq_core.c:1751:6:cmdq_task_free_buffer_impl	48	static
cmdq_core.c:1765:6:cmdq_task_free_buffer_work	32	static
cmdq_core.c:1847:6:cmdq_core_reset_hw_events_impl	32	static
cmdq_core.c:1947:6:cmdq_core_reset_engine_struct	0	static
cmdq_core.c:1958:6:cmdq_core_reset_thread_struct	0	static
cmdq_core.c:1969:6:cmdq_core_init_thread_work_queue	48	static
cmdq_core.c:1982:6:cmdq_core_destroy_thread_work_queue	48	static
cmdq_core.c:1995:6:cmdq_core_is_valid_group	0	static
cmdq_core.c:2004:9:cmdq_core_is_group_flag	0	static
cmdq_core.c:2027:6:cmdqCoreInitGroupCB	32	static
cmdq_core.c:2033:6:cmdqCoreDeinitGroupCB	32	static
cmdq_core.c:2104:6:cmdqIsValidTaskPtr	48	static
cmdq_core.c:2266:6:cmdq_core_invalidate_hw_fetched_buffer	32	static
cmdq_core.c:2286:6:cmdq_core_is_request_from_user_space	0	static
cmdq_core.c:2938:6:cmdq_core_task_is_jump_inside	0	static
cmdq_core.c:3855:6:cmdq_core_add_consume_task	32	static
cmdq_core.c:3929:10:cmdq_core_subsys_to_reg_addr	32	static
cmdq_core.c:3948:13:cmdq_core_parse_subsys_from_reg_addr	0	static
cmdq_core.c:4350:6:cmdq_core_dump_secure_metadata	0	static
cmdq_core.c:4377:9:cmdq_core_interpret_instruction	96	static
cmdq_core.c:4526:9:cmdq_core_parse_instruction	16	static
cmdq_core.c:5303:6:cmdq_core_dump_GIC	0	static
cmdq_core.c:7906:9:cmdqCoreQueryUsage	32	static
cmdq_core.c:8039:10:cmdqCoreReadDataRegister	32	static
cmdq_core.c:8049:10:cmdq_core_thread_prefetch_size	0	static
cmdq_core.c:8571:6:cmdq_core_set_log_level	0	static
cmdq_core.c:847:9:cmdqCoreWriteLogLevel	80	static
cmdq_core.c:8582:9:cmdq_core_get_log_level	0	static
cmdq_core.c:8587:6:cmdq_core_should_print_msg	0	static
cmdq_core.c:803:6:cmdqCoreClearEvent	32	static
cmdq_core.c:1935:6:cmdq_core_config_prefetch_gsize	32	static
cmdq_core.c:2039:9:cmdqCoreRegisterCB	64	static
cmdq_core.c:2063:9:cmdqCoreRegisterDispatchModCB	32	static
cmdq_core.c:2078:9:cmdqCoreRegisterDebugRegDumpCB	32	static
cmdq_core.c:2086:9:cmdqCoreRegisterTrackTaskCB	32	static
cmdq_core.c:2275:6:cmdq_core_fix_command_scenario_for_user_space	48	static
cmdq_core.c:7328:9:cmdq_core_reume_impl	64	static
cmdq_core.c:7353:9:cmdqCoreResume	16	static
cmdq_core.c:7360:9:cmdqCoreResumedNotifier	16	static
cmdq_core.c:7982:20:cmdq_core_get_GPR64	64	static
cmdq_core.c:1740:13:cmdq_core_task_ctor	32	static
cmdq_core.c:8432:10:cmdqCoreReadWriteAddress	80	static
cmdq_core.c:8593:6:cmdq_core_should_full_error	0	static
cmdq_core.c:8599:9:cmdq_core_profile_enabled	0	static
cmdq_core.c:8604:6:cmdq_core_longstring_init	0	static
cmdq_core.c:8611:6:cmdqCoreLongString	144	static
cmdq_core.c:3447:16:cmdq_core_can_start_to_acquire_HW_thread_unlocked	224	static
cmdq_core.c:8465:10:cmdqCoreWriteWriteAddress	288	static
cmdq_core.c:8631:6:cmdq_core_turnon_first_dump	32	static
cmdq_core.c:8646:6:cmdq_core_turnoff_first_dump	0	static
cmdq_core.c:8653:9:cmdq_core_save_first_dump	160	static
cmdq_core.c:157:9:cmdq_core_suspend_HW_thread	112	static
cmdq_core.c:247:6:cmdq_core_unlock_resource	48	static
cmdq_core.c:441:6:cmdq_core_dump_mem_monitor	64	static
cmdq_core.c:466:6:cmdq_core_monitor_record_alloc	48	static
cmdq_core.c:513:7:cmdq_core_alloc_hw_buffer	80	static
cmdq_core.c:548:9:cmdq_core_set_secure_IRQ_status	32	static
cmdq_core.c:572:9:cmdq_core_get_secure_IRQ_status	32	static
cmdq_core.c:597:9:cmdq_core_set_secure_thread_exec_counter	32	static
cmdq_core.c:624:9:cmdq_core_get_secure_thread_exec_counter	32	static
cmdq_core.c:685:9:cmdq_core_thread_exec_counter	32	static
cmdq_core.c:656:6:cmdq_core_dump_secure_task_status	32	static
cmdq_core.c:980:6:cmdq_core_dump_task_buffer_hex	64	static
cmdq_core.c:1119:6:cmdq_core_dump_tasks_info	64	static
cmdq_core.c:1005:18:cmdq_core_get_pc	64	static
cmdq_core.c:1304:5:cmdqCorePrintStatusSeq	432	static
cmdq_core.c:1556:9:cmdqCorePrintStatus	416	static
cmdq_core.c:4013:13:cmdq_core_parse_error	112	static
cmdq_core.c:1774:6:cmdq_task_free_task_command_buffer	48	static
cmdq_core.c:2132:13:cmdq_core_release_buffer	48	static
cmdq_core.c:2191:13:cmdq_core_release_task	32	static
cmdq_core.c:2242:13:cmdq_core_auto_release_task	32	static
cmdq_core.c:2171:13:cmdq_core_release_task_unlocked	32	static
cmdq_core.c:2217:13:cmdq_core_release_task_in_queue	48	static
cmdq_core.c:1857:6:cmdq_core_reset_hw_events	48	static
cmdq_core.c:1800:16:cmdq_core_task_alloc_single_buffer_list	48	static
cmdq_core.c:930:13:cmdq_core_dump_buffer	80	static
cmdq_core.c:950:13:cmdq_core_dump_task	32	static
cmdq_core.c:2299:16:cmdq_core_extend_cmd_buffer	144	static
cmdq_core.c:2379:13:cmdq_core_append_command	48	static
cmdq_core.c:2722:9:cmdq_core_copy_cmd_to_task_impl	192	static
cmdq_core.c:2764:6:cmdq_core_verfiy_command_desc_end	160	static
cmdq_core.c:3968:9:cmdq_core_subsys_from_phys_addr	32	static
cmdq_core.c:4539:6:cmdq_core_dump_error_instruction	192	static
cmdq_core.c:4657:13:cmdqCoreDumpCommandMem	64	static
cmdq_core.c:4676:9:cmdqCoreDebugDumpCommand	48	static
cmdq_core.c:2809:6:cmdq_core_verfiy_command_end	144	static
cmdq_core.c:2894:6:cmdq_core_task_finalize_end	144	static
cmdq_core.c:4704:6:cmdq_core_set_command_buffer_dump	64	static
cmdq_core.c:5355:6:cmdq_core_dump_thread	144	static
cmdq_core.c:4282:13:cmdq_core_dump_task_in_thread	128	static
cmdq_core.c:4257:13:cmdq_core_dump_task_with_engine_flag	80	static
cmdq_core.c:4149:13:cmdq_core_dump_status	80	static
cmdq_core.c:5637:16:cmdq_core_remove_task_from_thread_array_by_cookie	64	static
cmdq_core.c:5797:13:cmdq_core_handle_done_with_cookie_impl	112	static
cmdq_core.c:6040:13:cmdqCoreHandleDone	160	static
cmdq_core.c:6163:6:cmdq_thread_check_status_resume	48	static
cmdq_core.c:3890:13:cmdq_core_reset_hw_engine	80	static
cmdq_core.c:5727:16:cmdq_core_force_remove_task_from_thread	128	static
cmdq_core.c:1832:20:cmdq_core_task_create.part.21	80	static
cmdq_core.c:8160:9:cmdqCoreInitialize	96	static
cmdq_core.c:2394:13:cmdq_core_dump_all_task	48	static
cmdq_core.c:3128:20:cmdq_core_acquire_task	224	static
cmdq_core.c:3514:13:cmdq_core_check_engine_conflict_unlocked	240	static
cmdq_core.c:5590:16:cmdq_core_insert_task_from_thread_array_by_cookie	48	static
cmdq_core.c:5262:13:cmdq_core_track_task_record	352	static
cmdq_core.c:4208:13:cmdq_core_dump_thread_pc	224	static
cmdq_core.c:7832:9:cmdqCoreAutoReleaseTask	64	static
cmdq_core.c:7924:6:cmdq_core_release_task_by_file_node	80	static
cmdq_core.c:8011:6:cmdq_core_set_GPR64	48	static
cmdq_core.c:8057:6:cmdq_core_dump_dts_setting	80	static
cmdq_core.c:8074:9:cmdq_core_get_running_task_by_engine	128	static
cmdq_core.c:8292:6:cmdqCoreDeInitialize	144	static
cmdq_core.c:8344:5:cmdqCoreAllocWriteAddress	48	static
cmdq_core.c:8509:5:cmdqCoreFreeWriteAddress	64	static
cmdq_core.c:8551:9:cmdqCoreDebugRegDumpBegin	16	static
cmdq_core.c:8561:9:cmdqCoreDebugRegDumpEnd	16	static
cmdq_core.c:8681:6:cmdq_core_hex_dump_to_buffer	96	static
cmdq_core.c:8746:6:cmdq_core_save_hex_first_dump	256	static
cmdq_core.c:5313:13:cmdq_core_dump_error_buffer	80	static
cmdq_core.c:8889:6:cmdqCoreSetResourceCallback	48	static
cmdq_core.c:8926:6:cmdq_core_set_feature	32	static
cmdq_core.c:8939:10:cmdq_core_get_feature	32	static
cmdq_core.c:8912:6:cmdq_core_dump_feature	32	static
cmdq_core.c:8948:6:cmdq_core_is_feature_off	16	static
cmdq_core.c:300:6:cmdq_core_delay_check_unlock	80	static
cmdq_core.c:3863:13:cmdq_core_release_thread	112	static
cmdq_core.c:7241:9:cmdqCoreSuspend	144	static
cmdq_core.c:7659:9:cmdqCoreReleaseTask	144	static
cmdq_core.c:4083:6:cmdq_core_dump_resource_status	32	static
cmdq_core.c:4111:18:cmdq_core_dump_pc	208	static
cmdq_core.c:4173:6:cmdq_core_dump_disp_trigger_loop	48	static
cmdq_core.c:4193:6:cmdq_core_dump_disp_trigger_loop_mini	16	static
cmdq_core.c:5521:13:cmdq_core_attach_error_task	192	static
cmdq_core.c:6938:16:cmdq_core_exec_task_async_impl	448	static
cmdq_core.c:5948:13:cmdqCoreHandleError	176	static
cmdq_core.c:6089:6:cmdqCoreHandleIRQ	112	static
cmdq_core.c:6735:16:cmdq_core_exec_task_async_secure_impl	320	static
cmdq_core.c:7441:16:cmdq_core_consume_waiting_list.isra.29.part.30	288	static
cmdq_core.c:7590:13:cmdqCoreConsumeWaitQueueItem	16	static
cmdq_core.c:6359:16:cmdq_core_handle_wait_task_result_impl	288	static
cmdq_core.c:6235:16:cmdq_core_handle_wait_task_result_secure_impl.isra.31	368	static
cmdq_core.c:6188:16:cmdq_core_wait_task_done_with_timeout_impl	144	static
cmdq_core.c:7718:9:cmdqCoreWaitResultAndReleaseTask	112	static
cmdq_core.c:7713:9:cmdqCoreWaitAndReleaseTask	16	static
cmdq_core.c:7769:13:cmdq_core_auto_release_work	96	static
cmdq_core.c:8783:6:cmdqCoreLockResource	80	static
cmdq_core.c:7597:9:cmdqCoreSubmitTaskAsyncImpl	48	static
cmdq_core.c:7639:9:cmdqCoreSubmitTaskAsync	48	static
cmdq_core.c:7881:9:cmdqCoreSubmitTask	48	static
cmdq_core.c:8838:6:cmdqCoreAcquireResource	48	static
cmdq_core.c:8867:6:cmdqCoreReleaseResource	32	static
cmdq_core.c:8953:16:cmdq_core_get_cmdqcontext	0	static
