epl259x.c:2856:16:epl_sensor_show_ps_polling	0	static
epl259x.c:2865:16:epl_sensor_show_als_polling	0	static
epl259x.c:3646:12:als_open_report_data	0	static
epl259x.c:3669:12:als_set_delay	0	static
epl259x.c:3701:12:ps_open_report_data	0	static
epl259x.c:3723:12:ps_set_delay	0	static
epl259x.c:1918:12:als_sensing_time	64	static
epl259x.c:3289:12:epl_sensor_release	32	static
epl259x.c:3728:12:ps_get_data	48	static
epl259x.c:2202:20:epl_sensor_eint_func	32	static
epl259x.c:4348:19:epl_sensor_init	32	static
epl259x.c:3947:12:epl_sensor_i2c_detect	16	static
epl259x.c:4209:12:epl_sensor_i2c_remove	64	static
epl259x.c:3133:16:epl_sensor_store_debug_flag	64	static
epl259x.c:2937:16:epl_sensor_store_c_gain	64	static
epl259x.c:2924:16:epl_sensor_store_dyn_max_ir_data	64	static
epl259x.c:2912:16:epl_sensor_store_dyn_offset	64	static
epl259x.c:2846:16:epl_sensor_store_als_lux_per_count	48	static
epl259x.c:2973:16:epl_sensor_show_renvo	32	static
epl259x.c:2462:16:epl_sensor_show_status	80	static
epl259x.c:2419:16:epl_sensor_show_reg	64	static
epl259x.c:519:13:set_als_ps_intr_type.isra.4	0	static
epl259x.c:4383:20:epl_sensor_exit	16	static
epl259x.c:3558:12:epl_sensor_i2c_resume	32	static
epl259x.c:3543:12:epl_sensor_i2c_suspend	32	static
epl259x.c:3915:12:als_intr_update_table.isra.9	64	static
epl259x.c:2730:16:epl_sensor_store_als_report_type	64	static
epl259x.c:440:12:epl_sensor_I2C_Write_Cmd	80	static
epl259x.c:469:12:epl_sensor_I2C_Write	16	static
epl259x.c:2950:16:epl_sensor_store_reg_write	64	static
epl259x.c:476:12:epl_sensor_I2C_Read	96	static
epl259x.c:3273:12:epl_sensor_open	32	static
epl259x.c:712:12:write_factory_calibration.isra.17	64	static
epl259x.c:2824:16:epl_sensor_store_ps_w_calfile	96	static
epl259x.c:2600:16:epl_sensor_show_threshold	48	static
epl259x.c:408:12:epl_sensor_I2C_Write_Block.constprop	32	static
epl259x.c:1265:12:set_lsensor_intr_threshold	96	static
epl259x.c:1247:12:set_psensor_intr_threshold	96	static
epl259x.c:2577:16:epl_sensor_store_threshold	64	static
epl259x.c:4331:12:alsps_remove	48	static
epl259x.c:4308:12:alsps_local_init	32	static
epl259x.c:1039:6:raw_convert_to_lux	64	static
epl259x.c:1306:5:hw8k_init_device	32	static
epl259x.c:1315:5:epl_sensor_get_addr	0	static
epl259x.c:1548:5:epl_sensor_read_als	80	static
epl259x.c:1588:5:epl_sensor_read_ps	80	static
epl259x.c:1840:6:epl_sensor_dynk_thd_polling_work	48	static
epl259x.c:1667:5:factory_ps_data	32	static
epl259x.c:2887:16:epl_sensor_show_pdata	48	static
epl259x.c:2874:16:epl_sensor_show_ps_run_cali	96	static
epl259x.c:1833:6:epl_sensor_restart_dynk_polling	32	static
epl259x.c:2005:6:epl_sensor_fast_update	48	static
epl259x.c:1085:12:epl_sensor_get_als_value	96	static
epl259x.c:1692:5:factory_als_data	48	static
epl259x.c:2899:16:epl_sensor_show_als_data	48	static
epl259x.c:2550:16:epl_sensor_show_cal_raw	48	static
epl259x.c:3674:12:als_get_data	64	static
epl259x.c:2237:13:epl_sensor_eint_work	80	static
epl259x.c:2074:6:epl_sensor_update_mode	128	static
epl259x.c:1727:6:epl_sensor_enable_ps	48	static
epl259x.c:2537:16:epl_sensor_store_ps_enable	64	static
epl259x.c:3708:12:ps_enable_nodata	32	static
epl259x.c:1801:6:epl_sensor_enable_als	48	static
epl259x.c:3297:13:epl_sensor_unlocked_ioctl	96	static
epl259x.c:2525:16:epl_sensor_store_als_enable	64	static
epl259x.c:3653:12:als_enable_nodata	32	static
epl259x.c:2701:16:epl_sensor_store_cycle	64	static
epl259x.c:2674:16:epl_sensor_store_gain	64	static
epl259x.c:2619:16:epl_sensor_store_integration	80	static
epl259x.c:2745:16:epl_sensor_store_ps_polling_mode	48	static
epl259x.c:2784:16:epl_sensor_store_als_polling_mode	48	static
epl259x.c:2294:5:epl_sensor_setup_eint	80	static
epl259x.c:3953:12:epl_sensor_i2c_probe	240	static
