mtk_wdt.c:899:20:mtk_wdt_exit	0	static
mtk_wdt.c:878:19:mtk_wdt_init	32	static
mtk_wdt.c:764:12:mtk_wdt_remove	16	static
mtk_wdt.c:606:20:mtk_wdt_isr	96	static
mtk_wdt.c:519:6:mtk_wdt_cpu_callback	16	static
mtk_wdt.c:903:19:mtk_wdt_get_base_addr	32	static
mtk_wdt.c:97:6:mtk_wdt_set_time_out_value	48	static
mtk_wdt.c:125:6:mtk_wdt_mode_config	80	static
mtk_wdt.c:192:5:mtk_wdt_enable	48	static
mtk_wdt.c:236:6:mtk_wdt_confirm_hwreboot	16	static
mtk_wdt.c:245:6:mtk_wdt_restart	48	static
mtk_wdt.c:774:13:mtk_wdt_shutdown	32	static
mtk_wdt.c:636:12:mtk_wdt_probe	48	static
mtk_wdt.c:282:6:wdt_dump_reg	32	static
mtk_wdt.c:300:6:aee_wdt_dump_reg	0	static
mtk_wdt.c:319:6:wdt_arch_reset	48	static
mtk_wdt.c:370:5:mtk_rgu_dram_reserved	32	static
mtk_wdt.c:392:5:mtk_wdt_swsysret_config	64	static
mtk_wdt.c:422:5:mtk_wdt_request_en_set	64	static
mtk_wdt.c:454:5:mtk_wdt_request_mode_set	48	static
mtk_wdt.c:490:6:mtk_wdt_set_c2k_sysrst	48	static
mtk_wdt.c:787:6:mtk_wd_suspend	16	static
mtk_wdt.c:799:6:mtk_wd_resume	32	static
