musb_core.c:328:5:musb_get_id	48	static
musb_core.c:349:6:musb_put_id	32	static
musb_core.c:670:6:musb_hnp_stop	64	static
musb_core.c:580:13:musb_otg_timer_func	64	static
musb_core.c:1580:12:fifo_setup_for_host	128	static
musb_core.c:1965:6:musb_dma_completion	80	static
musb_core.c:1866:13:musb_interrupt	128	static
musb_core.c:2652:12:musb_resume_noirq	144	static
musb_core.c:2628:12:musb_suspend_noirq	144	static
musb_core.c:2187:13:musb_free	32	static
musb_core.c:2122:13:musb_irq_work	16	static
musb_core.c:2706:20:musb_cleanup	16	static
musb_core.c:2747:12:set_musb_force_on	48	static
musb_core.c:1458:12:fifo_setup.isra.14	80	static
musb_core.c:1748:12:musb_core_init	304	static
musb_core.c:2696:19:musb_init	16	static
musb_core.c:2713:12:set_option	48	static
musb_core.c:292:6:dumpTime	0	static
musb_core.c:453:6:musb_write_fifo	96	static
musb_core.c:500:6:musb_read_fifo	96	static
musb_core.c:566:6:musb_load_testpacket	64	static
musb_core.c:1345:6:musb_generic_disable	64	static
musb_core.c:1257:6:musb_start	112	static
musb_core.c:1422:13:musb_shutdown	64	static
musb_core.c:2503:12:musb_remove	48	static
musb_core.c:2450:12:musb_probe	112	static
musb_core.c:1403:6:musb_stop	64	static
musb_core.c:1647:5:ep_config_from_table_for_host	128	static
