musb_host.c:2771:12:musb_h_start	0	static
musb_host.c:2822:12:musb_bus_resume	0	static
musb_host.c:2764:12:musb_h_get_frame_number	48	static
musb_host.c:433:13:musb_giveback	80	static
musb_host.c:225:13:musb_h_tx_flush_fifo	112	static
musb_host.c:248:13:musb_h_ep0_flush_fifo	96	static
musb_host.c:2783:13:musb_h_stop	32	static
musb_host.c:2790:12:musb_bus_suspend	48	static
musb_host.c:106:5:musb_host_alloc_ep_fifo	176	static
musb_host.c:173:6:musb_host_free_ep_fifo	144	static
musb_host.c:304:6:musb_ep_set_qh	0	static
musb_host.c:316:17:musb_ep_get_qh	0	static
musb_host.c:640:5:musb_h_flush_rxfifo	64	static
musb_host.c:330:13:musb_start_urb	288	static
musb_host.c:518:6:musb_advance_schedule	128	static
musb_host.c:1232:13:musb_bulk_nak_timeout	96	static
musb_host.c:2316:12:musb_urb_enqueue	112	static
musb_host.c:660:13:musb_host_packet_rx	144	static
musb_host.c:2533:12:musb_cleanup_urb.isra.5	96	static
musb_host.c:2665:13:musb_h_disable	80	static
musb_host.c:2601:12:musb_urb_dequeue	80	static
musb_host.c:1369:13:musb_h_ep0_irq	144	static
musb_host.c:1502:6:musb_host_tx	144	static
musb_host.c:1779:6:musb_host_rx	176	static
musb_host.c:2746:6:musb_h_pre_disable	48	static
