modem_cldma.c:1736:5:md_cd_op_is_epon_set	0	static
modem_cldma.c:2425:12:md_cd_write_room	0	static
modem_cldma.c:3612:16:md_cd_parameter_store	0	static
modem_cldma_events.h:210:1:ftrace_define_fields_ccci_skb_rx	16	static
modem_cldma_events.h:91:1:perf_trace_cldma_irq	368	static
modem_cldma_events.h:101:1:perf_trace_cldma_rx	416	static
modem_cldma_events.h:125:1:perf_trace_cldma_rx_done	416	static
modem_cldma_events.h:151:1:perf_trace_cldma_tx	416	static
modem_cldma_events.h:179:1:perf_trace_cldma_tx_done	384	static
modem_cldma_events.h:195:1:perf_trace_cldma_error	384	static
modem_cldma_events.h:91:1:ftrace_raw_event_cldma_irq	96	static
modem_cldma_events.h:101:1:ftrace_raw_event_cldma_rx	144	static
modem_cldma_events.h:125:1:ftrace_raw_event_cldma_rx_done	144	static
modem_cldma_events.h:151:1:ftrace_raw_event_cldma_tx	144	static
modem_cldma_events.h:179:1:ftrace_raw_event_cldma_tx_done	112	static
modem_cldma_events.h:195:1:ftrace_raw_event_cldma_error	112	static
modem_cldma_events.h:91:1:ftrace_raw_output_cldma_irq	32	static
modem_cldma_events.h:101:1:ftrace_raw_output_cldma_rx	48	static
modem_cldma_events.h:125:1:ftrace_raw_output_cldma_rx_done	48	static
modem_cldma_events.h:151:1:ftrace_raw_output_cldma_tx	48	static
modem_cldma_events.h:179:1:ftrace_raw_output_cldma_tx_done	32	static
modem_cldma_events.h:195:1:ftrace_raw_output_cldma_error	32	static
modem_cldma_events.h:210:1:ftrace_raw_output_ccci_skb_rx	48	static
modem_cldma_events.h:210:1:perf_trace_ccci_skb_rx	352	static
modem_cldma_events.h:210:1:ftrace_raw_event_ccci_skb_rx	96	static
modem_cldma.c:1012:13:cldma_queue_switch_ring	16	static
modem_cldma.c:249:13:cldma_dump_gpd_queue	128	static
modem_cldma.c:2020:12:md_cd_init	32	static
modem_cldma.c:294:6:md_cd_traffic_monitor_func	368	static
modem_cldma.c:1784:6:md_cd_hs1_polling_timer_func	32	static
modem_cldma.c:3917:19:modem_cd_init	32	static
modem_cldma.c:3600:16:md_cd_parameter_show	32	static
modem_cldma.c:1795:12:md_cd_ccif_send	48	static
modem_cldma.c:3374:12:md_cd_send_ccb_tx_notify	32	static
modem_cldma.c:3193:12:md_cd_force_assert	32	static
modem_cldma.c:699:13:cldma_rx_done	64	static
modem_cldma.c:1110:13:cldma_rx_worker_start	32	static
modem_cldma.c:1122:13:cldma_irq_work_cb	192	static
modem_cldma.c:1253:13:cldma_irq_work	16	static
modem_cldma.c:1235:20:cldma_isr	32	static
modem_cldma.c:2739:13:md_cldma_rxq0_tasklet	48	static
modem_cldma.c:1883:13:polling_ready	48	static
modem_cldma.c:1615:12:md_cd_stop_queue	128	static
modem_cldma.c:1647:12:md_cd_start_queue	80	static
modem_cldma.c:2724:12:md_cd_give_more	64	static
modem_cldma.c:1542:13:md_cd_clear_all_queue	112	static
modem_cldma.c:2039:12:md_cd_set_dsp_mpu	16	static
modem_cldma.c:387:13:cldma_dump_queue_history	64	static
modem_cldma.c:3253:12:md_cd_dump_info	208	static
modem_cldma.c:3441:16:md_cd_control_show	16	static
modem_cldma.c:3411:16:md_cd_dump_show	16	static
modem_cldma.c:2997:12:md_cd_send_runtime_data	208	static
modem_cldma.c:2762:12:md_cd_napi_poll	96	static
modem_cldma.c:857:13:cldma_tx_done	96	static
modem_cldma.c:2307:12:md_cd_soft_stop	16	static
modem_cldma.c:2302:12:md_cd_soft_start	16	static
modem_cldma.c:2499:12:cldma_gpd_handle_tx_request	112	static
modem_cldma.c:2435:12:cldma_gpd_bd_handle_tx_request	160	static
modem_cldma.c:439:12:cldma_gpd_rx_collect	256	static
modem_cldma.c:661:12:cldma_net_rx_push_thread	144	static
modem_cldma.c:950:13:cldma_tx_ring_init	240	static
modem_cldma.c:916:13:cldma_rx_ring_init	160	static
modem_cldma.c:3419:16:md_cd_dump_store	48	static
modem_cldma.c:3723:12:ccci_modem_probe	112	static
modem_cldma_events.h:91:1:ftrace_define_fields_cldma_irq	32	static
modem_cldma_events.h:101:1:ftrace_define_fields_cldma_rx	32	static
modem_cldma_events.h:125:1:ftrace_define_fields_cldma_rx_done	32	static
modem_cldma_events.h:151:1:ftrace_define_fields_cldma_tx	32	static
modem_cldma_events.h:179:1:ftrace_define_fields_cldma_tx_done	32	static
modem_cldma_events.h:195:1:ftrace_define_fields_cldma_error	32	static
modem_cldma.c:1992:12:md_cd_broadcast_state	48	static
modem_cldma.c:2538:12:md_cd_send_skb	256	static
modem_cldma.c:780:12:cldma_gpd_tx_collect	144	static
modem_cldma.c:715:12:cldma_gpd_bd_tx_collect	144	static
modem_cldma.c:121:6:dbgcontrol_assert_modem	16	static
modem_cldma.c:1089:6:cldma_enable_irq	16	static
modem_cldma.c:1095:6:cldma_disable_irq	16	static
modem_cldma.c:1101:6:cldma_disable_irq_nosync	16	static
modem_cldma.c:1261:13:dump_emi_latency	16	static
modem_cldma.c:1842:13:md_cd_exception	128	static
modem_cldma.c:1904:13:md_cd_ccif_work	32	static
modem_cldma.c:1692:6:ccif_enable_irq	32	static
modem_cldma.c:1702:6:ccif_disable_irq	32	static
modem_cldma.c:2385:12:md_cd_stop	144	static
modem_cldma.c:1923:20:md_cd_ccif_isr	48	static
modem_cldma.c:1712:6:wdt_enable_irq	32	static
modem_cldma.c:2045:12:md_cd_start	176	static
modem_cldma.c:1722:6:wdt_disable_irq	32	static
modem_cldma.c:3365:12:md_cd_ee_callback	48	static
modem_cldma.c:2312:12:md_cd_pre_stop	48	static
modem_cldma.c:1749:20:md_cd_wdt_isr	32	static
modem_cldma.c:3449:16:md_cd_control_store	160	static
