main.c:90:14:pm_verb	0	static
main.c:276:22:pm_op	0	static
main.c:310:22:pm_late_early_op	0	static
main.c:345:22:pm_noirq_op	0	static
main.c:644:13:is_async	0	static
main.c:1143:21:resume_event	0	static
main.c:418:6:dpm_log_wakeup_stats	128	static
main.c:251:13:dpm_wait	16	static
main.c:260:12:dpm_wait_fn	16	static
main.c:1858:5:device_pm_wait_for_dev	16	static
main.c:371:13:pm_dev_dbg	64	static
main.c:1091:6:dpm_complete	160	static
main.c:378:13:pm_dev_err	48	static
main.c:1846:6:__suspend_report_result	16	static
main.c:965:13:dpm_drv_timeout	32	static
main.c:1785:5:dpm_prepare	128	static
main.c:403:6:dpm_log_start_time	16	static
main.c:501:12:dpm_run_callback	64	static
main.c:599:12:device_resume_noirq	48	static
main.c:650:13:async_resume_noirq	32	static
main.c:728:12:device_resume_early	48	static
main.c:775:13:async_resume_early	32	static
main.c:856:12:device_resume	64	static
main.c:945:13:async_resume	32	static
main.c:1306:12:__device_suspend_late	80	static
main.c:1357:13:async_suspend_late	64	static
main.c:1166:12:__device_suspend_noirq	80	static
main.c:1215:13:async_suspend_noirq	64	static
main.c:1462:12:legacy_suspend	64	static
main.c:1487:12:__device_suspend	416	static
main.c:1653:5:dpm_suspend	112	static
main.c:1832:5:dpm_suspend_start	32	static
main.c:1621:13:async_suspend	64	static
main.c:987:6:dpm_resume	112	static
main.c:1126:6:dpm_resume_end	32	static
main.c:118:6:device_pm_sleep_init	32	static
main.c:133:6:device_pm_lock	16	static
main.c:141:6:device_pm_unlock	16	static
main.c:1873:6:dpm_for_each_dev	48	static
main.c:150:6:device_pm_add	32	static
main.c:166:6:device_pm_remove	32	static
main.c:183:6:device_pm_move_before	32	static
main.c:197:6:device_pm_move_after	32	static
main.c:210:6:device_pm_move_last	32	static
main.c:669:6:dpm_resume_noirq	112	static
main.c:791:6:dpm_resume_early	112	static
main.c:843:6:dpm_resume_start	32	static
main.c:1248:5:dpm_suspend_noirq	112	static
main.c:1387:5:dpm_suspend_late	112	static
main.c:1439:5:dpm_suspend_end	48	static
