mt_freqhopping.c:369:21:__freq_to_index	0	static
mt_freqhopping.c:1043:12:fh_dramc_proc_read	0	static
mt_freqhopping.c:1048:12:fh_dramc_proc_write	0	static
mt_freqhopping.c:1159:13:__reg_tbl_init	336	static
mt_freqhopping.c:1320:12:mt_fh_hal_get_init	0	static
mt_freqhopping.c:1325:12:mt_fh_hal_is_support_DFS_mode	0	static
mt_freqhopping.c:1054:12:fh_dvfs_proc_read	48	static
mt_freqhopping.c:1098:12:fh_dumpregs_proc_read	112	static
mt_freqhopping.c:961:12:mt_fh_hal_get_dramc	16	static
mt_freqhopping.c:955:12:mt_fh_hal_dram_overclock	16	static
mt_freqhopping.c:949:12:mt_fh_hal_h2l_dvfs_mempll	16	static
mt_freqhopping.c:943:12:mt_fh_hal_l2h_dvfs_mempll	16	static
mt_freqhopping.c:288:13:fh_sync_ncpo_to_fhctl_dds	16	static
mt_freqhopping.c:262:13:fh_switch2fhctl	32	static
mt_freqhopping.c:308:13:__enable_ssc	96	static
mt_freqhopping.c:248:13:mt_fh_hal_default_conf	16	static
mt_freqhopping.c:1310:13:mt_fh_hal_lock	32	static
mt_freqhopping.c:1315:13:mt_fh_hal_unlock	16	static
mt_freqhopping.c:348:13:__disable_ssc.isra.1	48	static
mt_freqhopping.c:386:12:__freqhopping_ctrl	64	static
mt_freqhopping.c:1005:13:mt_fh_hal_popod_restore	80	static
mt_freqhopping.c:1268:13:mt_fh_hal_init	96	static
mt_freqhopping.c:459:13:wait_dds_stable.constprop	48	static
mt_freqhopping.c:967:13:mt_fh_hal_popod_save	64	static
mt_freqhopping.c:487:12:DFS_APDMA_END	0	static
mt_freqhopping.c:492:12:DFS_APDMA_Enable	0	static
mt_freqhopping.c:497:13:DFS_APDMA_dummy_read_preinit	0	static
mt_freqhopping.c:501:13:DFS_APDMA_dummy_read_deinit	0	static
mt_freqhopping.c:549:12:mt_fh_hal_dvfs	96	static
mt_freqhopping.c:1405:13:__ioctl	112	static
mt_freqhopping.c:879:12:mt_fh_hal_dfs_mempll	128	static
mt_freqhopping.c:1069:12:fh_dvfs_proc_write	32	static
mt_freqhopping.c:809:12:mt_fh_hal_dfs_vencpll	128	static
mt_freqhopping.c:741:12:mt_fh_hal_dfs_mmpll	128	static
mt_freqhopping.c:664:12:mt_fh_hal_dfs_armpll	128	static
mt_freqhopping.c:1470:26:mt_get_fh_hal_drv	0	static
