wlan_p2p.c:78:1:wlanoidSendSetQueryP2PCmd	112	static
wlan_p2p.c:163:1:wlanoidSetAddP2PKey	160	static
wlan_p2p.c:262:1:wlanoidSetRemoveP2PKey	160	static
wlan_p2p.c:335:1:wlanoidSetP2pNetworkAddress	112	static
wlan_p2p.c:431:1:wlanoidQueryP2pPowerSaveProfile	48	static
wlan_p2p.c:467:1:wlanoidSetP2pPowerSaveProfile	48	static
wlan_p2p.c:528:1:wlanoidSetP2pSetNetworkAddress	144	static
wlan_p2p.c:646:1:wlanoidSetP2PMulticastList	304	static
wlan_p2p.c:716:1:wlanoidSendP2PSDRequest	48	static
wlan_p2p.c:755:1:wlanoidSendP2PSDResponse	48	static
wlan_p2p.c:795:1:wlanoidGetP2PSDRequest	48	static
wlan_p2p.c:882:1:wlanoidGetP2PSDResponse	48	static
wlan_p2p.c:969:1:wlanoidSetP2PTerminateSDPhase	48	static
wlan_p2p.c:1022:1:wlanoidSetSecCheckRequest	80	static
wlan_p2p.c:1062:1:wlanoidGetSecCheckResponse	48	static
wlan_p2p.c:1093:1:wlanoidSetNoaParam	96	static
wlan_p2p.c:1145:1:wlanoidSetOppPsParam	96	static
wlan_p2p.c:1195:1:wlanoidSetUApsdParam	96	static
wlan_p2p.c:1266:1:wlanoidQueryP2pOpChannel	0	static
wlan_p2p.c:1305:1:wlanoidQueryP2pVersion	0	static
wlan_p2p.c:1330:1:wlanoidSetP2pSupplicantVersion	0	static
wlan_p2p.c:1380:1:wlanoidSetP2pWPSmode	48	static
