wlan_oid.c:97:1:wlanoidQueryNetworkTypesSupported	80	static
wlan_oid.c:161:1:wlanoidQueryNetworkTypeInUse	48	static
wlan_oid.c:212:1:wlanoidSetNetworkTypeInUse	64	static
wlan_oid.c:290:1:wlanoidQueryBssid	64	static
wlan_oid.c:346:1:wlanoidQueryBssidList	80	static
wlan_oid.c:447:1:wlanoidSetBssidListScan	128	static
wlan_oid.c:518:9:wlanoidGetChannelInfo	128	static
wlan_oid.c:612:1:wlanoidSetBssidListScanExt	80	static
wlan_oid.c:762:13:wlanoidSetBssidListScanAdv	464	static
wlan_oid.c:866:1:wlanoidSetBssid	64	static
wlan_oid.c:953:1:wlanoidSetConnect	128	static
wlan_oid.c:1129:1:wlanoidSetSsid	64	static
wlan_oid.c:1273:1:wlanoidQuerySsid	48	static
wlan_oid.c:1332:1:wlanoidQueryInfrastructureMode	48	static
wlan_oid.c:1480:1:wlanoidQueryAuthMode	48	static
wlan_oid.c:1560:1:wlanoidSetAuthMode	80	static
wlan_oid.c:1861:1:wlanoidSetReloadDefaults	80	static
wlan_oid.c:2183:1:_wlanoidSetAddKey	96	static
wlan_oid.c:2382:1:wlanoidSetAddKey	64	static
wlan_oid.c:1994:1:wlanoidSetAddWep	64	static
wlan_oid.c:2470:1:wlanoidSetRemoveKey	64	static
wlan_oid.c:2107:1:wlanoidSetRemoveWep	80	static
wlan_oid.c:2599:1:wlanoidQueryEncryptionStatus	48	static
wlan_oid.c:2676:1:wlanoidSetEncryptionStatus	48	static
wlan_oid.c:2766:1:wlanoidSetTest	64	static
wlan_oid.c:2838:1:wlanoidQueryCapability	48	static
wlan_oid.c:2931:1:wlanoidQueryPmkid	48	static
wlan_oid.c:2987:1:wlanoidSetPmkid	144	static
wlan_oid.c:3105:1:wlanoidQuerySupportedRates	48	static
wlan_oid.c:3157:1:wlanoidQueryDesiredRates	48	static
wlan_oid.c:3258:1:wlanoidQueryMaxFrameSize	48	static
wlan_oid.c:3298:1:wlanoidQueryMaxTotalSize	48	static
wlan_oid.c:3337:1:wlanoidQueryVendorId	48	static
wlan_oid.c:3504:1:wlanoidQueryRssiTrigger	48	static
wlan_oid.c:3548:1:wlanoidSetRssiTrigger	48	static
wlan_oid.c:3602:1:wlanoidSetCurrentLookahead	48	static
wlan_oid.c:4000:1:wlanoidQueryMediaStreamMode	48	static
wlan_oid.c:4092:1:wlanoidQueryPermanentAddr	48	static
wlan_oid.c:5466:1:wlanoidQueryOidInterfaceVersion	48	static
wlan_oid.c:5502:1:wlanoidQueryMulticastList	0	static
wlan_oid.c:5729:1:wlanoidQueryCurrentPacketFilter	48	static
wlan_oid.c:5763:1:wlanoidQueryAcpiDevicePowerState	48	static
wlan_oid.c:5822:1:wlanoidSetAcpiDevicePowerState	48	static
wlan_oid.c:5881:1:wlanoidQueryFragThreshold	48	static
wlan_oid.c:5923:1:wlanoidSetFragThreshold	0	static
wlan_oid.c:5955:1:wlanoidQueryRtsThreshold	48	static
wlan_oid.c:5996:1:wlanoidSetRtsThreshold	48	static
wlan_oid.c:6034:1:wlanoidSetDisassociate	48	static
wlan_oid.c:6098:1:wlanoidQuery802dot11PowerSaveProfile	48	static
wlan_oid.c:6142:1:wlanoidSet802dot11PowerSaveProfile	48	static
wlan_oid.c:6220:1:wlanoidQueryAdHocMode	0	static
wlan_oid.c:6244:1:wlanoidSetAdHocMode	0	static
wlan_oid.c:6268:1:wlanoidQueryFrequency	48	static
wlan_oid.c:6314:1:wlanoidSetFrequency	48	static
wlan_oid.c:6357:1:wlanoidSetChannel	16	static
wlan_oid.c:6382:1:wlanoidQueryBeaconInterval	48	static
wlan_oid.c:6429:1:wlanoidSetBeaconInterval	48	static
wlan_oid.c:6476:1:wlanoidQueryAtimWindow	48	static
wlan_oid.c:6518:1:wlanoidSetAtimWindow	48	static
wlan_oid.c:6560:1:wlanoidSetCurrentAddr	16	static
wlan_oid.c:6995:13:rftestSetATInfo	80	static
wlan_oid.c:6970:1:wlanoidRftestSetAutoTest	48	static
wlan_oid.c:7052:1:rftestQueryATInfo	96	static
wlan_oid.c:6926:1:wlanoidRftestQueryAutoTest	48	static
wlan_oid.c:7173:1:wlanSendSetQueryCmd	112	static
wlan_oid.c:1390:1:wlanoidSetInfrastructureMode	96	static
wlan_oid.c:3200:1:wlanoidSetDesiredRates	80	static
wlan_oid.c:3368:1:wlanoidRssiMonitor	96	static
wlan_oid.c:3433:1:wlanoidQueryRssi	96	static
wlan_oid.c:3640:1:wlanoidQueryRcvError	96	static
wlan_oid.c:3705:1:wlanoidQueryRcvNoBuffer	96	static
wlan_oid.c:3769:1:wlanoidQueryRcvCrcError	96	static
wlan_oid.c:3831:1:wlanoidQueryStatisticsPL	96	static
wlan_oid.c:3915:1:wlanoidQueryStatistics	96	static
wlan_oid.c:4040:1:wlanoidSetMediaStreamMode	80	static
wlan_oid.c:4129:1:wlanoidQueryCurrentAddr	96	static
wlan_oid.c:4177:1:wlanoidQueryLinkSpeed	80	static
wlan_oid.c:4227:1:wlanoidQueryMcrRead	112	static
wlan_oid.c:4300:1:wlanoidSetMcrWrite	112	static
wlan_oid.c:4588:1:wlanoidQuerySwCtrlRead	352	static
wlan_oid.c:4677:1:wlanoidSetSwCtrlWrite	368	static
wlan_oid.c:4972:1:wlanoidQueryEepromRead	96	static
wlan_oid.c:5024:1:wlanoidSetEepromWrite	96	static
wlan_oid.c:5080:1:wlanoidQueryXmitOk	96	static
wlan_oid.c:5144:1:wlanoidQueryRcvOk	96	static
wlan_oid.c:5208:1:wlanoidQueryXmitError	96	static
wlan_oid.c:5272:1:wlanoidQueryXmitOneCollision	96	static
wlan_oid.c:5340:1:wlanoidQueryXmitMoreCollisions	96	static
wlan_oid.c:5403:1:wlanoidQueryXmitMaxCollisions	96	static
wlan_oid.c:5542:1:wlanoidSetMulticastList	288	static
wlan_oid.c:5684:13:wlanoidSetPacketFilter	96	static
wlan_oid.c:5615:1:wlanoidSetCurrentPacketFilter	64	static
wlan_oid.c:6587:1:wlanoidSetCSUMOffload	96	static
wlan_oid.c:6664:1:wlanoidSetNetworkAddress	144	static
wlan_oid.c:6804:1:wlanoidRftestSetTestMode	96	static
wlan_oid.c:6865:1:wlanoidRftestSetAbortTestMode	96	static
wlan_oid.c:7137:13:rftestSetFrequency	80	static
wlan_oid.c:7254:1:wlanoidSetWapiMode	48	static
wlan_oid.c:7342:1:wlanoidSetWapiAssocInfo	80	static
wlan_oid.c:7470:1:wlanoidSetWapiKey	80	static
wlan_oid.c:7633:1:wlanoidSetWSCAssocInfo	64	static
wlan_oid.c:7787:1:wlanoidSetWiFiWmmPsTest	96	static
wlan_oid.c:7849:1:wlanoidSetTxAmpdu	96	static
wlan_oid.c:7893:1:wlanoidSetAddbaReject	96	static
wlan_oid.c:8280:1:wlanoidQueryNvramRead	64	static
wlan_oid.c:8343:1:wlanoidSetNvramWrite	64	static
wlan_oid.c:8395:1:wlanoidQueryCfgSrcType	48	static
wlan_oid.c:8427:1:wlanoidQueryEepromType	48	static
wlan_oid.c:8463:1:wlanoidSetCountryCode	48	static
wlan_oid.c:8653:1:wlanoidSetPassiveScan	48	static
wlan_oid.c:8694:1:wlanoidSetBT	80	static
wlan_oid.c:8751:1:wlanoidQueryBT	48	static
wlan_oid.c:8936:1:wlanoidSetRxPacketFilterPriv	80	static
wlan_oid.c:8987:1:wlanoidSetTxPower	80	static
wlan_oid.c:9036:13:wlanSendMemDumpCmd	96	static
wlan_oid.c:9112:1:wlanoidQueryMemDump	64	static
wlan_oid.c:9156:1:wlanoidSetP2pMode	64	static
wlan_oid.c:9239:1:wlanoidQueryBuildDateCode	96	static
wlan_oid.c:9288:1:wlanoidQueryBSSInfo	96	static
wlan_oid.c:9629:1:wlanoidSetStartSchedScan	64	static
wlan_oid.c:9701:1:wlanoidSetStopSchedScan	32	static
wlan_oid.c:9735:1:wlanoidSetGSCNAction	32	static
wlan_oid.c:9801:1:wlanoidSetGSCNParam	32	static
wlan_oid.c:9860:1:wlanoidSetGSCNConfig	48	static
wlan_oid.c:9923:1:wlanoidGetGSCNResult	32	static
wlan_oid.c:9986:1:wlanoidSetHS20Info	64	static
wlan_oid.c:10037:1:wlanoidSetInterworkingInfo	0	static
wlan_oid.c:10089:1:wlanoidSetRoamingConsortiumIEInfo	0	static
wlan_oid.c:10138:1:wlanoidSetHS20BssidPool	48	static
wlan_oid.c:10226:1:wlanoidSetChipConfig	432	static
wlan_oid.c:10276:1:wlanoidSetWfdDebugMode	64	static
wlan_oid.c:10371:1:wlanoidNotifyFwSuspend	64	static
wlan_oid.c:10395:1:wlanoidDisableTdlsPs	80	static
wlan_oid.c:10421:1:wlanoidPacketKeepAlive	80	static
wlan_oid.c:10482:1:wlanoidQueryLteSafeChannel	96	static
wlan_oid.c:10533:13:wlanoidQueryCfgRead	384	static
wlan_oid.c:10569:1:wlanoidSetDrvRoamingPolicy	64	static
