debug.c:150:6:wlanPktDebugTraceInfo	96	static
debug.c:133:6:wlanPktDebugTraceInfoARP	16	static
debug.c:141:6:wlanPktDebugTraceInfoIP	16	static
debug.c:205:6:wlanPktDebugDumpInfo	304	static
debug.c:268:6:wlanDebugInit	48	static
debug.c:309:6:wlanDebugUninit	32	static
debug.c:344:6:wlanDebugScanTargetBSSRecord	80	static
debug.c:403:6:wlanDebugScanTargetBSSDump	336	static
debug.c:456:6:wlanDebugHifDescriptorRecord	64	static
debug.c:512:6:wlanDebugHifDescriptorPrint	128	static
debug.c:570:6:wlanDebugHifDescriptorDump	48	static
debug.c:605:6:wlanDebugScanRecord	32	static
debug.c:625:6:wlanDebugScanDump	48	static
debug.c:644:6:wlanReadFwStatus	64	static
debug.c:661:6:wlanTraceTxCmd	112	static
debug.c:703:6:wlanTraceReleaseTcRes	80	static
debug.c:715:6:wlanDumpTxReleaseCount	48	static
debug.c:723:6:wlanDumpTcResAndTxedCmd	128	static
debug.c:783:6:wlanDumpCommandFwStatus	80	static
debug.c:800:6:wlanFWDLDebugInit	32	static
debug.c:812:6:wlanFWDLDebugAddTxStartTime	0	static
debug.c:818:6:wlanFWDLDebugAddTxDoneTime	0	static
debug.c:824:6:wlanFWDLDebugAddRxStartTime	0	static
debug.c:830:6:wlanFWDLDebugAddRxDoneTime	0	static
debug.c:836:6:wlanFWDLDebugStartSectionPacketInfo	0	static
debug.c:847:6:wlanFWDLDebugDumpInfo	64	static
debug.c:863:6:wlanFWDLDebugUninit	32	static
