wlan_lib.c:3338:15:wlanChangeCodeWord	176	static
wlan_lib.c:2802:6:wlanSecurityFrameTxTimeout	32	static
wlan_lib.c:1273:6:wlanReleasePendingOid	64	static
wlan_lib.c:1464:6:wlanReturnIndicatedPacketsTimeOut	112	static
wlan_lib.c:2769:6:wlanSecurityFrameTxDone	48	static
wlan_lib.c:209:13:wlanAdapterCreate	32	static
wlan_lib.c:240:6:wlanAdapterDestroy	16	static
wlan_lib.c:917:6:wlanIST	32	static
wlan_lib.c:1109:13:wlanSendCommand	64	static
wlan_lib.c:1216:6:wlanReleaseCommand	48	static
wlan_lib.c:946:13:wlanProcessCommandQueue	144	static
wlan_lib.c:1345:6:wlanReleasePendingCMDbyNetwork	96	static
wlan_lib.c:1404:6:wlanReturnPacket	80	static
wlan_lib.c:1522:1:wlanQueryInformation	64	static
wlan_lib.c:1578:1:wlanSetInformation	64	static
wlan_lib.c:1629:9:wlanQueryWapiMode	32	static
wlan_lib.c:1647:6:wlanSetPromiscuousMode	16	static
wlan_lib.c:1664:6:wlanRxSetBroadcast	16	static
wlan_lib.c:1680:13:wlanSendNicPowerCtrlCmd	64	static
wlan_lib.c:791:13:wlanAdapterStop	80	static
wlan_lib.c:1776:9:wlanIsHandlerAllowedInRFTest	0	static
wlan_lib.c:2157:13:wlanImageSectionDownloadStatus	48	static
wlan_lib.c:2233:13:wlanConfigWifiFunc	48	static
wlan_lib.c:2365:9:wlanCRC32	0	static
wlan_lib.c:1949:1:wlanImageSectionDownload	80	static
wlan_lib.c:2386:13:wlanProcessQueuedSwRfb	48	static
wlan_lib.c:2451:13:wlanProcessQueuedMsduInfo	32	static
wlan_lib.c:2473:9:wlanoidTimeoutCheck	16	static
wlan_lib.c:2506:6:wlanoidClearTimeoutCheck	32	static
wlan_lib.c:2524:13:wlanUpdateNetworkAddress	96	static
wlan_lib.c:2648:9:wlanQueryTestMode	32	static
wlan_lib.c:2668:9:wlanProcessSecurityFrame	112	static
wlan_lib.c:2820:6:wlanClearScanningResult	80	static
wlan_lib.c:2883:6:wlanClearBssInScanningResult	112	static
wlan_lib.c:2998:13:wlanQueryPermanentAddress	80	static
wlan_lib.c:3079:13:wlanQueryNicCapability	96	static
wlan_lib.c:3198:13:wlanQueryDebugCode	32	static
wlan_lib.c:3253:13:wlanQueryCompileFlag	352	static
wlan_lib.c:3326:13:wlanQueryCompileFlags	32	static
wlan_lib.c:3588:23:getBandEdgeCert	32	static
wlan_lib.c:3624:13:wlanLoadManufactureData	144	static
wlan_lib.c:3840:9:wlanResetMediaStreamMode	32	static
wlan_lib.c:3862:13:wlanTimerTimeoutCheck	32	static
wlan_lib.c:3882:13:wlanProcessMboxMessage	32	static
wlan_lib.c:3907:13:wlanEnqueueTxPacket	64	static
wlan_lib.c:3952:13:wlanFlushTxPendingPackets	32	static
wlan_lib.c:4024:13:wlanAcquirePowerControl	32	static
wlan_lib.c:3969:13:wlanTxPendingPackets	64	static
wlan_lib.c:4047:13:wlanReleasePowerControl	32	static
wlan_lib.c:4067:9:wlanGetTxPendingFrameCount	32	static
wlan_lib.c:4091:19:wlanGetAcpiState	32	static
wlan_lib.c:4109:6:wlanSetAcpiState	32	static
wlan_lib.c:4128:8:wlanGetEcoVersion	32	static
wlan_lib.c:4148:6:wlanDefTxPowerCfg	32	static
wlan_lib.c:267:1:wlanAdapterStart	224	static
wlan_lib.c:4194:1:wlanSetPreferBandByNetwork	48	static
wlan_lib.c:4222:8:wlanGetChannelNumberByNetwork	32	static
wlan_lib.c:4245:14:wlanGetTargetBssDescByNetwork	32	static
wlan_lib.c:4276:13:wlanCheckSystemConfiguration	272	static
wlan_lib.c:4439:1:wlanoidQueryStaStatistics	160	static
wlan_lib.c:4611:20:wlanCfgGetEntry	64	static
wlan_lib.c:4639:13:wlanCfgGet	48	static
wlan_lib.c:4663:9:wlanCfgGetUint32	64	static
wlan_lib.c:4688:8:wlanCfgGetInt32	64	static
wlan_lib.c:4713:13:wlanCfgSet	80	static
wlan_lib.c:4788:1:wlanCfgSetCb	48	static
wlan_lib.c:4812:13:wlanCfgSetUint32	80	static
wlan_lib.c:4842:8:wlanCfgFindNextToken	0	static
wlan_lib.c:4960:13:wlanCfgParseArgument	80	static
wlan_lib.c:5000:1:wlanCfgParseAddEntry	112	static
wlan_lib.c:5057:13:wlanCfgParse	160	static
wlan_lib.c:5181:13:wlanCfgInit	64	static
wlan_lib.c:5233:6:wlanCfgApply	112	static
wlan_lib.c:5347:6:wlanReleasePendingCmdById	80	static
