nic.c:682:6:nicProcessAbnormalInterrupt	48	static
nic.c:109:6:HifDumpEnhanceModeData	16	static
nic.c:114:6:HifRegDump	80	static
nic.c:129:9:HifIsFwOwn	0	static
nic.c:241:6:nicReleaseAdapterMemory	32	static
nic.c:147:13:nicAllocateAdapterMemory	64	static
nic.c:294:6:nicDisableInterrupt	32	static
nic.c:312:6:nicEnableInterrupt	32	static
nic.c:353:6:nicSDIOInit	48	static
nic.c:395:6:nicSDIOReadIntStatus	48	static
nic.c:517:13:nicProcessIST_impl	80	static
nic.c:450:13:nicProcessIST	64	static
nic.c:560:9:nicVerifyChipID	48	static
nic.c:591:6:nicMCRInit	16	static
nic.c:599:6:nicHifInit	16	static
nic.c:621:13:nicInitializeAdapter	32	static
nic.c:702:6:nicProcessFwOwnBackInterrupt	0	static
nic.c:750:6:nicPutMailbox	48	static
nic.c:763:6:nicGetMailbox	48	static
nic.c:776:6:nicSetSwIntr	48	static
nic.c:799:14:nicGetPendingCmdInfo	64	static
nic.c:847:15:nicGetPendingTxMsduInfo	64	static
nic.c:884:15:nicGetPendingStaMMPDU	64	static
nic.c:928:6:nicFreePendingTxMsduInfoByNetwork	64	static
nic.c:987:8:nicIncreaseCmdSeqNum	48	static
nic.c:1014:8:nicIncreaseTxSeqNum	48	static
nic.c:1043:1:nicMediaStateChange	64	static
nic.c:1123:9:nicChannelNum2Freq	0	static
nic.c:1155:9:nicFreq2ChannelNum	0	static
nic.c:1291:13:nicActivateNetwork	80	static
nic.c:1326:13:nicDeactivateNetwork	96	static
nic.c:1366:13:nicUpdateBss	176	static
nic.c:1498:13:nicPmIndicateBssCreated	80	static
nic.c:1534:13:nicPmIndicateBssConnected	80	static
nic.c:1594:13:nicPmIndicateBssAbort	80	static
nic.c:1614:1:nicConfigPowerSaveProfile	80	static
nic.c:1646:13:nicEnterCtiaMode	384	static
nic.c:1788:1:nicUpdateBeaconIETemplate	112	static
nic.c:1880:6:nicSetAvailablePhyTypeSet	32	static
nic.c:1915:13:nicQmUpdateWmmParms	128	static
nic.c:1941:13:nicQmSetRxBASize	96	static
nic.c:1970:13:nicUpdateTxPower	64	static
nic.c:1993:13:nicSetAutoTxPower	64	static
nic.c:2019:13:nicSetAutoTxPowerControl	64	static
nic.c:2042:13:nicUpdate5GOffset	64	static
nic.c:2066:13:nicUpdateDPD	64	static
nic.c:2089:6:nicInitSystemService	32	static
nic.c:2116:6:nicResetSystemService	16	static
nic.c:2130:6:nicUninitSystemService	32	static
nic.c:2151:6:nicInitMGMT	32	static
nic.c:2192:6:nicUninitMGMT	32	static
nic.c:2521:6:nicFreeScanResultIE	80	static
nic.c:2319:1:nicAddScanResult	144	static
nic.c:2582:1:nicUpdateRateParams	80	static
nic.c:3092:13:nicWriteMcr	64	static
nic.c:3146:1:nicRlmArUpdateParms	80	static
nic.c:3257:13:nicRoamingUpdateParams	0	static
nic.c:3279:6:nicPrintFirmwareAssertInfo	32	static
nic.c:716:6:nicProcessSoftwareInterrupt	32	static
nic.c:3384:1:nicUpdateRSSI	48	static
nic.c:3438:6:nicUpdateLinkSpeed	48	static
nic.c:3327:1:nicUpdateLinkQuality	48	static
