nic_tx.c:139:13:nicTxAcquireResource	80	static
nic_tx.c:305:9:nicTxReleaseResource	64	static
nic_tx.c:236:13:nicTxPollingResource	112	static
nic_tx.c:362:13:nicTxResetResource	48	static
nic_tx.c:69:6:nicTxInitialize	80	static
nic_tx.c:410:8:nicTxGetResource	32	static
nic_tx.c:770:6:nicTxLifetimeRecordEn	32	static
nic_tx.c:898:1:nicTxLifetimeCheckByAC	16	static
nic_tx.c:927:1:nicTxLifetimeCheck	16	static
nic_tx.c:1219:13:nicTxCmd	112	static
nic_tx.c:1509:6:nicTxFreeMsduInfoPacket	64	static
nic_tx.c:1552:6:nicTxReturnMsduInfo	80	static
nic_tx.c:610:6:nicTxReturnMsduInfoProfiling	64	static
nic_tx.c:961:13:nicTxMsduQueue	160	static
nic_tx.c:437:13:nicTxMsduInfoList	128	static
nic_tx.c:1601:9:nicTxFillMsduInfo	80	static
nic_tx.c:1676:13:nicTxAdjustTcq	64	static
nic_tx.c:1455:6:nicProcessTxInterrupt	48	static
nic_tx.c:1712:13:nicTxFlush	64	static
nic_tx.c:1411:6:nicTxRelease	80	static
nic_tx.c:1749:13:nicTxInitCmd	80	static
nic_tx.c:1804:13:nicTxInitResetResource	32	static
nic_tx.c:1975:9:nicTxGetFreeCmdCount	32	static
nic_tx.c:1848:13:nicTxEnqueueMsdu	112	static
