nic_cmd_event.c:43:6:nicCmdEventQueryMcrRead	48	static
nic_cmd_event.c:72:6:nicCmdEventQuerySwCtrlRead	48	static
nic_cmd_event.c:101:6:nicCmdEventSetCommon	32	static
nic_cmd_event.c:114:6:nicCmdEventSetDisassociate	32	static
nic_cmd_event.c:133:6:nicCmdEventSetIpAddress	32	static
nic_cmd_event.c:154:6:nicCmdEventQueryRfTestATInfo	48	static
nic_cmd_event.c:181:6:nicCmdEventQueryLinkQuality	64	static
nic_cmd_event.c:227:6:nicCmdEventQueryLinkSpeed	48	static
nic_cmd_event.c:251:6:nicCmdEventQueryStatistics	48	static
nic_cmd_event.c:299:6:nicCmdEventEnterRfTest	80	static
nic_cmd_event.c:380:6:nicCmdEventLeaveRfTest	80	static
nic_cmd_event.c:453:6:nicCmdEventQueryAddress	64	static
nic_cmd_event.c:511:6:nicCmdEventQueryMcastAddr	48	static
nic_cmd_event.c:541:6:nicCmdEventQueryEepromRead	48	static
nic_cmd_event.c:570:6:nicCmdEventSetMediaStreamMode	64	static
nic_cmd_event.c:592:6:nicCmdEventSetStopSchedScan	32	static
nic_cmd_event.c:615:6:nicCmdEventQueryXmitOk	48	static
nic_cmd_event.c:647:6:nicCmdEventQueryRecvOk	48	static
nic_cmd_event.c:679:6:nicCmdEventQueryXmitError	48	static
nic_cmd_event.c:711:6:nicCmdEventQueryRecvError	48	static
nic_cmd_event.c:745:6:nicCmdEventQueryRecvNoBuffer	32	static
nic_cmd_event.c:777:6:nicCmdEventQueryRecvCrcError	48	static
nic_cmd_event.c:809:6:nicCmdEventQueryRecvErrorAlignment	32	static
nic_cmd_event.c:841:6:nicCmdEventQueryXmitOneCollision	48	static
nic_cmd_event.c:877:6:nicCmdEventQueryXmitMoreCollisions	48	static
nic_cmd_event.c:909:6:nicCmdEventQueryXmitMaxCollisions	48	static
nic_cmd_event.c:952:6:nicOidCmdTimeoutCommon	32	static
nic_cmd_event.c:968:6:nicCmdTimeoutCommon	16	static
nic_cmd_event.c:985:6:nicOidCmdEnterRFTestTimeout	32	static
nic_cmd_event.c:1016:6:nicCmdEventQueryMemDump	80	static
nic_cmd_event.c:1142:6:nicCmdEventBuildDateCode	48	static
nic_cmd_event.c:1179:6:nicCmdEventQueryStaStatistics	16	static
nic_cmd_event.c:1238:6:nicCmdEventQueryLteSafeChn	80	static
nic_cmd_event.c:1293:6:nicCmdEventGetBSSInfo	48	static
nic_cmd_event.c:1327:6:nicCmdEventQueryCfgRead	48	static
