que_mgt.c:4944:6:qmHandleReorderBubbleTimeout	48	static
que_mgt.c:82:6:qmInit	80	static
que_mgt.c:415:6:qmFreeAllByNetType	16	static
que_mgt.c:464:15:qmFlushTxQueues	32	static
que_mgt.c:556:15:qmFlushStaTxQueues	32	static
que_mgt.c:625:12:qmFlushRxQueues	32	static
que_mgt.c:679:12:qmFlushStaRxQueue	48	static
que_mgt.c:1681:15:qmDequeueTxPackets	256	static
que_mgt.c:1756:6:qmAdjustTcQuotas	32	static
que_mgt.c:1955:6:qmReassignTcResource	64	static
que_mgt.c:1867:6:qmUpdateAverageTxQueLen	80	static
que_mgt.c:2232:6:qmInitRxQueues	0	static
que_mgt.c:2740:6:qmInsertFallAheadReorderPkt	48	static
que_mgt.c:2945:9:qmCompareSnIsLessThan	0	static
que_mgt.c:2675:6:qmInsertFallWithinReorderPkt	64	static
que_mgt.c:2972:6:qmHandleMailboxRxMessage	0	static
que_mgt.c:3068:17:qmLookupRxBaEntry	0	static
que_mgt.c:3156:6:qmDelRxBaEntry	64	static
que_mgt.c:374:6:qmDeactivateStaRec	48	static
que_mgt.c:335:6:qmActivateStaRec	48	static
que_mgt.c:3043:6:qmHandleEventRxDelBa	32	static
que_mgt.c:3085:1:qmAddRxBaEntry	80	static
que_mgt.c:2988:6:qmHandleEventRxAddBa	48	static
que_mgt.c:3241:6:qmInsertNoNeedWaitPkt	64	static
que_mgt.c:3277:6:qmHandleEventDropByFW	208	static
que_mgt.c:3388:22:qmSearchNoNeedWaitPktBySSN	0	static
que_mgt.c:3317:6:qmHandleNoNeedWaitPktList	112	static
que_mgt.c:2766:1:qmPopOutDueToFallWithin	144	static
que_mgt.c:2869:6:qmPopOutDueToFallAhead	80	static
que_mgt.c:2447:6:qmProcessPktWithReordering	96	static
que_mgt.c:2602:6:qmProcessBarFrame	96	static
que_mgt.c:3409:6:qmRemoveAllNoNeedWaitPkt	32	static
que_mgt.c:3430:6:qmDumpNoNeedWaitPkt	48	static
que_mgt.c:3449:9:qmIsIndependentPkt	32	static
que_mgt.c:3471:6:qmProcessIndepentReorderQueue	32	static
que_mgt.c:2247:12:qmHandleRxPackets	160	static
que_mgt.c:3512:6:mqmProcessAssocReq	96	static
que_mgt.c:3817:6:mqmFillAcQueParam	0	static
que_mgt.c:3720:1:mqmParseEdcaParameters	144	static
que_mgt.c:3849:6:mqmProcessScanResult	80	static
que_mgt.c:3929:8:qmGetStaRecIdx	48	static
que_mgt.c:3965:1:mqmGenerateWmmInfoIEByParam	80	static
que_mgt.c:4048:6:mqmGenerateWmmInfoIE	48	static
que_mgt.c:4180:9:mqmGenerateWmmParamIEByParam	64	static
que_mgt.c:4310:6:mqmGenerateWmmParamIE	32	static
que_mgt.c:4438:1:qmGetFrameAction	64	static
que_mgt.c:4577:6:qmHandleEventBssAbsencePresence	48	static
que_mgt.c:4705:1:qmUpdateFreeQuota	64	static
que_mgt.c:4617:6:qmHandleEventStaChangePsMode	48	static
que_mgt.c:4659:6:qmHandleEventStaUpdateFreeQuota	32	static
que_mgt.c:4849:9:qmGetRxReorderQueuedBufferCount	32	static
que_mgt.c:4868:6:qmDetectArpNoResponse	48	static
que_mgt.c:735:15:qmEnqueueTxPackets	192	static
que_mgt.c:4903:6:qmHandleRxArpPackets	32	static
que_mgt.c:4936:6:qmResetArpDetect	0	static
que_mgt.c:3614:6:mqmProcessAssocRsp	128	static
que_mgt.c:5006:6:qmHandleEventCheckReorderBubble	112	static
