nic_rx.c:2814:13:nicRxProcessActionFrame	48	static
nic_rx.c:235:6:nicRxFillRFB	32	static
nic_rx.c:309:6:nicRxFillChksumStatus	48	static
nic_rx.c:710:8:nicRxProcessGSCNEvent	80	static
nic_rx.c:2032:1:nicRxEnhanceReadBuffer	96	static
nic_rx.c:2187:6:nicRxSDIOAggReceiveRFBs	144	static
nic_rx.c:2390:13:nicRxSetupRFB	48	static
nic_rx.c:2428:6:nicRxReturnRFB	64	static
nic_rx.c:118:6:nicRxInitialize	64	static
nic_rx.c:384:6:nicRxProcessPktWithoutReorder	48	static
nic_rx.c:476:6:nicRxProcessForwardPkt	80	static
nic_rx.c:545:6:nicRxProcessGOBroadcastPkt	96	static
nic_rx.c:611:6:nicRxProcessDataPacket	80	static
nic_rx.c:843:6:nicRxProcessEventPacket	96	static
nic_rx.c:1602:6:nicRxProcessMgmtPacket	48	static
nic_rx.c:1786:6:nicRxProcessRFBs	112	static
nic_rx.c:2106:6:nicRxSDIOReceiveRFBs	144	static
nic_rx.c:2467:6:nicProcessRxInterrupt	32	static
nic_rx.c:2499:6:nicRxUpdateCSUMStatistics	32	static
nic_rx.c:2549:6:nicRxQueryStatus	48	static
nic_rx.c:2582:6:nicRxClearStatistics	32	static
nic_rx.c:2604:6:nicRxQueryStatistics	48	static
nic_rx.c:2656:1:nicRxWaitResponse	128	static
nic_rx.c:2751:6:nicRxEnablePromiscuousMode	16	static
nic_rx.c:2766:6:nicRxDisablePromiscuousMode	16	static
nic_rx.c:2781:13:nicRxFlush	32	static
nic_rx.c:183:6:nicRxUninitialize	64	static
