external_display.c:106:13:_ext_disp_path_lock	16	static
external_display.c:111:13:_ext_disp_path_unlock	16	static
external_display.c:561:12:_convert_disp_input_to_ovl	64	static
external_display.c:82:38:_get_context	32	static
external_display.c:500:13:_cmdq_reset_config_handle	16	static
external_display.c:480:13:_cmdq_stop_trigger_loop	16	static
external_display.c:506:13:_cmdq_flush_config_handle	32	static
external_display.c:465:13:_cmdq_start_trigger_loop	16	static
external_display.c:520:13:_cmdq_insert_wait_frame_done_token.part.7	32	static
external_display.c:148:12:_should_wait_path_idle	16	static
external_display.c:95:25:ext_disp_path_get_mode	0	static
external_display.c:100:6:ext_disp_path_set_mode	0	static
external_display.c:749:6:ext_disp_probe	16	static
external_display.c:758:5:ext_disp_init	112	static
external_display.c:849:5:ext_disp_deinit	32	static
external_display.c:876:5:ext_disp_wait_for_vsync	64	static
external_display.c:907:5:ext_disp_suspend	32	static
external_display.c:944:5:ext_disp_resume	48	static
external_display.c:983:5:ext_disp_trigger	64	static
external_display.c:1013:5:ext_disp_suspend_trigger	32	static
external_display.c:1061:5:ext_disp_config_input_multiple	288	static
external_display.c:1159:5:ext_disp_is_alive	32	static
external_display.c:1171:5:ext_disp_is_sleepd	32	static
external_display.c:1182:5:ext_disp_get_width	0	static
external_display.c:1187:5:ext_disp_get_height	0	static
external_display.c:1192:14:ext_disp_get_sess_id	16	static
external_display.c:1198:5:ext_disp_is_video_mode	0	static
external_display.c:1204:5:ext_disp_diagnose	16	static
external_display.c:1216:13:ext_disp_cmdq_enabled	0	static
external_display.c:1221:5:ext_disp_switch_cmdq	48	static
external_display.c:1232:6:ext_disp_get_curr_addr	32	static
external_display.c:1250:5:ext_disp_factory_test	16	static
external_display.c:1257:5:ext_disp_get_handle	48	static
external_display.c:1264:5:ext_disp_set_ovl1_status	16	static
external_display.c:1270:5:ext_disp_set_lcm_param	16	static
external_display.c:1278:26:ext_disp_get_ovl_req_status	32	static
external_display.c:1289:5:ext_disp_path_change	16	static
external_display.c:1356:5:ext_disp_wait_ovl_available	0	static
external_display.c:1368:6:ext_disp_path_source_is_RDMA	16	static
external_display.c:1381:5:ext_disp_is_dim_layer	16	static
