core.c:1145:13:update_event_times	0	static
core.c:1184:13:update_group_times	32	static
core.c:1280:13:perf_event__header_size	0	static
core.c:1312:13:perf_event__id_header_size	0	static
core.c:1422:13:perf_group_detach	32	static
core.c:1478:13:is_orphaned_event	0	static
core.c:2156:13:__perf_event_mark_enabled	0	static
core.c:4329:13:perf_mmap_open	0	static
core.c:4643:5:perf_register_guest_info_callbacks	0	static
core.c:4650:5:perf_unregister_guest_info_callbacks	0	static
core.c:6094:13:perf_swevent_read	0	static
core.c:6120:13:perf_swevent_del	0	static
core.c:6125:13:perf_swevent_start	0	static
core.c:6130:13:perf_swevent_stop	0	static
core.c:6706:13:perf_pmu_nop_void	0	static
core.c:6710:12:perf_pmu_nop_int	0	static
core.c:6731:12:perf_event_idx_default	0	static
core.c:251:13:perf_duration_warn	48	static
core.c:5244:1:perf_event_aux_ctx	80	static
core.c:6061:5:perf_swevent_get_recursion_context	32	static
core.c:4304:28:ring_buffer_get	32	static
core.c:1505:19:perf_workqueue_init	32	static
core.c:1123:13:update_context_time	32	static
core.c:3199:13:__perf_event_read	48	static
core.c:6667:13:task_clock_event_read	32	static
core.c:6558:13:cpu_clock_event_update	32	static
core.c:6593:13:cpu_clock_event_read	16	static
core.c:3839:13:perf_event_for_each_child	48	static
core.c:3803:21:perf_poll	48	static
core.c:111:12:cpu_function_call	48	static
core.c:87:1:task_function_call	64	static
core.c:2257:13:_perf_event_enable	64	static
core.c:849:13:perf_cpu_hrtimer_restart	16	static
core.c:3231:12:perf_event_read	48	static
core.c:3652:5:perf_event_read_value	64	static
core.c:1111:13:perf_unpin_context	32	static
core.c:4296:13:rb_free_rcu	16	static
core.c:6857:13:pmu_dev_release	16	static
core.c:3410:13:free_event_rcu	32	static
core.c:5260:1:perf_event_aux	96	static
core.c:5356:13:perf_event_task	96	static
core.c:1046:1:perf_lock_task_context	80	static
core.c:1004:12:perf_event_pid	16	static
core.c:1015:12:perf_event_tid	16	static
core.c:4672:13:perf_sample_regs_user	32	static
core.c:8390:13:perf_event_init_cpu	48	static
core.c:6862:12:pmu_dev_alloc	32	static
core.c:6810:1:perf_event_mux_interval_ms_store	112	static
core.c:6800:1:perf_event_mux_interval_ms_show	16	static
core.c:6791:1:type_show	16	static
core.c:6997:6:perf_pmu_unregister	64	static
core.c:8428:13:perf_event_exit_cpu_context	128	static
core.c:8454:1:perf_reboot	48	static
core.c:8474:1:perf_cpu_notify	16	static
core.c:4558:12:perf_fasync	64	static
core.c:4202:12:perf_mmap_fault	64	static
core.c:6370:12:perf_tp_event_init	32	static
core.c:6365:13:tp_perf_event_destroy	16	static
core.c:8525:19:perf_event_sysfs_init	64	static
core.c:1372:1:list_del_event	32	static
core.c:1635:13:perf_remove_from_context	80	static
core.c:2841:12:perf_calculate_period.isra.37	0	static
core.c:3425:13:unaccount_event_cpu	0	static
core.c:7064:13:account_event_cpu	0	static
core.c:7077:13:account_event.part.47	32	static
core.c:898:13:get_ctx	16	static
core.c:1494:13:schedule_orphans_remove	32	static
core.c:887:13:perf_pmu_rotate_start.isra.50	48	static
core.c:1997:13:add_event_to_ctx	48	static
core.c:2100:1:perf_install_in_context	48	static
core.c:903:13:put_ctx	32	static
core.c:955:35:perf_event_ctx_lock	48	static
core.c:3461:13:__free_event	32	static
core.c:7839:6:perf_pmu_migrate_context	112	static
core.c:978:13:perf_event_ctx_unlock.isra.54	32	static
core.c:2317:6:perf_event_enable	32	static
core.c:59:13:remote_function	48	static
core.c:1740:13:_perf_event_disable	48	static
core.c:1786:6:perf_event_disable	32	static
core.c:6495:13:perf_swevent_start_hrtimer.part.57	16	static
core.c:6568:13:cpu_clock_event_start	32	static
core.c:6580:12:cpu_clock_event_add	16	static
core.c:4319:13:ring_buffer_put	32	static
core.c:4237:13:ring_buffer_attach	48	static
core.c:7364:1:perf_event_set_output	48	static
core.c:3480:13:_free_event	32	static
core.c:3573:13:put_event	48	static
core.c:3603:5:perf_event_release_kernel	16	static
core.c:3610:12:perf_release	16	static
core.c:3508:13:free_event	16	static
core.c:3619:13:orphans_remove_work	80	static
core.c:8046:13:perf_free_event	64	static
core.c:4345:13:perf_mmap_close	112	static
core.c:6529:13:perf_swevent_init_hrtimer	32	static
core.c:6676:12:task_clock_event_init	16	static
core.c:6598:12:cpu_clock_event_init	16	static
core.c:6154:13:swevent_hlist_put_cpu.isra.66	48	static
core.c:6226:13:sw_perf_event_destroy	48	static
core.c:6236:12:perf_swevent_init	96	static
core.c:6894:5:perf_pmu_register	96	static
core.c:6642:13:task_clock_event_start	16	static
core.c:6654:12:task_clock_event_add	16	static
core.c:4783:13:__perf_event_header__init_id	48	static
core.c:6648:13:task_clock_event_stop	32	static
core.c:6662:13:task_clock_event_del	16	static
core.c:6574:13:cpu_clock_event_stop	32	static
core.c:6588:13:cpu_clock_event_del	16	static
core.c:5955:12:perf_exclude_event	0	static
core.c:2344:5:perf_event_refresh	64	static
core.c:4923:13:perf_output_read	160	static
core.c:3276:1:alloc_perf_context	48	static
core.c:3328:1:find_get_context	112	static
core.c:3790:1:perf_read	176	static
core.c:199:6:update_perf_cpu_limits	0	static
core.c:210:5:perf_proc_update_handler	32	static
core.c:228:5:perf_cpu_time_max_percent_handler	32	static
core.c:269:6:perf_sample_event_took	48	static
core.c:323:13:perf_event_print_debug	0	static
core.c:325:27:perf_pmu_name	0	static
core.c:740:1:perf_cgroup_switch	0	static
core.c:798:6:perf_cpu_hrtimer_cancel	80	static
core.c:866:6:perf_pmu_disable	32	static
core.c:6715:13:perf_pmu_start_txn	16	static
core.c:873:6:perf_pmu_enable	32	static
core.c:1522:1:event_sched_out	64	static
core.c:1570:1:group_sched_out	64	static
core.c:1689:5:__perf_event_disable	64	static
core.c:1600:12:__perf_remove_from_context	64	static
core.c:8415:13:__perf_event_exit_context	64	static
core.c:2357:13:ctx_sched_out	64	static
core.c:2594:13:task_ctx_sched_out	32	static
core.c:6726:13:perf_pmu_cancel_txn	16	static
core.c:6720:12:perf_pmu_commit_txn	16	static
core.c:3873:12:__perf_event_period	48	static
core.c:4034:13:perf_ioctl	112	static
core.c:4048:13:perf_compat_ioctl	16	static
core.c:4067:5:perf_event_task_enable	48	static
core.c:4083:5:perf_event_task_disable	48	static
core.c:4143:13:arch_perf_update_userpage	0	static
core.c:4152:6:perf_event_update_userpage	64	static
core.c:2577:6:__perf_event_task_sched_out	128	static
core.c:4432:12:perf_mmap	80	static
core.c:3826:13:_perf_event_reset	32	static
core.c:4600:6:perf_event_wakeup	64	static
core.c:4610:13:perf_pending_event	48	static
core.c:4813:6:perf_event_header__init_id	16	static
core.c:4845:6:perf_event__output_id_sample	48	static
core.c:5739:13:perf_log_throttle	272	static
core.c:1836:1:event_sched_in	80	static
core.c:1898:1:group_sched_in	96	static
core.c:2677:1:ctx_sched_in.isra.73	80	static
core.c:2016:13:perf_event_sched_in.isra.76	32	static
core.c:2713:13:perf_event_context_sched_in.isra.77	48	static
core.c:2815:6:__perf_event_task_sched_in	96	static
core.c:3180:6:perf_event_exec	80	static
core.c:774:29:perf_cpu_hrtimer_handler	80	static
core.c:2033:13:__perf_install_in_context	80	static
core.c:2172:12:__perf_event_enable	80	static
core.c:2951:13:perf_adjust_freq_unthr_context.part.79	96	static
core.c:3090:6:perf_event_task_tick	64	static
core.c:5322:13:perf_event_task_output	256	static
core.c:5416:13:perf_event_comm_output	272	static
core.c:5529:13:perf_event_mmap_output	272	static
core.c:5213:1:perf_event_read_event	240	static
core.c:4947:6:perf_output_sample	128	static
core.c:5084:6:perf_prepare_sample	80	static
core.c:5780:12:__perf_event_overflow	144	static
core.c:6465:29:perf_swevent_hrtimer	224	static
core.c:5389:6:perf_event_fork	16	static
core.c:5468:6:perf_event_comm	96	static
core.c:5701:6:perf_event_mmap	208	static
core.c:5848:5:perf_event_overflow	16	static
core.c:5877:5:perf_swevent_set_period	0	static
core.c:5900:13:perf_swevent_overflow	48	static
core.c:5926:13:perf_swevent_event	16	static
core.c:6316:6:perf_tp_event	240	static
core.c:6098:12:perf_swevent_add	64	static
core.c:6069:13:perf_swevent_put_recursion_context	32	static
core.c:6076:6:__perf_sw_event	240	static
core.c:6449:6:perf_bp_event	160	static
core.c:7019:13:perf_init_event	80	static
core.c:7106:1:perf_event_alloc	96	static
core.c:7793:1:perf_event_create_kernel_counter	48	static
core.c:8112:1:inherit_event.isra.81	64	static
core.c:8197:12:inherit_group.isra.82	64	static
core.c:7459:1:SyS_perf_event_open	240	static
core.c:8022:6:perf_event_exit_task	112	static
core.c:8069:6:perf_event_free_task	80	static
core.c:8100:6:perf_event_delayed_put	32	static
core.c:8359:5:perf_event_init_task	128	static
core.c:8496:13:perf_event_init	96	static
