gl_init.c:1412:26:wlanGetStats	0	static
gl_init.c:1496:13:wlanUninit	0	static
gl_init.c:863:13:wlanClearDevIdx	32	static
gl_init.c:928:5:wlanDoIOCTL	32	static
gl_init.c:1260:5:wlanHardStartXmit	80	static
gl_init.c:2156:5:set_p2p_mode_handler	112	static
gl_init.c:1672:13:wlanNetUnregister	48	static
gl_init.c:1865:13:wlanNetDestroy	32	static
gl_init.c:2685:13:wlanRemove	64	static
gl_init.c:1117:13:wlanSetMulticastList	16	static
gl_init.c:1530:12:wlanStop	64	static
gl_init.c:1511:12:wlanOpen	48	static
gl_init.c:1127:13:wlanSetMulticastListWorkQueue	96	static
gl_init.c:2950:5:mtk_wcn_wlan_gen2_init	64	static
gl_init.c:2956:6:mtk_wcn_wlan_gen2_exit	32	static
gl_init.c:1230:6:wlanSchedScanStoppedWorkQueue	32	static
gl_init.c:1900:13:wlanNotifyFwSuspend	64	static
gl_init.c:1467:12:wlanInit	64	static
gl_init.c:530:14:_cfg80211_classify8021d	0	static
gl_init.c:552:16:wlanSelectQueue	32	static
gl_init.c:683:6:wlanSubModRunInit	32	static
gl_init.c:702:6:wlanSubModRunExit	32	static
gl_init.c:720:9:wlanSubModInit	32	static
gl_init.c:2261:15:wlanProbe	160	static
gl_init.c:746:9:wlanSubModExit	32	static
gl_init.c:775:1:wlanSubModRegisterInitExit	0	static
gl_init.c:829:9:wlanExportGlueInfo	0	static
gl_init.c:1565:6:wlanUpdateChannelTable	496	static
gl_init.c:1918:6:wlanHandleSystemSuspend	176	static
gl_init.c:2037:6:wlanHandleSystemResume	192	static
