gl_vendor.c:119:5:mtk_cfg80211_vendor_get_channel_list	864	static
gl_vendor.c:197:5:mtk_cfg80211_vendor_set_country_code	96	static
gl_vendor.c:235:5:mtk_cfg80211_vendor_get_gscan_capabilities	96	static
gl_vendor.c:286:5:mtk_cfg80211_vendor_set_config	400	static
gl_vendor.c:433:5:mtk_cfg80211_vendor_set_scan_config	240	static
gl_vendor.c:503:5:mtk_cfg80211_vendor_set_significant_change	128	static
gl_vendor.c:624:5:mtk_cfg80211_vendor_set_hotlist	160	static
gl_vendor.c:743:5:mtk_cfg80211_vendor_enable_scan	80	static
gl_vendor.c:784:5:mtk_cfg80211_vendor_enable_full_scan_results	48	static
gl_vendor.c:809:5:mtk_cfg80211_vendor_get_gscan_result	112	static
gl_vendor.c:872:5:mtk_cfg80211_vendor_gscan_results	128	static
gl_vendor.c:982:5:mtk_cfg80211_vendor_get_rtt_capabilities	64	static
gl_vendor.c:1024:5:mtk_cfg80211_vendor_llstats_get_info	32	static
gl_vendor.c:1078:5:mtk_cfg80211_vendor_set_rssi_monitoring	176	static
gl_vendor.c:1136:5:mtk_cfg80211_vendor_packet_keep_alive_start	240	static
gl_vendor.c:1222:5:mtk_cfg80211_vendor_packet_keep_alive_stop	80	static
gl_vendor.c:1269:5:mtk_cfg80211_vendor_event_complete_scan	64	static
gl_vendor.c:1302:5:mtk_cfg80211_vendor_event_scan_results_available	64	static
gl_vendor.c:1335:5:mtk_cfg80211_vendor_event_full_scan_results	64	static
gl_vendor.c:1372:5:mtk_cfg80211_vendor_event_significant_change_results	80	static
gl_vendor.c:1413:5:mtk_cfg80211_vendor_event_hotlist_ap_found	208	static
gl_vendor.c:1452:5:mtk_cfg80211_vendor_event_hotlist_ap_lost	208	static
gl_vendor.c:1491:5:mtk_cfg80211_vendor_event_rssi_beyond_range	64	static
gl_vendor.c:1543:5:mtk_cfg80211_vendor_set_band	48	static
gl_vendor.c:1584:5:mtk_cfg80211_vendor_set_roaming_policy	80	static
