gl_wext.c:3103:12:wext_set_passive_scan	48	static
gl_wext.c:3934:23:wext_get_wireless_stats	64	static
gl_wext.c:879:1:wext_get_freq.isra.5	64	static
gl_wext.c:1213:1:wext_get_ap.isra.9	64	static
gl_wext.c:1259:1:wext_set_mlme.isra.10	64	static
gl_wext.c:1305:1:wext_set_scan.isra.11	80	static
gl_wext.c:2176:1:wext_get_rts.isra.14	64	static
gl_wext.c:2534:1:wext_set_power.isra.16	64	static
gl_wext.c:1777:1:wext_set_essid.isra.17	144	static
gl_wext.c:1926:1:wext_get_essid.isra.18	80	static
gl_wext.c:2412:1:wext_set_encode.isra.19	96	static
gl_wext.c:2793:1:wext_set_encode_ext.isra.20	96	static
gl_wext.c:2603:1:wext_get_power.isra.23	48	static
gl_wext.c:2680:1:wext_set_auth.isra.24	64	static
gl_wext.c:210:1:wextSrchDesiredWPAIE	64	static
gl_wext.c:261:9:wextSrchDesiredWAPIIE	48	static
gl_wext.c:302:9:wextIsDesiredHS20IE	32	static
gl_wext.c:335:9:wextIsDesiredInterworkingIE	32	static
gl_wext.c:375:9:wextIsDesiredAdvProtocolIE	32	static
gl_wext.c:404:9:wextIsDesiredRoamingConsortiumIE	32	static
gl_wext.c:433:9:wextSrchDesiredHS20IE	64	static
gl_wext.c:476:9:wextSrchDesiredOsenIE	64	static
gl_wext.c:518:9:wextSrchDesiredInterworkingIE	48	static
gl_wext.c:557:9:wextSrchDesiredAdvProtocolIE	48	static
gl_wext.c:596:9:wextSrchDesiredRoamingConsortiumIE	48	static
gl_wext.c:621:9:wextSrchOkcAndPMKID	48	static
gl_wext.c:695:1:wextSrchDesiredWPSIE	64	static
gl_wext.c:1387:1:wext_get_scan.isra.25	272	static
gl_wext.c:3171:5:wext_support_ioctl	112	static
gl_wext.c:3771:1:wext_indicate_wext_event	304	static
