gl_p2p.c:401:13:p2pUninit	0	static
gl_p2p.c:1542:1:mtk_p2p_wext_reconnect	0	static
gl_p2p.c:1589:1:mtk_p2p_wext_mlme_handler	0	static
gl_p2p.c:1662:1:mtk_p2p_wext_set_provision_complete	0	static
gl_p2p.c:1723:1:mtk_p2p_wext_start_stop_discovery	0	static
gl_p2p.c:1124:26:p2pGetStats	32	static
gl_p2p.c:2031:1:mtk_p2p_wext_set_auth	32	static
gl_p2p.c:2663:1:mtk_p2p_wext_connect_disconnect	32	static
gl_p2p.c:4141:1:mtk_p2p_wext_set_txpow	32	static
gl_p2p.c:2736:1:mtk_p2p_wext_password_ready	48	static
gl_p2p.c:1999:5:p2pSetMACAddress	48	static
gl_p2p.c:1158:13:p2pSetMulticastList	32	static
gl_p2p.c:1270:5:p2pHardStartXmit	64	static
gl_p2p.c:1051:12:p2pStop	64	static
gl_p2p.c:1001:12:p2pOpen	48	static
gl_p2p.c:2361:1:mtk_p2p_wext_set_local_dev_info	48	static
gl_p2p.c:2819:1:mtk_p2p_wext_request_dev_info	48	static
gl_p2p.c:1510:1:mtk_p2p_wext_get_priv	16	static
gl_p2p.c:2084:1:mtk_p2p_wext_set_key	192	static
gl_p2p.c:2222:1:mtk_p2p_wext_set_powermode	64	static
gl_p2p.c:2293:1:mtk_p2p_wext_get_powermode	64	static
gl_p2p.c:2448:1:mtk_p2p_wext_discovery_results	208	static
gl_p2p.c:1368:5:p2pDoIOCTL	80	static
gl_p2p.c:2608:1:mtk_p2p_wext_wsc_ie	48	static
gl_p2p.c:382:12:p2pInit	32	static
gl_p2p.c:339:14:_p2p_cfg80211_classify8021d	0	static
gl_p2p.c:361:16:p2pSelectQueue	32	static
gl_p2p.c:435:9:p2PAllocInfo	48	static
gl_p2p.c:528:9:p2PFreeInfo	32	static
gl_p2p.c:565:9:p2pNetRegister	64	static
gl_p2p.c:606:9:p2pNetUnregister	64	static
gl_p2p.c:641:9:glP2pCreateWirelessDevice	64	static
gl_p2p.c:751:6:glP2pDestroyWirelessDevice	32	static
gl_p2p.c:775:9:glRegisterP2P	96	static
gl_p2p.c:912:9:glUnregisterP2P	32	static
gl_p2p.c:950:9:p2pStopImmediate	64	static
gl_p2p.c:1207:6:mtk_p2p_wext_set_Multicastlist	64	static
gl_p2p.c:1186:6:p2pSetMulticastListWorkQueueWrapper	16	static
gl_p2p.c:1837:1:mtk_p2p_wext_invitation_request	0	static
gl_p2p.c:1922:1:mtk_p2p_wext_invitation_abort	0	static
gl_p2p.c:2865:1:mtk_p2p_wext_invitation_indicate	48	static
gl_p2p.c:2912:1:mtk_p2p_wext_invitation_status	48	static
gl_p2p.c:2946:9:kalP2PIndicateFound	304	static
gl_p2p.c:2965:1:mtk_p2p_wext_set_network_address	32	static
gl_p2p.c:2991:1:mtk_p2p_wext_set_ps_profile	32	static
gl_p2p.c:3017:1:mtk_p2p_wext_set_pm_param	32	static
gl_p2p.c:3057:1:mtk_p2p_wext_start_formation	32	static
gl_p2p.c:3643:1:mtk_p2p_wext_get_service_discovery_request	80	static
gl_p2p.c:3692:1:mtk_p2p_wext_get_service_discovery_response	80	static
gl_p2p.c:3741:1:mtk_p2p_wext_send_service_discovery_request	64	static
gl_p2p.c:3781:1:mtk_p2p_wext_send_service_discovery_response	64	static
gl_p2p.c:3821:1:mtk_p2p_wext_set_sec_check_request	64	static
gl_p2p.c:3859:1:mtk_p2p_wext_get_sec_check_response	96	static
gl_p2p.c:3908:1:mtk_p2p_wext_terminate_service_discovery_phase	64	static
gl_p2p.c:3947:1:mtk_p2p_wext_set_noa_param	64	static
gl_p2p.c:3988:1:mtk_p2p_wext_set_oppps_param	64	static
gl_p2p.c:3111:1:mtk_p2p_wext_set_int	112	static
gl_p2p.c:4015:1:mtk_p2p_wext_set_p2p_version	64	static
gl_p2p.c:3247:1:mtk_p2p_wext_set_struct	80	static
gl_p2p.c:4042:1:mtk_p2p_wext_get_p2p_version	64	static
gl_p2p.c:3403:1:mtk_p2p_wext_get_struct	496	static
