gl_kal.c:3798:16:kalMetCtrlWriteProcfs	192	static
gl_kal.c:3832:16:kalMetPortWriteProcfs	192	static
gl_kal.c:107:6:kalHifAhbKalWakeLockTimeout	32	static
gl_kal.c:131:13:kalFirmwareOpen	112	static
gl_kal.c:221:13:kalFirmwareClose	32	static
gl_kal.c:256:13:kalFirmwareLoad	48	static
gl_kal.c:292:13:kalFirmwareSize	32	static
gl_kal.c:314:7:kalFirmwareImageMapping	64	static
gl_kal.c:366:6:kalFirmwareImageUnmapping	32	static
gl_kal.c:463:1:kalAcquireSpinLock	48	static
gl_kal.c:496:6:kalReleaseSpinLock	48	static
gl_kal.c:523:6:kalUpdateMACAddress	32	static
gl_kal.c:545:6:kalQueryTxChksumOffloadParam	32	static
gl_kal.c:583:6:kalUpdateRxCSUMOffloadParam	32	static
gl_kal.c:621:6:kalPacketFree	32	static
gl_kal.c:639:7:kalPacketAlloc	32	static
gl_kal.c:678:1:kalProcessRxPacket	48	static
gl_kal.c:847:13:kalRxIndicatePkts	112	static
gl_kal.c:982:1:kalIndicateStatusAndComplete	192	static
gl_kal.c:1292:1:kalUpdateReAssocReqInfo	48	static
gl_kal.c:1357:6:kalUpdateReAssocRspInfo	48	static
gl_kal.c:1386:6:kalSendCompleteAndAwakeQueue	80	static
gl_kal.c:1456:6:kalQueryRegistryMacAddr	32	static
gl_kal.c:1714:1:kalOidComplete	48	static
gl_kal.c:1737:6:kalOidClearance	32	static
gl_kal.c:1888:6:kalClearSecurityFrames	80	static
gl_kal.c:1935:6:kalClearSecurityFramesByNetType	96	static
gl_kal.c:1981:6:kalClearMgmtFrames	80	static
gl_kal.c:2026:6:kalClearMgmtFramesByNetType	96	static
gl_kal.c:2370:9:kalIsCardRemoved	16	static
gl_kal.c:2388:9:kalRetrieveNetworkAddress	48	static
gl_kal.c:2436:6:kalFlushPendingTxPackets	48	static
gl_kal.c:2076:5:tx_thread	160	static
gl_kal.c:2472:26:kalGetMediaStateIndicated	32	static
gl_kal.c:2488:6:kalSetMediaStateIndicated	32	static
gl_kal.c:2504:6:kalOidCmdClearance	48	static
gl_kal.c:2557:6:kalEnqueueCommand	48	static
gl_kal.c:2594:6:kalHandleAssocInfo	0	static
gl_kal.c:2608:9:kalGetFwLoadAddress	32	static
gl_kal.c:2624:9:kalGetFwStartAddress	32	static
gl_kal.c:2645:6:kalSecurityFrameSendComplete	32	static
gl_kal.c:2656:9:kalGetTxPendingFrameCount	32	static
gl_kal.c:2673:9:kalGetTxPendingCmdCount	32	static
gl_kal.c:2698:6:kalOsTimerInitialize	32	static
gl_kal.c:2719:9:kalSetTimer	48	static
gl_kal.c:2740:9:kalCancelTimer	32	static
gl_kal.c:2762:6:kalScanDone	32	static
gl_kal.c:2788:9:kalRandomNumber	32	static
gl_kal.c:2806:6:kalTimeoutHandler	32	static
gl_kal.c:2819:6:kalSetEvent	32	static
gl_kal.c:2837:9:kalIsConfigurationExist	32	static
gl_kal.c:2860:14:kalGetConfiguration	32	static
gl_kal.c:2885:1:kalGetConfigurationVersion	64	static
gl_kal.c:2919:9:kalWSCGetActiveState	32	static
gl_kal.c:2941:1:kalUpdateRSSI	48	static
gl_kal.c:2986:9:kalInitIOBuffer	16	static
gl_kal.c:3024:6:kalUninitIOBuffer	32	static
gl_kal.c:3049:7:kalAllocateIOBuffer	16	static
gl_kal.c:3077:6:kalReleaseIOBuffer	16	static
gl_kal.c:3098:8:kalGetPktEtherType	32	static
gl_kal.c:1515:1:kalQoSFrameClassifierAndPacketInfo	176	static
gl_kal.c:3192:1:kalGetChannelList	16	static
gl_kal.c:3213:6:kalGetAPMCUMen	64	static
gl_kal.c:3240:9:kalIsAPmode	16	static
gl_kal.c:3307:9:kalGetMfpSetting	32	static
gl_kal.c:3315:14:kalFileOpen	32	static
gl_kal.c:3332:6:kalFileClose	16	static
gl_kal.c:3337:9:kalFileRead	48	static
gl_kal.c:3351:9:kalFileWrite	48	static
gl_kal.c:3365:9:kalWriteToFile	64	static
gl_kal.c:3383:8:kalReadToFile	48	static
gl_kal.c:3480:1:kalReadyOnChannel	48	static
gl_kal.c:3537:1:kalRemainOnChannelExpired	48	static
gl_kal.c:3593:1:kalIndicateMgmtTxStatus	16	static
gl_kal.c:3611:6:kalIndicateRxMgmtFrame	48	static
gl_kal.c:3658:9:kalIndicateAgpsNotify	64	static
gl_kal.c:3702:6:kalMetProfilingStart	48	static
gl_kal.c:3743:6:kalMetProfilingFinish	48	static
gl_kal.c:3862:5:kalMetInitProcfs	48	static
gl_kal.c:3889:5:kalMetRemoveProcfs	48	static
gl_kal.c:3906:9:kalGetBootTime	16	static
gl_kal.c:3419:1:kalIndicateBssInfo	96	static
gl_kal.c:3931:6:kalSchedScanResults	32	static
gl_kal.c:3950:6:kalSchedScanStopped	32	static
gl_kal.c:3974:22:slp_get_wake_reason	0	static
gl_kal.c:3979:16:spm_get_last_wakeup_src	0	static
gl_kal.c:3995:9:kalIsWakeupByWlan	16	static
gl_kal.c:4012:8:kalHaltLock	80	static
gl_kal.c:4047:8:kalHaltTryLock	32	static
gl_kal.c:4059:6:kalHaltUnlock	32	static
gl_kal.c:1779:1:kalIoctl	112	static
gl_kal.c:4069:6:kalSetHalted	0	static
gl_kal.c:4074:9:kalIsHalted	0	static
gl_kal.c:4079:6:kalPerMonDump	48	static
gl_kal.c:4099:15:kalPerMonInit	48	static
gl_kal.c:4118:15:kalPerMonDisable	64	static
gl_kal.c:4134:15:kalPerMonEnable	32	static
gl_kal.c:4146:15:kalPerMonStart	48	static
gl_kal.c:4183:15:kalPerMonStop	64	static
gl_kal.c:4220:15:kalPerMonDestroy	64	static
gl_kal.c:4330:14:kalBoostCpu	16	static
gl_kal.c:4336:12:wlan_fb_notifier_callback	64	static
gl_kal.c:4226:6:kalPerMonHandler	128	static
gl_kal.c:4372:8:kalFbNotifierReg	32	static
gl_kal.c:4387:6:kalFbNotifierUnReg	32	static
