gl_wext_priv.c:2886:12:compat_priv	48	static
gl_wext_priv.c:1459:1:_priv_get_ints	272	static
gl_wext_priv.c:1354:1:_priv_set_ints	96	static
gl_wext_priv.c:2477:1:reqExtSetAcpiDevicePowerState	32	static
gl_wext_priv.c:1834:1:priv_set_ndis.constprop	80	static
gl_wext_priv.c:1532:1:_priv_set_struct	80	static
gl_wext_priv.c:776:1:_priv_set_int	80	static
gl_wext_priv.c:1947:1:priv_get_ndis.constprop	64	static
gl_wext_priv.c:1108:1:_priv_get_int	272	static
gl_wext_priv.c:1715:1:_priv_get_struct	96	static
gl_wext_priv.c:667:1:scanEnvResult	320	static
gl_wext_priv.c:2056:9:CmdStringDecParse	0	static
gl_wext_priv.c:2208:1:_priv_set_string	64	static
gl_wext_priv.c:2132:9:CmdStringMacParse	0	static
gl_wext_priv.c:2496:5:priv_driver_set_chip_config	416	static
gl_wext_priv.c:2555:5:priv_driver_set_miracast	160	static
gl_wext_priv.c:2700:8:priv_driver_cmds	64	static
gl_wext_priv.c:2626:5:priv_support_driver_cmd	64	static
gl_wext_priv.c:2926:1:priv_set_int	16	static
gl_wext_priv.c:2933:1:priv_get_int	16	static
gl_wext_priv.c:2940:1:priv_set_ints	16	static
gl_wext_priv.c:2947:1:priv_get_ints	16	static
gl_wext_priv.c:2954:1:priv_set_struct	16	static
gl_wext_priv.c:2961:1:priv_get_struct	16	static
gl_wext_priv.c:485:5:priv_support_ioctl	64	static
gl_wext_priv.c:2968:1:priv_set_string	16	static
