gl_p2p_kal.c:72:26:kalP2PGetState	32	static
gl_p2p_kal.c:93:1:kalP2PUpdateAssocInfo	80	static
gl_p2p_kal.c:175:1:kalP2PSetState	320	static
gl_p2p_kal.c:217:9:kalP2PGetFreqInKHz	32	static
gl_p2p_kal.c:237:8:kalP2PGetRole	32	static
gl_p2p_kal.c:263:1:kalP2PSetRole	320	static
gl_p2p_kal.c:306:6:kalP2PSetCipher	16	static
gl_p2p_kal.c:329:9:kalP2PGetCipher	16	static
gl_p2p_kal.c:345:9:kalP2PGetCcmpCipher	16	static
gl_p2p_kal.c:361:9:kalP2PGetTkipCipher	16	static
gl_p2p_kal.c:387:6:kalP2PSetWscMode	16	static
gl_p2p_kal.c:407:8:kalP2PGetWscMode	16	static
gl_p2p_kal.c:429:9:kalP2PCalWSC_IELen	32	static
gl_p2p_kal.c:449:6:kalP2PGenWSC_IE	16	static
gl_p2p_kal.c:465:6:kalP2PUpdateWSC_IE	48	static
gl_p2p_kal.c:499:6:kalP2PIndicateConnReq	352	static
gl_p2p_kal.c:538:1:kalP2PInvitationIndication	336	static
gl_p2p_kal.c:643:6:kalP2PInvitationStatus	304	static
gl_p2p_kal.c:673:6:kalP2PIndicateSDRequest	304	static
gl_p2p_kal.c:700:6:kalP2PIndicateSDResponse	304	static
gl_p2p_kal.c:729:6:kalP2PIndicateTXDone	320	static
gl_p2p_kal.c:746:20:kalP2PGetDevHdlr	32	static
gl_p2p_kal.c:766:6:kalP2PIndicateSecCheckRsp	320	static
gl_p2p_kal.c:797:1:kalGetChnlList	16	static
gl_p2p_kal.c:876:6:kalP2PIndicateScanDone	64	static
gl_p2p_kal.c:970:1:kalP2PIndicateMgmtTxStatus	16	static
gl_p2p_kal.c:992:6:kalP2PIndicateRxMgmtFrame	32	static
gl_p2p_kal.c:1044:1:kalP2PGCIndicateConnectionStatus	32	static
gl_p2p_kal.c:1075:6:kalP2PGOStationUpdate	160	static
gl_p2p_kal.c:1109:9:kalP2pFuncGetChannelType	32	static
gl_p2p_kal.c:1140:27:kalP2pFuncGetChannelEntry	0	static
gl_p2p_kal.c:808:1:kalP2PIndicateChannelReady	80	static
gl_p2p_kal.c:839:6:kalP2PIndicateChannelExpired	64	static
gl_p2p_kal.c:922:1:kalP2PIndicateBssInfo	64	static
gl_p2p_kal.c:1195:8:kalP2PSetBlackList	80	static
gl_p2p_kal.c:1253:9:kalP2PCmpBlackList	64	static
gl_p2p_kal.c:1282:6:kalP2PSetMaxClients	16	static
gl_p2p_kal.c:1305:9:kalP2PReachMaxClients	16	static
