charging_hw_rt9458.c:584:12:charging_hw_init	0	static
charging_hw_rt9458.c:876:12:charging_get_is_pcm_timer_trigger	0	static
charging_hw_rt9458.c:936:12:charging_get_power_source	0	static
charging_hw_rt9458.c:953:12:charging_get_csdac_full_flag	0	static
charging_hw_rt9458.c:994:12:charging_diso_init	0	static
charging_hw_rt9458.c:1066:12:charging_get_diso_state	0	static
charging_hw_rt9458.c:1136:12:charging_set_vindpm	0	static
charging_hw_rt9458.c:1186:12:charging_get_bif_vbat	0	static
charging_hw_rt9458.c:1212:12:charging_set_chrind_ck_pdn	0	static
charging_hw_rt9458.c:1230:12:charging_sw_init	0	static
charging_hw_rt9458.c:1260:12:charging_get_bif_tbat	0	static
charging_hw_rt9458.c:1328:12:charging_get_is_charging	48	static
charging_hw_rt9458.c:701:12:charging_get_charging_status	48	static
charging_hw_rt9458.c:1316:12:charging_get_vinovpi	48	static
charging_hw_rt9458.c:1303:12:charging_enable_te_shutdown	16	static
charging_hw_rt9458.c:1291:12:charging_enable_otg	16	static
charging_hw_rt9458.c:968:12:charging_set_hiz_swchr	16	static
charging_hw_rt9458.c:984:12:charging_set_error_state	16	static
charging_hw_rt9458.c:1249:12:charging_enable_safetytimer	16	static
charging_hw_rt9458.c:1172:12:charging_set_vbus_ovp_en	16	static
charging_hw_rt9458.c:958:12:charging_set_ta_current_pattern	16	static
charging_hw_rt9458.c:921:12:charging_set_power_off	16	static
charging_hw_rt9458.c:895:12:charging_set_platform_reset	16	static
charging_hw_rt9458.c:808:12:charging_get_charger_det_status	32	static
charging_hw_rt9458.c:760:12:charging_get_hv_status	32	static
charging_hw_rt9458.c:726:12:charging_reset_watch_dog_timer	16	static
charging_hw_rt9458.c:687:12:charging_set_input_current	16	static
charging_hw_rt9458.c:673:12:charging_set_current	16	static
charging_hw_rt9458.c:658:12:charging_get_current	48	static
charging_hw_rt9458.c:630:12:charging_set_cv_voltage	32	static
charging_hw_rt9458.c:620:12:charging_enable	16	static
charging_hw_rt9458.c:611:12:charging_dump_register	16	static
charging_hw_rt9458.c:908:12:charging_get_platform_boot_mode	32	static
charging_hw_rt9458.c:826:12:charging_get_charger_type	48	static
charging_hw_rt9458.c:773:12:charging_get_battery_status	32	static
charging_hw_rt9458.c:79:12:charging_value_to_parameter	32	static
charging_hw_rt9458.c:90:12:charging_parameter_to_value	64	static
charging_hw_rt9458.c:735:12:charging_set_hv_threshold	32	static
charging_hw_rt9458.c:1356:11:chr_control_interface	16	static
