battery_meter_hal.c:522:19:fgauge_read_current_sign	0	static
battery_meter_hal.c:973:19:dump_register_fgadc	0	static
battery_meter_hal.c:248:21:fg_get_data_ready_status	32	static
battery_meter_hal.c:905:19:read_adc_v_bat_id	32	static
battery_meter_hal.c:916:19:read_adc_v_charger	32	static
battery_meter_hal.c:886:19:read_adc_v_bat_temp	32	static
battery_meter_hal.c:869:19:read_adc_v_i_sense	32	static
battery_meter_hal.c:850:19:read_adc_v_bat_sense	32	static
battery_meter_hal.c:950:19:read_is_hw_ocv_ready	32	static
battery_meter_hal.c:978:19:read_battery_plug_out_status	32	static
battery_meter_hal.c:64:6:get_hw_chip_diff_trim_value	32	static
battery_meter_hal.c:181:12:use_chip_trim_value	32	static
battery_meter_hal.c:676:19:fgauge_read_columb_internal	64	static
battery_meter_hal.c:821:19:fgauge_read_columb_accurate	16	static
battery_meter_hal.c:826:19:fgauge_hw_reset	64	static
battery_meter_hal.c:816:19:fgauge_read_columb	16	static
battery_meter_hal.c:318:19:fgauge_read_current	64	static
battery_meter_hal.c:267:19:fgauge_initialization	48	static
battery_meter_hal.c:196:5:get_hw_ocv	48	static
battery_meter_hal.c:934:19:read_hw_ocv	32	static
battery_meter_hal.c:438:12:fgauge_read_IM_current	64	static
battery_meter_hal.c:531:12:fgauge_set_columb_interrupt_internal	128	static
battery_meter_hal.c:671:19:fgauge_set_columb_interrupt	16	static
battery_meter_hal.c:987:12:bm_ctrl_cmd	16	static
