pmic.c:793:12:mtk_regulator_list_voltage	0	static
pmic.c:847:16:store_LDO_STATUS	0	static
pmic.c:888:16:store_LDO_VOLTAGE	0	static
pmic.c:908:16:store_BUCK_STATUS	0	static
pmic.c:948:16:store_BUCK_VOLTAGE	0	static
pmic.c:1413:12:pmic_mt_cust_remove	0	static
pmic.c:1663:5:getHwVoltage	0	static
pmic.c:1684:5:isHwPowerOn	0	static
pmic.c:1705:6:hwPowerOn	0	static
pmic.c:1743:6:hwPowerDown	0	static
pmic.c:1769:6:hwPowerSetVoltage	0	static
pmic.c:3735:12:pmic_ftm_open	0	static
pmic.c:3740:12:pmic_ftm_release	0	static
pmic.c:4506:16:store_low_battery_protect_level	0	static
pmic.c:4599:16:store_battery_oc_protect_level	0	static
pmic.c:4699:16:store_battery_percent_level	0	static
pmic.c:4789:16:store_dlpt_level	0	static
pmic.c:4983:12:pmic_mt_remove	0	static
pmic.c:4990:13:pmic_mt_shutdown	0	static
pmic.c:691:12:mtk_regulator_is_enabled	16	static
pmic.c:525:6:upmu_interrupt_chrdet_int_en	16	static
pmic.c:1833:6:register_low_battery_notify	16	static
pmic.c:854:16:show_LDO_VOLTAGE	48	static
pmic.c:834:16:show_LDO_STATUS	48	static
pmic.c:915:16:show_BUCK_VOLTAGE	48	static
pmic.c:895:16:show_BUCK_STATUS	48	static
pmic.c:4783:16:show_dlpt_level	16	static
pmic.c:4750:16:show_dlpt_stop	16	static
pmic.c:4718:16:show_dlpt_ut	16	static
pmic.c:4690:16:show_battery_percent_level	16	static
pmic.c:4652:16:show_battery_percent_stop	16	static
pmic.c:4615:16:show_battery_percent_ut	16	static
pmic.c:4592:16:show_battery_oc_protect_level	16	static
pmic.c:4558:16:show_battery_oc_protect_stop	16	static
pmic.c:4522:16:show_battery_oc_protect_ut	16	static
pmic.c:4499:16:show_low_battery_protect_level	16	static
pmic.c:4463:16:show_low_battery_protect_stop	16	static
pmic.c:4427:16:show_low_battery_protect_ut	16	static
pmic.c:606:16:show_pmic_dvt	48	static
pmic.c:553:16:show_pmic_access	48	static
pmic.c:4377:5:pwrkey_detect_sw_thread_handler	112	static
pmic.c:2303:22:bat_percent_notify_task	16	static
pmic.c:2961:22:dlpt_notify_task	16	static
pmic.c:4369:22:pwrkey_detect_sw_workaround	16	static
pmic.c:3123:6:pwrkey_int_handler	16	static
pmic.c:3138:6:pwrkey_int_handler_r	32	static
pmic.c:3168:6:homekey_int_handler	16	static
pmic.c:3178:6:homekey_int_handler_r	16	static
pmic.c:4332:12:proc_dump_register_open	16	static
pmic.c:4301:12:proc_utilization_open	16	static
pmic.c:5214:20:pmic_mt_exit	16	static
pmic.c:1272:12:pmic_mt_cust_probe	96	static
pmic.c:4756:16:store_dlpt_stop	48	static
pmic.c:4661:16:store_battery_percent_stop	48	static
pmic.c:4565:16:store_battery_oc_protect_stop	48	static
pmic.c:4470:16:store_low_battery_protect_stop	48	static
pmic.c:612:16:store_pmic_dvt	48	static
pmic.c:3715:13:pmic_ftm_compat_ioctl	16	static
pmic.c:412:6:upmu_set_rg_vio18_cal	32	static
pmic.c:2198:6:register_battery_percent_notify	48	static
pmic.c:4806:12:fb_early_init_dt_get_chosen	48	static
pmic.c:3286:6:wake_up_pmic	32	static
pmic.c:3303:13:mt_pmic_eint_irq	16	static
pmic.c:5144:19:pmic_mt_init	32	static
pmic.c:2434:6:enable_dummy_load.part.11	16	static
pmic.c:260:14:pmic_read_interface_nolock	64	static
pmic.c:167:14:pmic_read_interface	80	static
pmic.c:357:14:upmu_get_reg_value	32	static
pmic.c:665:12:mtk_regulator_disable	32	static
pmic.c:646:12:mtk_regulator_enable	32	static
pmic.c:707:12:mtk_regulator_get_voltage_sel	32	static
pmic.c:4311:12:proc_dump_register_show	144	static
pmic.c:4229:12:proc_utilization_show	96	static
pmic.c:291:14:pmic_config_interface_nolock	80	static
pmic.c:203:14:pmic_config_interface	80	static
pmic.c:559:16:store_pmic_access	48	static
pmic.c:347:6:pmic_lock	16	static
pmic.c:352:6:pmic_unlock	16	static
pmic.c:368:6:upmu_set_reg_value	16	static
pmic.c:380:6:mt6328_dump_register	160	static
pmic.c:435:6:upmu_set_rg_vio18_184	16	static
pmic.c:451:6:upmu_set_rg_vmc_184	16	static
pmic.c:474:6:upmu_set_rg_vcamd	16	static
pmic.c:753:12:mtk_regulator_set_voltage_sel	32	static
pmic.c:495:5:pmic_read_VMC_efuse	32	static
pmic.c:538:14:upmu_get_rgs_chrdet	16	static
pmic.c:3188:6:chrdet_int_handler	16	static
pmic.c:1432:6:pmic_regulator_suspend	48	static
pmic.c:1451:6:pmic_regulator_resume	48	static
pmic.c:1470:12:pmic_regulator_pm_event	16	static
pmic.c:1492:6:mtk_regulator_init	64	static
pmic.c:1581:6:pmic6328_regulator_test	80	static
pmic.c:1846:6:exec_low_battery_callback	48	static
pmic.c:4434:16:store_low_battery_protect_ut	48	static
pmic.c:1865:6:lbat_min_en_setting	32	static
pmic.c:1872:6:lbat_max_en_setting	32	static
pmic.c:1907:6:bat_h_int_handler	16	static
pmic.c:1940:6:bat_l_int_handler	32	static
pmic.c:1879:6:low_battery_protect_init	32	static
pmic.c:2030:6:register_battery_oc_notify	16	static
pmic.c:2042:6:exec_battery_oc_callback	64	static
pmic.c:4529:16:store_battery_oc_protect_ut	48	static
pmic.c:2064:6:bat_oc_h_en_setting	16	static
pmic.c:2069:6:bat_oc_l_en_setting	16	static
pmic.c:2114:6:fg_cur_h_int_handler	16	static
pmic.c:2135:6:fg_cur_l_int_handler	32	static
pmic.c:5026:12:pmic_mt_resume	32	static
pmic.c:4995:12:pmic_mt_suspend	16	static
pmic.c:2074:6:battery_oc_protect_init	48	static
pmic.c:2093:6:battery_oc_protect_reinit	48	static
pmic.c:2223:6:exec_battery_percent_callback	48	static
pmic.c:2255:5:bat_percent_notify_handler	128	static
pmic.c:4623:16:store_battery_percent_ut	48	static
pmic.c:2312:6:bat_percent_notify_init	48	static
pmic.c:2353:5:do_ptim	48	static
pmic.c:2434:6:enable_dummy_load	16	static
pmic.c:2524:6:register_dlpt_notify	32	static
pmic.c:2538:6:exec_dlpt_callback	48	static
pmic.c:4724:16:store_dlpt_ut	48	static
pmic.c:2617:5:get_rac_val	128	static
pmic.c:2699:5:get_dlpt_imix_spm	48	static
pmic.c:2761:5:get_dlpt_imix	128	static
pmic.c:2804:5:get_dlpt_imix_charging	32	static
pmic.c:2848:5:dlpt_notify_handler	160	static
pmic.c:2824:5:dlpt_check_power_off	0	static
pmic.c:2970:5:get_system_loading_ma	32	static
pmic.c:2988:6:dlpt_notify_init	48	static
pmic.c:3259:6:auxadc_imp_int_handler_r	16	static
pmic.c:3311:6:pmic_enable_interrupt	16	static
pmic.c:3337:6:pmic_register_interrupt_callback	0	static
pmic.c:3355:6:PMIC_EINT_SETTING	48	static
pmic.c:3458:6:pmic_enable_charger_detection_int	16	static
pmic.c:3488:12:pmic_thread_kthread	128	static
pmic.c:3478:6:is_charger_detection_rdy	0	static
pmic.c:3546:5:is_ext_buck2_exist	16	static
pmic.c:3561:5:is_ext_vbat_boost_exist	0	static
pmic.c:3566:5:is_ext_swchr_exist	0	static
pmic.c:3623:5:get_ext_buck_i2c_ch_num	16	static
pmic.c:3631:5:is_ext_buck_sw_ready	16	static
pmic.c:3639:5:is_ext_buck_exist	16	static
pmic.c:3662:13:pmic_ftm_ioctl	48	static
pmic.c:3756:6:pmic_ftm_init	32	static
pmic.c:3791:16:is_battery_remove_pmic	0	static
pmic.c:3798:6:pmic_setting_for_co_tsx	32	static
pmic.c:3836:6:PMIC_INIT_SETTING_V1	32	static
pmic.c:4140:6:PMIC_CUSTOM_SETTING_V1	0	static
pmic.c:4156:6:dump_ldo_status_read_debug	96	static
pmic.c:4342:6:pmic_debug_init	32	static
pmic.c:4814:12:pmic_mt_probe	96	static
pmic.c:4406:6:pwrkey_sw_workaround_init	48	static
pmic.c:5094:14:pmic_Read_Efuse_HPOffset	64	static
