rt9458.c:272:12:rt9458_debug_open	0	static
rt9458.c:1235:12:rt9458_remove	16	static
rt9458.c:1150:20:rt9458_eint_interrupt_handler	32	static
rt9458.c:235:16:rt9458_debug_write	480	static
rt9458.c:264:16:rt9458_debug_read	304	static
rt9458.c:1300:20:rt9458_exit	16	static
rt9458.c:468:11:rt9458_find_closest_reg_value	0	static
rt9458.c:302:12:rt9458_regmap_write	48	static
rt9458.c:285:12:rt9458_regmap_read	48	static
rt9458.c:423:12:rt9458_i2c_read_byte	32	static
rt9458.c:442:12:rt9458_i2c_update_bits	64	static
rt9458.c:1116:12:rt9458_event_handler	128	static
rt9458.c:1280:19:rt9458_init	32	static
rt9458.c:580:5:rt_charger_hw_init	64	static
rt9458.c:672:5:rt_charger_enable_charging	32	static
rt9458.c:686:5:rt_charger_enable_hz	16	static
rt9458.c:696:5:rt_charger_enable_te	32	static
rt9458.c:710:5:rt_charger_enable_te_shutdown	32	static
rt9458.c:724:5:rt_charger_enable_timer	16	static
rt9458.c:734:5:rt_charger_enable_otg	32	static
rt9458.c:746:5:rt_charger_enable_pumpX	0	static
rt9458.c:751:5:rt_charger_disable_aicr	16	static
rt9458.c:760:5:rt_charger_disable_mivr	16	static
rt9458.c:773:5:rt_charger_set_ichg	48	static
rt9458.c:792:5:rt_charger_set_ieoc	48	static
rt9458.c:813:5:rt_charger_set_aicr	48	static
rt9458.c:860:5:rt_charger_set_mivr	48	static
rt9458.c:602:5:rt_charger_sw_init	64	static
rt9458.c:880:5:rt_charger_set_battery_voreg	48	static
rt9458.c:901:5:rt_charger_set_boost_voreg	16	static
rt9458.c:917:5:rt_charger_set_ta_current_pattern	0	static
rt9458.c:922:5:rt_charger_get_charging_status	32	static
rt9458.c:941:5:rt_charger_get_ichg	32	static
rt9458.c:956:5:rt_charger_get_ieoc	32	static
rt9458.c:971:5:rt_charger_get_aicr	32	static
rt9458.c:1008:5:rt_charger_get_mivr	32	static
rt9458.c:1023:5:rt_charger_get_battery_voreg	32	static
rt9458.c:1038:5:rt_charger_get_boost_voreg	32	static
rt9458.c:1053:5:rt_charger_is_charging_enable	32	static
rt9458.c:644:5:rt_charger_dump_register	80	static
rt9458.c:1188:12:rt9458_probe	128	static
rt9458.c:1066:5:rt_charger_reset_wchdog_timer	0	static
rt9458.c:1072:5:rt_charger_get_vinovpi	32	static
