m4u.c:1414:12:MTK_M4U_flush	0	static
m4u.c:2277:12:compat_get_m4u_module_struct	0	static
m4u.c:336:20:m4u_user_v2p	32	static
m4u.c:317:12:m4u_dump_mmaps	32	static
m4u.c:388:12:m4u_fill_sgtable_user	144	static
m4u.c:923:12:__m4u_cache_sync_kernel	16	static
m4u.c:1303:5:m4u_mva_map_kernel	112	static
m4u.c:1383:5:m4u_mva_unmap_kernel	32	static
m4u.c:2372:6:MTK_M4U_COMPAT_ioctl	64	static
m4u.c:2589:12:m4u_pm_restore_noirq	16	static
m4u.c:2729:20:MTK_M4U_Exit	16	static
m4u.c:2539:12:m4u_remove	32	static
m4u.c:2489:12:m4u_probe	64	static
m4u.c:2654:19:MTK_M4U_Init	48	static
m4u.c:2718:19:mtk_m4u_late_init	16	static
m4u.c:85:12:m4u_buf_show	48	static
m4u.c:1276:5:m4u_query_mva_info	48	static
m4u.c:2561:12:m4u_resume	16	static
m4u.c:2580:12:m4u_pm_resume	16	static
m4u.c:2553:12:m4u_suspend	16	static
m4u.c:2571:12:m4u_pm_suspend	16	static
m4u.c:98:5:m4u_dump_buf_info	32	static
m4u.c:213:24:m4u_client_find_buf	48	static
m4u.c:138:5:m4u_get_sgtable_pages	0	static
m4u.c:144:5:m4u_put_sgtable_pages	48	static
m4u.c:265:15:m4u_create_client	32	static
m4u.c:1391:12:MTK_M4U_open	32	static
m4u.c:519:18:m4u_create_sgtable	128	static
m4u.c:597:5:m4u_destroy_sgtable	32	static
m4u.c:608:5:m4u_alloc_mva	304	static
m4u.c:739:5:m4u_alloc_mva_sg	96	static
m4u.c:793:5:m4u_dealloc_mva	208	static
m4u.c:283:5:m4u_destroy_client	96	static
m4u.c:1406:12:MTK_M4U_release	16	static
m4u.c:781:5:m4u_dealloc_mva_sg	128	static
m4u.c:878:5:m4u_dma_cache_flush_all	16	static
m4u.c:885:6:m4u_dma_cache_flush_range	16	static
m4u.c:1013:5:m4u_cache_sync_by_range	112	static
m4u.c:1050:5:m4u_cache_sync	96	static
m4u.c:1114:6:m4u_dma_map_area	16	static
m4u.c:1124:6:m4u_dma_unmap_area	16	static
m4u.c:1134:6:m4u_dma_op	176	static
m4u.c:2024:13:MTK_M4U_ioctl	224	static
m4u.c:1248:5:m4u_dump_info	0	static
m4u.c:1253:6:m4u_get_pgd	48	static
m4u.c:1264:15:m4u_mva_to_pa	32	static
