cmdq_mdp.c:622:10:cmdq_mdp_rdma_get_reg_offset_src_addr	0	static
cmdq_mdp.c:627:10:cmdq_mdp_wrot_get_reg_offset_dst_addr	0	static
cmdq_mdp.c:632:10:cmdq_mdp_wdma_get_reg_offset_dst_addr	0	static
cmdq_mdp.c:637:6:testcase_clkmgr_mdp	0	static
cmdq_mdp.c:179:20:cmdq_M4U_TranslationFault_callback	80	static
cmdq_mdp.c:221:6:cmdq_mdp_init_module_base_VA	32	static
cmdq_mdp.c:236:6:cmdq_mdp_deinit_module_base_VA	32	static
cmdq_mdp.c:307:6:cmdq_mdp_init_module_clk	32	static
cmdq_mdp.c:327:9:cmdqMdpClockOn	32	static
cmdq_mdp.c:361:9:cmdqMdpDumpInfo	224	static
cmdq_mdp.c:612:6:cmdqMdpInitialSetting	32	static
cmdq_mdp.c:677:13:cmdq_mdp_dispatch	464	static
cmdq_mdp.c:213:9:cmdqVEncDumpInfo	16	static
cmdq_mdp.c:75:1:cmdq_mdp_enable_clock_CAM_MDP	16	static
cmdq_mdp.c:76:1:cmdq_mdp_enable_clock_MDP_RDMA0	16	static
cmdq_mdp.c:77:1:cmdq_mdp_enable_clock_MDP_RSZ0	16	static
cmdq_mdp.c:78:1:cmdq_mdp_enable_clock_MDP_RSZ1	16	static
cmdq_mdp.c:79:1:cmdq_mdp_enable_clock_MDP_WDMA	16	static
cmdq_mdp.c:80:1:cmdq_mdp_enable_clock_MDP_WROT0	16	static
cmdq_mdp.c:81:1:cmdq_mdp_enable_clock_MDP_TDSHP0	16	static
cmdq_mdp.c:276:6:cmdq_mdp_enable_clock	16	static
cmdq_mdp.c:82:1:cmdq_mdp_clock_is_enable_CAM_MDP	16	static
cmdq_mdp.c:83:1:cmdq_mdp_clock_is_enable_MDP_RDMA0	16	static
cmdq_mdp.c:84:1:cmdq_mdp_clock_is_enable_MDP_RSZ0	16	static
cmdq_mdp.c:85:1:cmdq_mdp_clock_is_enable_MDP_RSZ1	16	static
cmdq_mdp.c:86:1:cmdq_mdp_clock_is_enable_MDP_WDMA	16	static
cmdq_mdp.c:87:1:cmdq_mdp_clock_is_enable_MDP_WROT0	16	static
cmdq_mdp.c:88:1:cmdq_mdp_clock_is_enable_MDP_TDSHP0	16	static
cmdq_mdp.c:253:6:cmdq_mdp_clock_is_on	16	static
cmdq_mdp.c:92:6:cmdq_mdp_get_module_base_VA_MDP_RDMA	0	static
cmdq_mdp.c:97:6:cmdq_mdp_get_module_base_VA_MDP_RSZ0	0	static
cmdq_mdp.c:102:6:cmdq_mdp_get_module_base_VA_MDP_RSZ1	0	static
cmdq_mdp.c:107:6:cmdq_mdp_get_module_base_VA_MDP_WDMA	0	static
cmdq_mdp.c:112:6:cmdq_mdp_get_module_base_VA_MDP_WROT	0	static
cmdq_mdp.c:117:6:cmdq_mdp_get_module_base_VA_MDP_TDSHP	0	static
cmdq_mdp.c:122:6:cmdq_mdp_get_module_base_VA_VENC	0	static
cmdq_mdp.c:139:9:cmdq_mdp_reset_with_mmsys	32	static
cmdq_mdp.c:420:9:cmdqMdpResetEng	128	static
cmdq_mdp.c:540:9:cmdqMdpClockOff	32	static
cmdq_mdp.c:726:6:cmdq_mdp_platform_function_setting	16	static
