kd_sensorlist.c:3476:12:CAMERA_HW_Release	0	static
kd_sensorlist.c:3605:12:CAMERA_HW_i2c_remove	0	static
kd_sensorlist.c:3648:12:CAMERA_HW_Open2	0	static
kd_sensorlist.c:3668:12:CAMERA_HW_Release2	0	static
kd_sensorlist.c:3797:12:CAMERA_HW_i2c_remove2	0	static
kd_sensorlist.c:3855:12:CAMERA_HW_suspend	0	static
kd_sensorlist.c:3864:12:CAMERA_HW_resume	0	static
kd_sensorlist.c:3886:12:CAMERA_HW_suspend2	0	static
kd_sensorlist.c:3895:12:CAMERA_HW_resume2	0	static
kd_sensorlist.c:4069:17:CAMERA_HW_DumpReg_To_Proc	0	static
kd_sensorlist.c:4073:17:CAMERA_HW_DumpReg_To_Proc2	0	static
kd_sensorlist.c:4078:17:CAMERA_HW_DumpReg_To_Proc3	0	static
kd_sensorlist.c:1182:5:kdSetSensorSyncFlag	48	static
kd_sensorlist.c:862:1:kd_MultiSensorFeatureControl	96	static
kd_sensorlist.c:790:1:kd_MultiSensorGetInfo	528	static
kd_sensorlist.c:914:1:kd_MultiSensorControl	128	static
kd_sensorlist.c:984:1:kd_MultiSensorClose	80	static
kd_sensorlist.c:721:1:kd_MultiSensorOpen	112	static
kd_sensorlist.c:830:1:kd_MultiSensorGetResolution	48	static
kd_sensorlist.c:1211:5:kdSensorSyncFunctionPtr	64	static
kd_sensorlist.c:3765:12:CAMERA_HW_i2c_probe2	48	static
kd_sensorlist.c:3437:12:CAMERA_HW_Open	16	static
kd_sensorlist.c:3131:13:CAMERA_HW_Ioctl_Compat	96	static
kd_sensorlist.c:4374:20:CAMERA_HW_i2C_exit	32	static
kd_sensorlist.c:3880:12:CAMERA_HW_remove2	16	static
kd_sensorlist.c:3846:12:CAMERA_HW_remove	16	static
kd_sensorlist.c:3872:12:CAMERA_HW_probe2	16	static
kd_sensorlist.c:3829:12:CAMERA_HW_probe	48	static
kd_sensorlist.c:4243:12:proc_camera_info_open	16	static
kd_sensorlist.c:4236:12:subsys_camera_info_read	48	static
kd_sensorlist.c:4154:17:CAMERA_HW_Reg_Debug3	128	static
kd_sensorlist.c:4125:17:CAMERA_HW_Reg_Debug2	112	static
kd_sensorlist.c:4087:17:CAMERA_HW_Reg_Debug	192	static
kd_sensorlist.c:4258:19:CAMERA_HW_i2C_init	48	static
kd_sensorlist.c:1253:5:kdGetRawGainInfoPtr	32	static
kd_sensorlist.c:153:13:KD_IMGSENSOR_PROFILE_INIT	16	static
kd_sensorlist.c:161:13:KD_IMGSENSOR_PROFILE	32	static
kd_sensorlist.c:254:8:kdGetSensorInitFuncList	16	static
kd_sensorlist.c:268:5:iMultiReadReg	80	static
kd_sensorlist.c:316:5:iReadReg	80	static
kd_sensorlist.c:379:5:iReadRegI2C	80	static
kd_sensorlist.c:439:5:iWriteReg	96	static
kd_sensorlist.c:495:5:kdSetI2CBusNum	48	static
kd_sensorlist.c:509:6:kdSetI2CSpeed	48	static
kd_sensorlist.c:526:5:kdReleaseI2CTriggerLock	0	static
kd_sensorlist.c:542:5:iBurstWriteReg_multi	128	static
kd_sensorlist.c:632:5:iBurstWriteReg	16	static
kd_sensorlist.c:642:5:iMultiWriteReg	16	static
kd_sensorlist.c:666:5:iWriteRegI2C	64	static
kd_sensorlist.c:709:1:kdSetI2CSlaveID	64	static
kd_sensorlist.c:1047:1:kdModulePowerOn	64	static
kd_sensorlist.c:1074:5:kdSetDriver	128	static
kd_sensorlist.c:1151:5:kdSetCurrentSensorIdx	0	static
kd_sensorlist.c:1160:1:kdGetSocketPostion	0	static
kd_sensorlist.c:1198:5:kdCheckSensorPowerOn	0	static
kd_sensorlist.c:1278:5:kdSetExpGain	80	static
kd_sensorlist.c:1311:5:kdSensorSetExpGainWaitDone	112	static
kd_sensorlist.c:3294:13:CAMERA_HW_Ioctl	1456	static
kd_sensorlist.c:2806:6:Get_Cam_Regulator	64	static
kd_sensorlist.c:3570:12:CAMERA_HW_i2c_probe	48	static
kd_sensorlist.c:2868:6:_hwPowerOn	32	static
kd_sensorlist.c:2903:6:_hwPowerDown	32	static
