dst.h:493:19:dst_output	16	static
raw.c:87:6:raw_hash_sk	48	static
raw.c:101:6:raw_unhash_sk	32	static
raw.c:988:6:raw_seq_stop	16	static
raw.c:301:12:raw_rcv_skb	32	static
raw.c:672:12:raw_bind	32	static
raw.c:699:12:raw_recvmsg	96	static
raw.c:664:13:raw_destroy	32	static
raw.c:879:12:compat_raw_ioctl	16	static
raw.c:770:12:raw_geticmpfilter	16	static
raw.c:761:12:raw_seticmpfilter	32	static
raw.c:654:13:raw_close	32	static
raw.c:1033:5:raw_seq_open	32	static
raw.c:1049:12:raw_v4_seq_open	16	static
raw.c:1070:24:raw_exit_net	16	static
raw.c:1015:12:raw_seq_show	192	static
raw.c:1062:23:raw_init_net	16	static
raw.c:112:21:__raw_v4_lookup.isra.15	0	static
raw.c:810:12:compat_raw_setsockopt	16	static
raw.c:831:12:raw_getsockopt	16	static
raw.c:752:12:raw_init	0	static
raw.c:849:12:raw_ioctl	48	static
raw.c:470:12:raw_sendmsg	304	static
raw.c:801:12:raw_setsockopt	16	static
raw.c:840:12:compat_raw_getsockopt	16	static
raw.c:966:7:raw_seq_start	48	static
raw.c:975:7:raw_seq_next	0	static
raw.c:275:6:raw_icmp_error	96	static
raw.c:314:5:raw_rcv	32	static
raw.c:196:5:raw_local_deliver	80	static
raw.c:1080:12:raw_proc_init	16	static
raw.c:1085:13:raw_proc_exit	16	static
