rt-regmap.c:150:32:find_register_index	0	static
rt-regmap.c:310:12:rt_chip_block_read	16	static
rt-regmap.c:460:12:rt_block_write_blk_all	0	static
rt-regmap.c:473:12:rt_block_write_blk_chip	0	static
rt-regmap.c:1758:12:eachreg_open	0	static
rt-regmap.c:254:5:rt_is_reg_volatile	48	static
rt-regmap.c:274:5:rt_get_regsize	48	static
rt-regmap.c:631:6:rt_regmap_cache_backup	48	static
rt-regmap.c:928:5:rt_regmap_block_write	64	static
rt-regmap.c:959:5:rt_regmap_block_read	64	static
rt-regmap.c:1142:5:rt_regmap_cache_reload	64	static
rt-regmap.c:650:5:_rt_regmap_reg_write	80	static
rt-regmap.c:793:5:_rt_regmap_update_bits	96	static
rt-regmap.c:976:5:_rt_regmap_reg_read	80	static
rt-regmap.c:562:12:rt_cache_block_read	256	static
rt-regmap.c:1044:6:rt_cache_getlasterror	48	static
rt-regmap.c:1052:6:rt_cache_clrlasterror	32	static
rt-regmap.c:1062:5:rt_regmap_cache_init	80	static
rt-regmap.c:1179:5:rt_regmap_add_debugfs	16	static
rt-regmap.c:1872:13:rt_regmap_device_release	16	static
rt-regmap.c:1195:13:rt_regmap_cache_release	48	static
rt-regmap.c:2099:19:regmap_plat_init	32	static
rt-regmap.c:1970:26:rt_regmap_device_register	176	static
rt-regmap.c:1647:12:general_release	16	static
rt-regmap.c:125:12:get_datas	80	static
rt-regmap.c:1764:16:eachreg_write	80	static
rt-regmap.c:1246:13:rt_show_regs	1168	static
rt-regmap.c:1289:12:general_read	96	static
rt-regmap.c:1795:16:eachreg_read	320	static
rt-regmap.c:2081:6:rt_regmap_device_unregister	64	static
rt-regmap.c:2112:20:regmap_plat_exit	16	static
rt-regmap.c:296:12:rt_chip_block_write	16	static
rt-regmap.c:511:12:rt_block_write	64	static
rt-regmap.c:189:6:rt_regmap_cache_sync	64	static
rt-regmap.c:287:13:rt_work_func	32	static
rt-regmap.c:221:6:rt_regmap_cache_write_back	80	static
rt-regmap.c:319:12:rt_cache_block_write	288	static
rt-regmap.c:388:12:rt_asyn_cache_block_write	304	static
rt-regmap.c:720:5:_rt_asyn_regmap_reg_write	80	static
rt-regmap.c:941:5:rt_asyn_regmap_block_write	64	static
rt-regmap.c:491:12:rt_block_write_blk_cache	80	static
rt-regmap.c:1411:12:general_open	16	static
rt-regmap.c:101:12:get_parameters.constprop	64	static
rt-regmap.c:1419:16:general_write	256	static
