alsps.c:481:16:als_store_flush	0	static
alsps.c:633:16:ps_store_flush	0	static
alsps.c:662:12:als_ps_remove	16	static
alsps.c:668:12:als_ps_probe	32	static
alsps.c:427:16:als_show_delay	16	static
alsps.c:578:16:ps_show_delay	16	static
alsps.c:437:16:als_store_batch	64	static
alsps.c:588:16:ps_store_batch	64	static
alsps.c:382:16:als_show_active	32	static
alsps.c:475:16:als_show_batch	16	static
alsps.c:487:16:als_show_flush	16	static
alsps.c:531:16:ps_show_active	32	static
alsps.c:627:16:ps_show_batch	16	static
alsps.c:639:16:ps_show_flush	16	static
alsps.c:394:16:als_store_delay	80	static
alsps.c:543:16:ps_store_delay	80	static
alsps.c:493:16:als_show_devnum	80	static
alsps.c:645:16:ps_show_devnum	80	static
alsps.c:151:13:als_poll	16	static
alsps.c:159:13:ps_poll	16	static
alsps.c:720:5:alsps_driver_add	80	static
alsps.c:1082:19:alsps_init	96	static
alsps.c:510:16:ps_store_active	64	static
alsps.c:361:16:als_store_active	64	static
alsps.c:24:5:als_data_report	48	static
alsps.c:50:13:als_work_func	48	static
alsps.c:41:5:ps_data_report	32	static
alsps.c:758:5:ps_report_interrupt_data	48	static
alsps.c:96:13:ps_work_func	48	static
alsps.c:752:25:get_alsps_platformdev	0	static
alsps.c:855:5:als_register_data_path	32	static
alsps.c:871:5:ps_register_data_path	32	static
alsps.c:887:5:als_register_control_path	32	static
alsps.c:925:5:ps_register_control_path	32	static
alsps.c:968:5:alsps_aal_enable	16	static
alsps.c:995:5:alsps_aal_get_status	0	static
alsps.c:1000:5:alsps_aal_get_data	32	static
alsps.c:1094:20:alsps_exit	48	static
