mt_auxadc.c:675:12:auxadc_cali_open	0	static
mt_auxadc.c:680:12:auxadc_cali_release	0	static
mt_auxadc.c:1963:20:mt_auxadc_exit	0	static
mt_auxadc.c:1382:16:store_AUXADC_Channel_Is_Calibration	32	static
mt_auxadc.c:1358:16:store_AUXADC_Channel_15_Offset	32	static
mt_auxadc.c:1339:16:store_AUXADC_Channel_15_Slope	32	static
mt_auxadc.c:1316:16:store_AUXADC_Channel_14_Offset	32	static
mt_auxadc.c:1297:16:store_AUXADC_Channel_14_Slope	32	static
mt_auxadc.c:1274:16:store_AUXADC_Channel_13_Offset	32	static
mt_auxadc.c:1255:16:store_AUXADC_Channel_13_Slope	32	static
mt_auxadc.c:1232:16:store_AUXADC_Channel_12_Offset	32	static
mt_auxadc.c:1213:16:store_AUXADC_Channel_12_Slope	32	static
mt_auxadc.c:1190:16:store_AUXADC_Channel_11_Offset	32	static
mt_auxadc.c:1171:16:store_AUXADC_Channel_11_Slope	32	static
mt_auxadc.c:1148:16:store_AUXADC_Channel_10_Offset	32	static
mt_auxadc.c:1129:16:store_AUXADC_Channel_10_Slope	32	static
mt_auxadc.c:1106:16:store_AUXADC_Channel_9_Offset	32	static
mt_auxadc.c:1087:16:store_AUXADC_Channel_9_Slope	32	static
mt_auxadc.c:1064:16:store_AUXADC_Channel_8_Offset	32	static
mt_auxadc.c:1045:16:store_AUXADC_Channel_8_Slope	32	static
mt_auxadc.c:1022:16:store_AUXADC_Channel_7_Offset	32	static
mt_auxadc.c:1003:16:store_AUXADC_Channel_7_Slope	32	static
mt_auxadc.c:980:16:store_AUXADC_Channel_6_Offset	32	static
mt_auxadc.c:961:16:store_AUXADC_Channel_6_Slope	32	static
mt_auxadc.c:938:16:store_AUXADC_Channel_5_Offset	32	static
mt_auxadc.c:919:16:store_AUXADC_Channel_5_Slope	32	static
mt_auxadc.c:896:16:store_AUXADC_Channel_4_Offset	32	static
mt_auxadc.c:877:16:store_AUXADC_Channel_4_Slope	32	static
mt_auxadc.c:854:16:store_AUXADC_Channel_3_Offset	32	static
mt_auxadc.c:835:16:store_AUXADC_Channel_3_Slope	32	static
mt_auxadc.c:812:16:store_AUXADC_Channel_2_Offset	32	static
mt_auxadc.c:793:16:store_AUXADC_Channel_2_Slope	32	static
mt_auxadc.c:770:16:store_AUXADC_Channel_1_Offset	32	static
mt_auxadc.c:751:16:store_AUXADC_Channel_1_Slope	32	static
mt_auxadc.c:728:16:store_AUXADC_Channel_0_Offset	32	static
mt_auxadc.c:709:16:store_AUXADC_Channel_0_Slope	32	static
mt_auxadc.c:1398:16:store_AUXADC_register	32	static
mt_auxadc.c:652:13:compat_auxadc_unlocked_ioctl	16	static
mt_auxadc.c:1905:12:mt_auxadc_resume	32	static
mt_auxadc.c:1898:12:mt_auxadc_suspend	32	static
mt_auxadc.c:577:13:auxadc_cali_unlocked_ioctl	80	static
mt_auxadc.c:1683:12:proc_utilization_open	16	static
mt_auxadc.c:1372:16:show_AUXADC_Channel_Is_Calibration	32	static
mt_auxadc.c:1348:16:show_AUXADC_Channel_15_Offset	32	static
mt_auxadc.c:1329:16:show_AUXADC_Channel_15_Slope	32	static
mt_auxadc.c:1306:16:show_AUXADC_Channel_14_Offset	32	static
mt_auxadc.c:1287:16:show_AUXADC_Channel_14_Slope	32	static
mt_auxadc.c:1264:16:show_AUXADC_Channel_13_Offset	32	static
mt_auxadc.c:1245:16:show_AUXADC_Channel_13_Slope	32	static
mt_auxadc.c:1222:16:show_AUXADC_Channel_12_Offset	32	static
mt_auxadc.c:1203:16:show_AUXADC_Channel_12_Slope	32	static
mt_auxadc.c:1180:16:show_AUXADC_Channel_11_Offset	32	static
mt_auxadc.c:1161:16:show_AUXADC_Channel_11_Slope	32	static
mt_auxadc.c:1138:16:show_AUXADC_Channel_10_Offset	32	static
mt_auxadc.c:1119:16:show_AUXADC_Channel_10_Slope	32	static
mt_auxadc.c:1096:16:show_AUXADC_Channel_9_Offset	32	static
mt_auxadc.c:1077:16:show_AUXADC_Channel_9_Slope	32	static
mt_auxadc.c:1054:16:show_AUXADC_Channel_8_Offset	32	static
mt_auxadc.c:1035:16:show_AUXADC_Channel_8_Slope	32	static
mt_auxadc.c:1012:16:show_AUXADC_Channel_7_Offset	32	static
mt_auxadc.c:993:16:show_AUXADC_Channel_7_Slope	32	static
mt_auxadc.c:970:16:show_AUXADC_Channel_6_Offset	32	static
mt_auxadc.c:951:16:show_AUXADC_Channel_6_Slope	32	static
mt_auxadc.c:928:16:show_AUXADC_Channel_5_Offset	32	static
mt_auxadc.c:909:16:show_AUXADC_Channel_5_Slope	32	static
mt_auxadc.c:886:16:show_AUXADC_Channel_4_Offset	32	static
mt_auxadc.c:867:16:show_AUXADC_Channel_4_Slope	32	static
mt_auxadc.c:844:16:show_AUXADC_Channel_3_Offset	32	static
mt_auxadc.c:825:16:show_AUXADC_Channel_3_Slope	32	static
mt_auxadc.c:802:16:show_AUXADC_Channel_2_Offset	32	static
mt_auxadc.c:783:16:show_AUXADC_Channel_2_Slope	32	static
mt_auxadc.c:760:16:show_AUXADC_Channel_1_Offset	32	static
mt_auxadc.c:741:16:show_AUXADC_Channel_1_Slope	32	static
mt_auxadc.c:718:16:show_AUXADC_Channel_0_Offset	32	static
mt_auxadc.c:699:16:show_AUXADC_Channel_0_Slope	32	static
mt_auxadc.c:521:12:mt_auxadc_dump_register	48	static
mt_auxadc.c:1393:16:show_AUXADC_register	16	static
mt_auxadc.c:1464:16:store_AUXADC_channel	80	static
mt_auxadc.c:1891:13:mt_auxadc_shutdown	16	static
mt_auxadc.c:1885:12:mt_auxadc_remove	16	static
mt_auxadc.c:1941:19:mt_auxadc_init	32	static
mt_auxadc.c:286:12:IMM_auxadc_GetOneChannelValue	96	static
mt_auxadc.c:1430:12:dbug_thread	96	static
mt_auxadc.c:1408:16:show_AUXADC_chanel	336	static
mt_auxadc.c:1650:12:proc_utilization_show	112	static
mt_auxadc.c:441:6:mt_auxadc_hal_init	48	static
mt_auxadc.c:1710:12:mt_auxadc_probe	112	static
mt_auxadc.c:536:5:IMM_IsAdcInitReady	0	static
mt_auxadc.c:541:5:IMM_get_adc_channel_num	64	static
mt_auxadc.c:561:5:IMM_GetOneChannelValue	16	static
mt_auxadc.c:568:5:IMM_GetOneChannelValue_Cali	64	static
