wd_api.c:120:21:wd_get_kick_bit	16	static
wd_api.c:115:21:wd_get_check_bit	16	static
wd_api.c:229:13:resume_notify	16	static
wd_api.c:224:13:suspend_notify	16	static
wd_api.c:218:12:confirm_hwreboot	16	static
wd_api.c:178:12:disable_ext	16	static
wd_api.c:234:12:disable_all_wd	16	static
wd_api.c:165:12:mtk_wk_wdt_config	32	static
wd_api.c:159:12:wd_sw_reset	16	static
wd_api.c:151:12:wd_cpu_hot_plug_off_notify	16	static
wd_api.c:126:12:wd_restart	16	static
wd_api.c:140:12:wd_cpu_hot_plug_on_notify	16	static
wd_api.c:776:19:mtk_arch_reset_init	32	static
wd_api.c:185:12:disable_local	16	static
wd_api.c:358:12:debug_key_sysrst_config	32	static
wd_api.c:337:12:debug_key_eint_config	32	static
wd_api.c:295:12:thermal_direct_mode_config	32	static
wd_api.c:269:12:thermal_mode_config	32	static
wd_api.c:243:12:spmwdt_mode_config	32	static
wd_api.c:323:12:wd_dram_reserved_mode	16	static
wd_api.c:198:12:set_mode	32	static
wd_api.c:647:20:warmboot_addr_console_early_init	32	static
wd_api.c:76:13:mtk_wd_suspend_sodi	0	static
wd_api.c:80:13:mtk_wd_resume_sodi	0	static
wd_api.c:573:5:wd_api_init	64	static
wd_api.c:597:5:get_wd_api	0	static
wd_api.c:660:6:arch_reset	64	static
wd_api.c:768:12:mtk_arch_reset_handle	32	static
