mt_spm_sleep.c:1557:6:write_magic	32	static
mt_spm_sleep.c:904:29:aee_rr_rec_spm_suspend_val	0	static
mt_spm_sleep.c:908:28:aee_rr_curr_spm_suspend_val	0	static
mt_spm_sleep.c:916:28:exec_ccci_kern_func_by_md_id	0	static
mt_spm_sleep.c:922:28:get_dynamic_period	0	static
mt_spm_sleep.c:933:29:mt_cirq_clone_gic	0	static
mt_spm_sleep.c:937:29:mt_cirq_enable	0	static
mt_spm_sleep.c:941:29:mt_cirq_flush	0	static
mt_spm_sleep.c:945:29:mt_cirq_disable	0	static
mt_spm_sleep.c:949:28:request_uart_to_sleep	0	static
mt_spm_sleep.c:954:28:request_uart_to_wakeup	0	static
mt_spm_sleep.c:959:29:mtk_uart_restore	0	static
mt_spm_sleep.c:963:29:mt_eint_print_status	0	static
mt_spm_sleep.c:1103:6:spm_i2c_control	0	static
mt_spm_sleep.c:1458:5:spm_set_sleep_wakesrc	48	static
mt_spm_sleep.c:1485:5:spm_get_sleep_wakesrc	0	static
mt_spm_sleep.c:1534:6:spm_suspend_aee_init	16	static
mt_spm_sleep.c:1543:28:get_dlpt_imix_spm	0	static
mt_spm_sleep.c:1591:15:spm_go_to_sleep	192	static
mt_spm_sleep.c:1802:6:spm_is_md_sleep	0	static
mt_spm_sleep.c:1808:6:spm_is_md1_sleep	0	static
mt_spm_sleep.c:1813:6:spm_is_md2_sleep	0	static
mt_spm_sleep.c:1818:6:spm_is_conn_sleep	0	static
mt_spm_sleep.c:1823:6:spm_set_wakeup_src_check	0	static
mt_spm_sleep.c:1832:6:spm_check_wakeup_src	48	static
mt_spm_sleep.c:1846:6:spm_poweron_config_set	32	static
mt_spm_sleep.c:1856:6:spm_md32_sram_con	32	static
mt_spm_sleep.c:1880:6:spm_ap_mdsrc_req	64	static
mt_spm_sleep.c:1947:6:spm_output_sleep_option	16	static
mt_spm_sleep.c:1954:5:spm_get_last_wakeup_src	0	static
mt_spm_sleep.c:1959:5:spm_get_last_wakeup_misc	0	static
