mt_idle.c:751:12:sys_is_on	32	static
mt_idle.c:1088:6:defeature_soidle_by_display	0	static
mt_idle.c:1594:22:go_to_rgidle	0	static
mt_idle.c:1703:19:dpidle_select_handler	80	static
mt_idle.c:1715:19:soidle_select_handler	96	static
mt_idle.c:1727:19:slidle_select_handler	32	static
mt_idle.c:1739:19:rgidle_select_handler	0	static
mt_idle.c:1948:12:_idle_state_open	0	static
mt_idle.c:2042:12:_dpidle_state_open	0	static
mt_idle.c:2145:12:_soidle_state_open	0	static
mt_idle.c:2245:12:_slidle_state_open	0	static
mt_idle.c:988:17:idle_get_current_time_ms	32	static
mt_idle.c:2250:12:slidle_state_open	16	static
mt_idle.c:2150:12:soidle_state_open	16	static
mt_idle.c:2047:12:dpidle_state_open	16	static
mt_idle.c:1953:12:idle_state_open	16	static
mt_idle.c:1997:16:idle_state_write	80	static
mt_idle.c:1958:16:idle_state_read	112	static
mt_idle.c:1047:6:enable_soidle_by_bit	48	static
mt_idle.c:1067:6:disable_soidle_by_bit	48	static
mt_idle.c:2194:16:soidle_state_write	96	static
mt_idle.c:1282:6:enable_dpidle_by_bit	48	static
mt_idle.c:1302:6:disable_dpidle_by_bit	48	static
mt_idle.c:2093:16:dpidle_state_write	96	static
mt_idle.c:1501:6:enable_slidle_by_bit	48	static
mt_idle.c:1511:6:disable_slidle_by_bit	48	static
mt_idle.c:2284:16:slidle_state_write	96	static
mt_idle.c:959:13:cg_grp_get_name.part.10	16	static
mt_idle.c:2255:16:slidle_state_read	96	static
mt_idle.c:2155:16:soidle_state_read	96	static
mt_idle.c:2052:16:dpidle_state_read	96	static
mt_idle.c:1920:5:rgidle_enter	32	static
mt_idle.c:871:19:get_base_from_node.constprop	32	static
mt_idle.c:2383:6:mt_cpuidle_framework_init	48	static
mt_idle.c:130:28:bus_dcm_enable	0	static
mt_idle.c:134:28:bus_dcm_disable	0	static
mt_idle.c:138:28:mt_dcm_topckg_enable	0	static
mt_idle.c:142:28:mt_dcm_topckg_disable	0	static
mt_idle.c:1906:5:slidle_enter	32	static
mt_idle.c:146:28:tscpu_cancel_thermal_timer	0	static
mt_idle.c:151:28:tscpu_start_thermal_timer	0	static
mt_idle.c:156:28:mtkts_bts_cancel_thermal_timer	0	static
mt_idle.c:161:28:mtkts_btsmdpa_cancel_thermal_timer	0	static
mt_idle.c:166:28:mtkts_pmic_cancel_thermal_timer	0	static
mt_idle.c:171:28:mtkts_battery_cancel_thermal_timer	0	static
mt_idle.c:176:28:mtkts_pa_cancel_thermal_timer	0	static
mt_idle.c:181:28:mtkts_wmt_cancel_thermal_timer	0	static
mt_idle.c:186:28:mtkts_bts_start_thermal_timer	0	static
mt_idle.c:191:28:mtkts_btsmdpa_start_thermal_timer	0	static
mt_idle.c:196:28:mtkts_pmic_start_thermal_timer	0	static
mt_idle.c:201:28:mtkts_battery_start_thermal_timer	0	static
mt_idle.c:206:28:mtkts_pa_start_thermal_timer	0	static
mt_idle.c:211:28:mtkts_wmt_start_thermal_timer	0	static
mt_idle.c:216:28:mtkts_allts_cancel_ts1_timer	0	static
mt_idle.c:221:28:mtkts_allts_cancel_ts2_timer	0	static
mt_idle.c:226:28:mtkts_allts_cancel_ts3_timer	0	static
mt_idle.c:231:28:mtkts_allts_cancel_ts4_timer	0	static
mt_idle.c:236:28:mtkts_allts_cancel_ts5_timer	0	static
mt_idle.c:241:28:mtkts_allts_start_ts1_timer	0	static
mt_idle.c:246:28:mtkts_allts_start_ts2_timer	0	static
mt_idle.c:251:28:mtkts_allts_start_ts3_timer	0	static
mt_idle.c:256:28:mtkts_allts_start_ts4_timer	0	static
mt_idle.c:261:28:mtkts_allts_start_ts5_timer	0	static
mt_idle.c:266:37:spm_go_to_dpidle	0	static
mt_idle.c:271:28:spm_go_to_sodi	0	static
mt_idle.c:276:28:spm_get_sodi_en	0	static
mt_idle.c:281:37:localtimer_get_counter	0	static
mt_idle.c:286:27:localtimer_set_next_event	0	static
mt_idle.c:291:27:hps_del_timer	0	static
mt_idle.c:296:27:hps_restart_timer	0	static
mt_idle.c:1858:5:dpidle_enter	48	static
mt_idle.c:1890:5:soidle_enter	32	static
mt_idle.c:301:28:MMProfileEnable	0	static
mt_idle.c:306:28:MMProfileStart	0	static
mt_idle.c:311:28:msdc_clk_status	0	static
mt_idle.c:807:6:cg_check_idle_can_enter	112	static
mt_idle.c:860:6:faudintbus_pll2sq	0	static
mt_idle.c:866:6:faudintbus_sq2pll	0	static
mt_idle.c:959:13:cg_grp_get_name	16	static
mt_idle.c:966:5:idle_gpt_get_cnt	48	static
mt_idle.c:977:5:idle_gpt_get_cmp	48	static
mt_idle.c:998:6:idle_lock_spm	48	static
mt_idle.c:1007:6:idle_unlock_spm	48	static
mt_idle.c:1222:6:soidle_before_wfi	16	static
mt_idle.c:1239:6:soidle_after_wfi	48	static
mt_idle.c:1421:6:spm_dpidle_before_wfi	16	static
mt_idle.c:1446:6:spm_dpidle_after_wfi	48	static
mt_idle.c:1756:6:dump_idle_cnt_in_interval	112	static
mt_idle.c:1843:5:mt_idle_select	48	static
mt_idle.c:1831:13:idle_ratio_calc_start	32	static
mt_idle.c:1837:13:idle_ratio_calc_stop	32	static
mt_idle.c:1934:6:mt_idle_init	0	static
