mt_spm_fs.c:93:16:talking_pcm_show	0	static
mt_spm_fs.c:103:16:ddrdfs_pcm_show	0	static
mt_spm_fs.c:208:16:talking_ctrl_show	0	static
mt_spm_fs.c:218:16:ddrdfs_ctrl_show	0	static
mt_spm_fs.c:384:16:talking_ctrl_store	0	static
mt_spm_fs.c:395:16:ddrdfs_ctrl_store	0	static
mt_spm_fs.c:417:16:ddren_debug_show	48	static
mt_spm_fs.c:123:16:show_pwr_ctrl	48	static
mt_spm_fs.c:229:16:vcorefs_ctrl_show	16	static
mt_spm_fs.c:203:16:sodi_ctrl_show	16	static
mt_spm_fs.c:194:16:dpidle_ctrl_show	16	static
mt_spm_fs.c:189:16:suspend_ctrl_show	16	static
mt_spm_fs.c:51:16:show_pcm_desc	48	static
mt_spm_fs.c:114:16:vcorefs_pcm_show	16	static
mt_spm_fs.c:88:16:sodi_pcm_show	16	static
mt_spm_fs.c:79:16:dpidle_pcm_show	16	static
mt_spm_fs.c:74:16:suspend_pcm_show	16	static
mt_spm_fs.c:238:16:store_pwr_ctrl	80	static
mt_spm_fs.c:407:16:vcorefs_ctrl_store	16	static
mt_spm_fs.c:378:16:sodi_ctrl_store	16	static
mt_spm_fs.c:368:16:dpidle_ctrl_store	16	static
mt_spm_fs.c:362:16:suspend_ctrl_store	16	static
mt_spm_fs.c:430:16:ddren_debug_store	96	static
mt_spm_fs.c:466:16:golden_dump_show	16	static
mt_spm_fs.c:517:29:slp_create_auto_suspend_resume_thread	0	static
mt_spm_fs.c:521:29:slp_start_auto_suspend_resume_timer	0	static
mt_spm_fs.c:530:16:auto_suspend_resume_store	48	static
mt_spm_fs.c:525:29:slp_set_auto_suspend_wakelock	0	static
mt_spm_fs.c:481:16:auto_suspend_resume_show	80	static
mt_spm_fs.c:613:5:spm_fs_init	32	static
