mt_spm_internal.c:542:12:dt_scan_memory	48	static
mt_spm_internal.c:30:13:aee_sram_printk	64	static
mt_spm_internal.c:34:12:is_ext_buck_exist	0	static
mt_spm_internal.c:39:37:spm_get_i2c_base	0	static
mt_spm_internal.c:129:2:pmic_read_interface_nolock	0	static
mt_spm_internal.c:138:2:pmic_config_interface_nolock	0	static
mt_spm_internal.c:149:6:__spm_reset_and_init_pcm	32	static
mt_spm_internal.c:179:6:__spm_kick_im_to_fetch	0	static
mt_spm_internal.c:199:6:__spm_init_pcm_register	0	static
mt_spm_internal.c:212:6:__spm_init_event_vector	0	static
mt_spm_internal.c:227:6:__spm_set_power_control	0	static
mt_spm_internal.c:272:6:__spm_set_wakeup_event	0	static
mt_spm_internal.c:300:6:__spm_kick_pcm_to_run	0	static
mt_spm_internal.c:327:6:__spm_get_wakeup_status	0	static
mt_spm_internal.c:363:6:__spm_clean_after_wakeup	0	static
mt_spm_internal.c:391:15:__spm_output_wake_reason	352	static
mt_spm_internal.c:441:6:__spm_dbgout_md_ddr_en	0	static
mt_spm_internal.c:460:5:__spm_dpidle_sodi_set_pmic_setting	32	static
mt_spm_internal.c:491:6:__spm_dpidle_sodi_restore_pmic_setting	16	static
mt_spm_internal.c:589:6:spm_set_dram_bank_info_pcm_flag	0	static
mt_spm_internal.c:595:6:spm_set_pcm_init_flag	16	static
