plat_common.h:58:12:hal_log_print	400	static
mtk_btif.c:250:12:mtk_btif_remove	32	static
mtk_btif.c:525:14:btif_poll	64	static
mtk_btif.c:2077:12:btif_rx_data_consummer	80	static
mtk_btif.c:235:12:mtk_btif_probe	32	static
mtk_btif.c:2504:12:_btif_rx_btm_sched	32	static
mtk_btif.c:1411:5:_btif_lpbk_ctrl	48	static
mtk_btif.c:1719:5:_btif_enter_dpidle_from_on	80	static
mtk_btif.c:2330:13:btif_rx_tasklet	48	static
mtk_btif.c:751:16:driver_flag_read	16	static
mtk_btif.c:1839:12:_btif_vfifo_init	80	static
mtk_btif.c:2529:12:_btif_rx_btm_deinit	32	static
mtk_btif.c:1887:12:_btif_vfifo_deinit	80	static
mtk_btif.c:887:5:_btif_irq_reg	32	static
mtk_btif.c:604:12:btif_file_release	16	static
mtk_btif.c:595:12:btif_file_open	16	static
mtk_btif.c:516:6:btif_rx_notify_cb	48	static
mtk_btif.c:2270:13:btif_rx_worker	48	static
mtk_btif.c:2239:12:btif_rx_thread	48	static
mtk_btif.c:2766:5:_btif_dump_memory.constprop	80	static
mtk_btif.c:2570:14:btif_bbs_write.constprop	80	static
mtk_btif.c:946:5:_btif_irq_free	48	static
mtk_btif.c:1487:5:_btif_controller_free	32	static
mtk_btif.c:1193:5:_btif_controller_tx_free	32	static
mtk_btif.c:1227:5:_btif_controller_rx_free	48	static
mtk_btif.c:985:13:btif_irq_handler	32	static
mtk_btif.c:1013:13:btif_tx_dma_irq_handler	32	static
mtk_btif.c:1038:13:btif_rx_dma_irq_handler	48	static
mtk_btif.c:1255:5:_btif_rx_pio_setup	32	static
mtk_btif.c:1939:12:_btif_state_set	48	static
mtk_btif.c:1495:5:_btif_init	80	static
mtk_btif.c:1597:5:_btif_exit_dpidle	32	static
mtk_btif.c:1640:5:_btif_enter_dpidle	32	static
mtk_btif.c:3380:13:BTIF_exit	48	static
mtk_btif.c:2621:14:btif_bbs_read.constprop	64	static
mtk_btif.c:613:16:btif_file_read	128	static
mtk_btif.c:756:16:driver_flag_set	336	static
mtk_btif.c:259:5:_btif_suspend	48	static
mtk_btif.c:318:12:mtk_btif_suspend	32	static
mtk_btif.c:303:12:mtk_btif_drv_suspend	16	static
mtk_btif.c:331:5:_btif_restore_noirq	48	static
mtk_btif.c:371:12:mtk_btif_restore_noirq	48	static
mtk_btif.c:390:5:_btif_resume	48	static
mtk_btif.c:413:12:mtk_btif_resume	32	static
mtk_btif.c:311:12:mtk_btif_drv_resume	16	static
mtk_btif.c:1109:6:btif_parser_wmt_evt	96	static
mtk_btif.c:1387:5:btif_lpbk_ctrl	48	static
mtk_btif.c:1428:5:btif_clock_ctrl	48	static
mtk_btif.c:1628:5:btif_exit_dpidle	32	static
mtk_btif.c:1665:5:btif_enter_dpidle	32	static
mtk_btif.c:1783:5:btif_rx_cb_reg	32	static
mtk_btif.c:1795:5:btif_raise_wak_signal	32	static
mtk_btif.c:2225:5:mtk_btif_rxd_be_blocked_flag_get	112	static
mtk_btif.c:2844:5:btif_dump_reg	48	static
mtk_btif.c:2911:5:btif_rx_notify_reg	32	static
mtk_btif.c:2923:5:btif_dump_data	64	static
mtk_btif.c:2936:5:btif_log_buf_dmp_in	112	static
mtk_btif.c:1090:14:btif_pio_rx_data_receiver	48	static
mtk_btif.c:1071:14:btif_dma_rx_data_receiver	48	static
mtk_btif.c:2809:5:_btif_send_data	96	static
mtk_btif.c:2780:5:btif_send_data	64	static
mtk_btif.c:645:9:btif_file_write	64	static
mtk_btif.c:2286:13:btif_tx_worker	464	static
mtk_btif.c:2994:5:btif_log_buf_dmp_out	128	static
mtk_btif.c:3051:5:btif_log_buf_enable	32	static
mtk_btif.c:3063:5:btif_log_buf_disable	32	static
mtk_btif.c:1562:5:btif_close	48	static
mtk_btif.c:3075:5:btif_log_output_enable	32	static
mtk_btif.c:3087:5:btif_log_output_disable	32	static
mtk_btif.c:3099:5:btif_log_buf_reset	48	static
mtk_btif.c:1531:5:btif_open	48	static
mtk_btif.c:675:6:btif_unlocked_ioctl	48	static
mtk_btif.c:666:6:btif_compat_ioctl	48	static
mtk_btif.c:3118:5:btif_log_buf_init	32	static
mtk_btif.c:3167:12:BTIF_init	80	static
mtk_btif.c:3416:5:mtk_btif_hal_get_log_lvl	0	static
