plat_common.h:58:12:hal_log_print	400	static
mtk_btif_exp.c:74:5:mtk_wcn_btif_open	96	static
mtk_btif_exp.c:24:12:btif_exp_srh_id	64	static
mtk_btif_exp.c:164:5:mtk_wcn_btif_close	64	static
mtk_btif_exp.c:239:5:mtk_wcn_btif_write	48	static
mtk_btif_exp.c:296:5:mtk_wcn_btif_dpidle_ctrl	32	static
mtk_btif_exp.c:330:5:mtk_wcn_btif_rx_cb_register	32	static
mtk_btif_exp.c:358:5:mtk_wcn_btif_wakeup_consys	16	static
mtk_btif_exp.c:396:5:mtk_wcn_btif_loopback_ctrl	32	static
mtk_btif_exp.c:429:5:mtk_wcn_btif_dbg_ctrl	48	static
mtk_btif_exp.c:279:5:mtk_wcn_btif_read	0	static
mtk_btif_exp.c:493:6:mtk_wcn_btif_parser_wmt_evt	48	static
mtk_btif_exp.c:511:5:btif_open_no_id	32	static
mtk_btif_exp.c:526:5:btif_close_no_id	32	static
mtk_btif_exp.c:540:5:btif_write_no_id	32	static
mtk_btif_exp.c:561:5:btif_dpidle_ctrl_no_id	16	static
mtk_btif_exp.c:574:5:btif_wakeup_consys_no_id	16	static
mtk_btif_exp.c:585:5:btif_loopback_ctrl_no_id	16	static
mtk_btif_exp.c:596:5:btif_dbg_ctrl_no_id	48	static
mtk_btif_exp.c:654:5:mtk_btif_exp_open_test	32	static
mtk_btif_exp.c:669:5:mtk_btif_exp_close_test	32	static
mtk_btif_exp.c:689:5:mtk_btif_exp_write_stress_test	80	static
mtk_btif_exp.c:684:5:mtk_btif_exp_write_test	16	static
mtk_btif_exp.c:727:5:mtk_btif_exp_suspend_test	16	static
mtk_btif_exp.c:736:5:mtk_btif_exp_restore_noirq_test	16	static
mtk_btif_exp.c:745:5:mtk_btif_exp_clock_ctrl	16	static
mtk_btif_exp.c:754:5:mtk_btif_exp_resume_test	16	static
mtk_btif_exp.c:763:5:mtk_btif_exp_enter_dpidle_test	16	static
mtk_btif_exp.c:768:5:mtk_btif_exp_exit_dpidle_test	16	static
mtk_btif_exp.c:773:5:mtk_btif_exp_log_debug_test	16	static
