mtk_rtc_hal_common.c:50:5:rtc_read	32	static
mtk_rtc_hal_common.c:175:13:rtc_get_tick	32	static
mtk_rtc_hal_common.c:58:6:rtc_write	16	static
mtk_rtc_hal_common.c:63:6:rtc_busy_wait	64	static
mtk_rtc_hal_common.c:81:6:rtc_write_trigger	16	static
mtk_rtc_hal_common.c:87:6:rtc_writeif_unlock	16	static
mtk_rtc_hal_common.c:95:6:hal_rtc_reload_power	16	static
mtk_rtc_hal_common.c:104:6:rtc_xosc_write	32	static
mtk_rtc_hal_common.c:123:6:rtc_set_writeif	16	static
mtk_rtc_hal_common.c:133:6:rtc_bbpu_pwrdown	16	static
mtk_rtc_hal_common.c:145:6:hal_rtc_set_spare_register	48	static
mtk_rtc_hal_common.c:160:5:hal_rtc_get_spare_register	48	static
mtk_rtc_hal_common.c:185:6:hal_rtc_get_tick_time	32	static
mtk_rtc_hal_common.c:198:6:hal_rtc_set_tick_time	32	static
mtk_rtc_hal_common.c:209:6:hal_rtc_get_alarm_time	32	static
mtk_rtc_hal_common.c:219:6:hal_rtc_set_alarm_time	48	static
mtk_rtc_hal_common.c:245:6:hal_rtc_save_pwron_alarm	16	static
mtk_rtc_hal_common.c:252:6:hal_rtc_get_pwron_alarm_time	32	static
mtk_rtc_hal_common.c:262:6:hal_rtc_set_pwron_alarm_time	32	static
mtk_rtc_hal_common.c:284:6:hal_rtc_read_rg	32	static
mtk_rtc_hal_common.c:314:6:rtc_lp_exception	144	static
