mtk_rtc_common.c:800:12:rtc_pdrv_remove	0	static
mtk_rtc_common.c:180:15:rtc_read_hw_time	96	static
mtk_rtc_common.c:555:22:rtc_get_monotonic_tick	96	static
mtk_rtc_common.c:229:6:crystal_exist_status	48	static
mtk_rtc_common.c:250:6:rtc_low_power_detected	48	static
mtk_rtc_common.c:296:6:rtc_gpio_32k_status	48	static
mtk_rtc_common.c:517:6:rtc_irq_handler	128	static
mtk_rtc_common.c:873:19:rtc_late_init	48	static
mtk_rtc_common.c:819:19:rtc_device_init	48	static
mtk_rtc_common.c:752:16:rtc_show_monotonic	48	static
mtk_rtc_common.c:655:12:rtc_ops_set_alarm	144	static
mtk_rtc_common.c:631:12:rtc_ops_read_alarm	48	static
mtk_rtc_common.c:774:12:rtc_pdrv_probe	64	static
mtk_rtc_common.c:576:12:rtc_ops_read_time	112	static
mtk_rtc_common.c:721:12:rtc_ops_ioctl	32	static
mtk_rtc_common.c:266:6:rtc_gpio_enable_32k	48	static
mtk_rtc_common.c:281:6:rtc_gpio_disable_32k	48	static
mtk_rtc_common.c:604:12:rtc_ops_set_time	64	static
mtk_rtc_common.c:200:5:get_rtc_spare_fg_value	48	static
mtk_rtc_common.c:213:5:set_rtc_spare_fg_value	48	static
mtk_rtc_common.c:312:6:rtc_enable_abb_32k	48	static
mtk_rtc_common.c:321:6:rtc_disable_abb_32k	48	static
mtk_rtc_common.c:330:6:rtc_enable_writeif	48	static
mtk_rtc_common.c:339:6:rtc_disable_writeif	48	static
mtk_rtc_common.c:348:6:rtc_mark_recovery	32	static
mtk_rtc_common.c:359:6:rtc_mark_kpoc	32	static
mtk_rtc_common.c:368:6:rtc_mark_fast	32	static
mtk_rtc_common.c:378:5:rtc_rdwr_uart_bits	48	static
mtk_rtc_common.c:390:6:rtc_bbpu_power_down	48	static
mtk_rtc_common.c:399:6:mt_power_off	48	static
mtk_rtc_common.c:424:6:rtc_read_pwron_alarm	64	static
mtk_rtc_common.c:699:6:rtc_pwm_enable_check	0	static
