usb20.c:524:13:do_connect_rescue_work	16	static
usb20.c:1502:19:usb20_init	32	static
usb20.c:1457:12:mt_usb_remove	32	static
usb20.c:1467:12:mt_usb_dts_remove	32	static
usb20.c:1412:12:mt_usb_dts_probe	64	static
usb20.c:264:13:musb_do_idle	80	static
usb20.c:304:13:mt_usb_try_idle	80	static
usb20.c:1248:12:mt_usb_exit	16	static
usb20.c:1158:12:mt_usb_init	112	static
usb20.c:1267:12:mt_usb_probe	96	static
usb20.c:1521:20:usb20_exit	32	static
usb20.c:843:16:mt_usb_store_saving_mode	64	static
usb20.c:760:16:mt_usb_store_cmode	96	static
usb20.c:751:16:mt_usb_show_cmode	32	static
usb20.c:834:16:mt_usb_show_saving_mode	32	static
usb20.c:703:20:mt_usb_interrupt	160	static
usb20.c:55:6:set_usb_rdy	16	static
usb20.c:63:10:is_usb_rdy	0	static
usb20.c:180:6:vcore_hold	16	static
usb20.c:191:6:vcore_release	16	static
usb20.c:202:13:do_vcore_work	64	static
usb20.c:236:6:request_vcore	64	static
usb20.c:373:13:mt_usb_disable	64	static
usb20.c:339:13:mt_usb_enable	96	static
usb20.c:399:6:mt_usb_is_device	32	static
usb20.c:499:6:mt_usb_connect	32	static
usb20.c:512:6:mt_usb_disconnect	32	static
usb20.c:565:6:usb_cable_connected	64	static
usb20.c:421:6:do_connection_work	80	static
usb20.c:620:6:musb_platform_reset	64	static
usb20.c:637:6:is_switch_charger	0	static
usb20.c:646:6:pmic_chrdet_int_en	16	static
usb20.c:653:6:musb_sync_with_bat	32	static
usb20.c:862:6:is_saving_mode	32	static
