printk.c:426:27:log_from_idx	0	static
printk.c:440:12:log_next	0	static
printk.c:2379:19:console_suspend_disable	0	static
printk.h:9:1:ftrace_define_fields_console	16	static
printk.h:9:1:perf_trace_console	368	static
printk.h:9:1:ftrace_raw_event_console	96	static
printk.h:9:1:ftrace_raw_output_console	32	static
printk.c:971:12:devkmsg_release	16	static
printk.c:919:21:devkmsg_poll	48	static
printk.c:881:15:devkmsg_llseek	48	static
printk.c:759:16:devkmsg_read	160	static
printk.c:1023:20:log_buf_len_update	0	static
printk.c:1032:19:log_buf_len_setup	32	static
printk.c:3200:5:kmsg_dump_register	48	static
printk.c:2450:6:console_lock	16	static
printk.c:2753:14:console_conditional_schedule	16	static
printk.c:3161:5:__printk_ratelimit	16	static
printk.c:3176:6:printk_timed_ratelimit	48	static
printk.c:3229:5:kmsg_dump_unregister	48	static
printk.c:2266:12:__add_preferred_console.constprop	64	static
printk.c:2300:19:console_setup	64	static
printk.c:1645:13:call_console_drivers.constprop	816	static
printk.c:2470:5:console_trylock	32	static
printk.c:482:12:log_make_free_space	80	static
printk.c:539:12:log_store	208	static
printk.c:1874:13:cont_flush.part.11	32	static
printk.c:1902:13:cont_add	64	static
printk.c:1208:15:print_prefix	48	static
printk.c:1239:15:msg_print_text	112	static
printk.c:1297:12:syslog_print	288	static
printk.c:1411:12:syslog_print_all	128	static
printk.c:3391:6:kmsg_dump_get_buffer	128	static
printk.c:142:6:mt_get_uartlog_status	0	static
printk.c:147:6:set_uartlog_status	0	static
printk.c:378:6:mt_disable_uart	0	static
printk.c:383:6:mt_enable_uart	0	static
printk.c:394:6:is_logbuf_lock	0	static
printk.c:402:7:log_buf_addr_get	0	static
printk.c:408:5:log_buf_len_get	0	static
printk.c:1772:6:aee_wdt_zap_locks	16	static
printk.c:1782:6:aee_wdt_logbuf_lock	16	static
printk.c:2353:5:add_preferred_console	16	static
printk.c:2358:5:update_console_cmdline	80	static
printk.c:2484:5:is_console_locked	0	static
printk.c:3126:6:wake_up_klogd	32	static
printk.c:2591:6:console_unlock	128	static
printk.c:1960:16:vprintk_emit	160	static
printk.c:2151:16:vprintk	48	static
printk.c:2157:16:printk_emit	112	static
printk.c:2193:26:printk	144	static
printk.c:709:16:devkmsg_write	80	static
printk.c:670:12:check_syslog_permissions	32	static
printk.c:942:12:devkmsg_open	48	static
printk.c:1506:5:do_syslog	128	static
printk.c:1635:1:SyS_syslog	16	static
printk.c:1075:13:setup_log_buf	80	static
printk.c:1119:19:ignore_loglevel_setup	16	static
printk.c:2395:6:suspend_console	32	static
printk.c:2844:19:keep_bootcon_setup	16	static
printk.c:2406:6:resume_console	16	static
printk.c:2760:6:console_unblank	32	static
printk.c:2787:6:console_flush_on_panic	16	static
printk.c:2804:20:console_device	48	static
printk.c:2826:6:console_stop	32	static
printk.c:2834:6:console_start	32	static
printk.c:3029:5:unregister_console	48	static
printk.c:3072:19:printk_late_init	32	static
printk.c:2873:6:register_console	64	static
printk.c:2427:12:console_cpu_notify	16	static
printk.c:3107:13:wake_up_klogd_work_func	32	static
printk.c:3136:5:printk_deferred	176	static
printk.c:3258:6:kmsg_dump	80	static
printk.c:3309:6:kmsg_dump_get_line_nolock	64	static
printk.c:3358:6:kmsg_dump_get_line	80	static
printk.c:3480:6:kmsg_dump_rewind_nolock	0	static
printk.c:3496:6:kmsg_dump_rewind	48	static
printk.c:3518:13:dump_stack_set_arch_desc	144	static
printk.c:3535:6:dump_stack_print_info	96	static
printk.c:3557:6:show_regs_print_info	32	static
printk.c:3566:6:get_kernel_log_buffer	0	static
