binder.c:4248:12:binder_vm_fault	0	static
binder.c:5517:19:binder_init	48	static
binder.c:5515:1:binder_transaction_log_open	16	static
binder.c:5514:1:binder_transactions_open	16	static
binder.c:5513:1:binder_stats_open	16	static
binder.c:5512:1:binder_state_open	16	static
binder.c:169:1:binder_proc_open	16	static
binder.c:5125:13:print_binder_transaction_log_entry	48	static
binder.c:5225:12:binder_transaction_log_show	48	static
binder.c:4958:13:print_binder_stats	64	static
binder.c:4708:13:print_binder_transaction	80	static
binder.c:4764:13:print_binder_work	16	static
binder.c:4827:13:print_binder_node	96	static
binder.c:3384:13:binder_stat_br	48	static
binder.c:5061:12:binder_stats_show	112	static
binder.c:4223:13:binder_vma_open	16	static
binder.c:4697:13:binder_defer_work	48	static
binder.c:4410:12:binder_flush	16	static
binder.c:4444:12:binder_release	32	static
binder.c:4234:13:binder_vma_close	32	static
binder.c:1946:27:binder_get_ref_for_node	80	static
binder.c:1813:28:binder_new_node	80	static
binder.c:3892:30:binder_get_thread	64	static
binder.c:4368:12:binder_open	96	static
binder.c:1330:13:binder_set_nice	48	static
binder.c:2235:13:mt_sched_setscheduler_nocheck	16	static
binder_trace.h:45:1:ftrace_define_fields_binder_lock_class	16	static
binder_trace.h:66:1:ftrace_define_fields_binder_function_return_class	16	static
binder_trace.h:134:1:ftrace_define_fields_binder_transaction_received	16	static
binder_trace.h:291:1:ftrace_define_fields_binder_command	16	static
binder_trace.h:307:1:ftrace_define_fields_binder_return	16	static
binder_trace.h:30:1:perf_trace_binder_ioctl	368	static
binder_trace.h:45:1:perf_trace_binder_lock_class	368	static
binder_trace.h:66:1:perf_trace_binder_function_return_class	368	static
binder_trace.h:87:1:perf_trace_binder_wait_for_work	384	static
binder_trace.h:106:1:perf_trace_binder_transaction	384	static
binder_trace.h:134:1:perf_trace_binder_transaction_received	368	static
binder_trace.h:147:1:perf_trace_binder_transaction_node_to_ref	384	static
binder_trace.h:172:1:perf_trace_binder_transaction_ref_to_node	368	static
binder_trace.h:196:1:perf_trace_binder_transaction_ref_to_ref	384	static
binder_trace.h:223:1:perf_trace_binder_transaction_fd	384	static
binder_trace.h:241:1:perf_trace_binder_buffer_class	368	static
binder_trace.h:270:1:perf_trace_binder_update_page_range	384	static
binder_trace.h:291:1:perf_trace_binder_command	368	static
binder_trace.h:307:1:perf_trace_binder_return	368	static
binder_trace.h:30:1:ftrace_raw_event_binder_ioctl	96	static
binder_trace.h:45:1:ftrace_raw_event_binder_lock_class	96	static
binder_trace.h:66:1:ftrace_raw_event_binder_function_return_class	96	static
binder_trace.h:87:1:ftrace_raw_event_binder_wait_for_work	112	static
binder_trace.h:106:1:ftrace_raw_event_binder_transaction	112	static
binder_trace.h:134:1:ftrace_raw_event_binder_transaction_received	96	static
binder_trace.h:147:1:ftrace_raw_event_binder_transaction_node_to_ref	112	static
binder_trace.h:172:1:ftrace_raw_event_binder_transaction_ref_to_node	96	static
binder_trace.h:196:1:ftrace_raw_event_binder_transaction_ref_to_ref	112	static
binder_trace.h:223:1:ftrace_raw_event_binder_transaction_fd	112	static
binder_trace.h:241:1:ftrace_raw_event_binder_buffer_class	96	static
binder_trace.h:270:1:ftrace_raw_event_binder_update_page_range	112	static
binder_trace.h:291:1:ftrace_raw_event_binder_command	96	static
binder_trace.h:307:1:ftrace_raw_event_binder_return	96	static
binder_trace.h:30:1:ftrace_raw_output_binder_ioctl	32	static
binder_trace.h:45:1:ftrace_raw_output_binder_lock_class	32	static
binder_trace.h:66:1:ftrace_raw_output_binder_function_return_class	32	static
binder_trace.h:87:1:ftrace_raw_output_binder_wait_for_work	32	static
binder_trace.h:106:1:ftrace_raw_output_binder_transaction	48	static
binder_trace.h:134:1:ftrace_raw_output_binder_transaction_received	32	static
binder_trace.h:147:1:ftrace_raw_output_binder_transaction_node_to_ref	32	static
binder_trace.h:172:1:ftrace_raw_output_binder_transaction_ref_to_node	32	static
binder_trace.h:196:1:ftrace_raw_output_binder_transaction_ref_to_ref	32	static
binder_trace.h:223:1:ftrace_raw_output_binder_transaction_fd	32	static
binder_trace.h:241:1:ftrace_raw_output_binder_buffer_class	32	static
binder_trace.h:270:1:ftrace_raw_output_binder_update_page_range	32	static
binder_trace.h:291:1:ftrace_raw_output_binder_command	32	static
binder_trace.h:307:1:ftrace_raw_output_binder_return	32	static
binder.c:3402:12:binder_has_thread_work	0	static
binder.c:212:12:binder_set_stop_on_user_error	32	static
binder.c:1923:27:binder_get_ref.isra.29	16	static
binder.c:2088:13:binder_pop_transaction	16	static
binder.c:2107:13:binder_send_failed_reply	80	static
binder.c:3839:13:binder_release_work	64	static
binder.c:3927:12:binder_free_thread	112	static
binder.c:1883:12:binder_dec_node	32	static
binder.c:2011:13:binder_delete_ref	48	static
binder.c:2057:12:binder_dec_ref	32	static
binder.c:1437:12:binder_update_page_range	176	static
binder.c:1693:13:binder_delete_free_buffer	80	static
binder.c:2155:13:binder_transaction_buffer_release	128	static
binder_trace.h:30:1:ftrace_define_fields_binder_ioctl	32	static
binder_trace.h:87:1:ftrace_define_fields_binder_wait_for_work	32	static
binder_trace.h:106:1:ftrace_define_fields_binder_transaction	32	static
binder_trace.h:147:1:ftrace_define_fields_binder_transaction_node_to_ref	32	static
binder_trace.h:172:1:ftrace_define_fields_binder_transaction_ref_to_node	32	static
binder_trace.h:196:1:ftrace_define_fields_binder_transaction_ref_to_ref	48	static
binder_trace.h:223:1:ftrace_define_fields_binder_transaction_fd	32	static
binder_trace.h:241:1:ftrace_define_fields_binder_buffer_class	32	static
binder_trace.h:270:1:ftrace_define_fields_binder_update_page_range	32	static
binder.c:4873:13:print_binder_proc	160	static
binder.c:5080:12:binder_transactions_show	64	static
binder.c:5038:12:binder_state_show	64	static
binder.c:5096:12:binder_proc_show	80	static
binder.c:1357:13:binder_insert_free_buffer	64	static
binder.c:1737:13:binder_free_buf	80	static
binder.c:4654:13:binder_deferred_func	224	static
binder.c:4259:12:binder_mmap	64	static
binder.c:3983:21:binder_poll	80	static
binder.c:3408:12:binder_thread_read	272	static
binder.c:2035:12:binder_inc_ref	16	static
binder.c:2987:12:binder_thread_write	352	static
binder.c:4014:12:binder_ioctl_write_read	160	static
binder.c:4148:13:binder_ioctl	160	static
