step_counter.c:522:16:step_c_store_flush	0	static
step_counter.c:209:12:step_c_real_enable	32	static
step_counter.c:547:12:step_counter_remove	16	static
step_counter.c:553:12:step_counter_probe	16	static
step_counter.c:314:16:step_c_show_enable_nodata	16	static
step_counter.c:459:16:step_c_show_delay	16	static
step_counter.c:468:16:step_c_store_batch	80	static
step_counter.c:416:16:step_c_show_active	32	static
step_counter.c:517:16:step_c_show_batch	16	static
step_counter.c:528:16:step_c_show_flush	16	static
step_counter.c:427:16:step_c_store_delay	80	static
step_counter.c:533:16:step_c_show_devnum	64	static
step_counter.c:78:13:step_c_poll	16	static
step_counter.c:836:19:step_c_init	96	static
step_counter.c:347:16:step_c_store_active	80	static
step_counter.c:112:5:step_notify	32	static
step_counter.c:294:5:step_c_enable_nodata	16	static
step_counter.c:323:16:step_c_store_enable_nodata	64	static
step_counter.c:605:5:step_c_driver_add	80	static
step_counter.c:707:5:step_c_register_data_path	32	static
step_counter.c:726:5:step_c_register_control_path	32	static
step_counter.c:768:5:step_c_data_report	32	static
step_counter.c:22:13:step_c_work_func	48	static
step_counter.c:848:20:step_c_exit	48	static
