stp_sdio.c:2953:9:stp_sdio_own_read	0	static
stp_sdio.c:2727:9:stp_sdio_rxdbg_write	32	static
stp_sdio.c:2936:9:stp_sdio_txdbg_write	32	static
stp_sdio.c:2559:14:stp_sdio_remove	64	static
stp_sdio.c:1209:7:stp_sdio_tx	144	static
stp_sdio.c:2918:9:stp_sdio_txdbg_read	128	static
stp_sdio.c:629:14:stp_sdio_wait_for_msg	32	static
stp_sdio.c:2683:9:stp_sdio_rxdbg_read	112	static
stp_sdio.c:579:7:stp_sdio_own_ctrl	64	static
stp_sdio.c:2968:9:stp_sdio_own_write	192	static
stp_sdio.c:2606:7:stp_sdio_rw_retry	112	static
stp_sdio.c:2096:14:stp_sdio_irq	64	static
stp_sdio.c:2353:14:stp_sdio_probe	96	static
stp_sdio.c:1800:13:stp_sdio_tx_wkr	176	static
stp_sdio.c:657:13:stp_sdio_tx_rx_handling	272	static
stp_sdio.c:2744:7:stp_sdio_rxdbg_setup	16	static
stp_sdio.c:2764:7:stp_sdio_rxdbg_remove	16	static
stp_sdio.c:3029:7:stp_sdio_txdbg_setup	16	static
stp_sdio.c:3062:7:stp_sdio_txdbg_remove	16	static
stp_sdio.c:3081:7:stp_sdio_owndbg_setup	16	static
stp_sdio.c:3223:7:mtk_wcn_stp_sdio_drv_init	80	static
stp_sdio.c:3101:7:stp_sdio_owndbg_remove	16	static
stp_sdio.c:3230:6:mtk_wcn_stp_sdio_drv_exit	48	static
