leds.c:129:6:mt_leds_wake_lock_init	32	static
leds.c:134:14:mt_get_bl_brightness	0	static
leds.c:139:14:mt_get_bl_duty	0	static
leds.c:144:14:mt_get_bl_div	0	static
leds.c:149:14:mt_get_bl_frequency	0	static
leds.c:154:15:mt_get_div_array	0	static
leds.c:159:6:mt_set_bl_duty	0	static
leds.c:164:6:mt_set_bl_div	0	static
leds.c:169:6:mt_set_bl_frequency	0	static
leds.c:174:25:get_cust_led_dtsi	176	static
leds.c:295:25:mt_get_cust_led_list	16	static
leds.c:328:5:mt_led_set_pwm	128	static
leds.c:537:5:mt_led_blink_pmic	64	static
leds.c:586:5:mt_backlight_set_pwm	128	static
leds.c:696:6:mt_led_pwm_disable	32	static
leds.c:703:6:mt_backlight_set_pwm_duty	16	static
leds.c:709:6:mt_backlight_set_pwm_div	16	static
leds.c:715:6:mt_backlight_get_pwm_fsel	0	static
leds.c:720:6:mt_store_pwm_register	0	static
leds.c:725:14:mt_show_pwm_register	0	static
leds.c:730:5:mt_brightness_set_pmic	64	static
leds.c:795:5:mt_brightness_set_pmic_duty_store	0	static
leds.c:804:5:mt_mt65xx_led_set_cust	64	static
leds.c:908:6:mt_mt65xx_led_work	32	static
leds.c:937:6:mt_mt65xx_led_set	48	static
leds.c:1022:5:mt_mt65xx_blink_set	48	static
