ion_history.c:185:14:history_seq_next	0	static
ion_history.c:202:13:history_seq_stop	0	static
ion_history.c:471:12:ion_client_record_show	16	static
ion_history.c:138:5:history_record_show	64	static
ion_history.c:157:14:history_seq_start	48	static
ion_history.c:417:5:string_hash_debug_show	96	static
ion_history.c:232:12:history_record_release	48	static
ion_history.c:213:12:history_record_open	48	static
ion_history.c:360:30:string_hash_get	80	static
ion_history.c:440:12:string_hash_debug_open	16	static
ion_history.c:397:12:string_hash_put	48	static
ion_history.c:504:12:ion_client_destroy_record	32	static
ion_history.c:91:7:history_record_get_record	64	static
ion_history.c:123:6:history_record_put_record	48	static
ion_history.c:518:12:ion_client_write_record	80	static
ion_history.c:559:12:ion_history_reocrd	112	static
ion_history.c:548:12:write_mm_page_pool	96	static
ion_history.c:249:24:history_record_create	96	static
ion_history.c:297:6:history_record_destroy	64	static
ion_history.c:648:5:ion_history_init	64	static
