mt_gpufreq.c:1774:14:mt_gpufreq_get_dvfs_table_num	0	static
mt_gpufreq.c:1829:6:mt_gpufreq_input_boost_notify_registerCB	0	static
mt_gpufreq.c:1840:6:mt_gpufreq_power_limit_notify_registerCB	0	static
mt_gpufreq.c:1849:6:mt_gpufreq_setfreq_registerCB	0	static
mt_gpufreq.c:1858:6:mt_gpufreq_setvolt_registerCB	0	static
mt_gpufreq.c:1100:12:_mt_gpufreq_power_throttle_protect	64	static
mt_gpufreq.c:1301:21:_mt_gpufreq_get_limited_freq	32	static
mt_gpufreq.c:1481:14:mt_gpufreq_get_thermal_limit_index	32	static
mt_gpufreq.c:1491:14:mt_gpufreq_get_thermal_limit_freq	32	static
mt_gpufreq.c:1801:14:mt_gpufreq_get_cur_freq_index	32	static
mt_gpufreq.c:1182:13:_mt_gpufreq_low_batt_volume_protect	48	static
mt_gpufreq.c:1235:13:_mt_gpufreq_low_batt_volt_protect	48	static
mt_gpufreq.c:638:13:_mt_gpufreq_power_calculation	48	static
mt_gpufreq.c:930:21:_mt_gpufreq_get_cur_freq	32	static
mt_gpufreq.c:1811:14:mt_gpufreq_get_cur_freq	16	static
mt_gpufreq.c:864:13:_mt_gpufreq_set_cur_freq	48	static
mt_gpufreq.c:2954:20:_mt_gpufreq_exit	32	static
mt_gpufreq.c:552:13:_mt_gpufreq_input_disconnect	32	static
mt_gpufreq.c:522:12:_mt_gpufreq_input_connect	48	static
mt_gpufreq.c:2028:12:_mt_gpufreq_pdrv_remove	32	static
mt_gpufreq.c:480:12:_mt_gpufreq_input_boost_task	48	static
mt_gpufreq.c:2858:1:mt_gpufreq_input_boost_proc_open	32	static
mt_gpufreq.c:2856:1:mt_gpufreq_fixed_freq_proc_open	32	static
mt_gpufreq.c:2854:1:mt_gpufreq_var_dump_proc_open	32	static
mt_gpufreq.c:2853:1:mt_gpufreq_opp_max_freq_proc_open	32	static
mt_gpufreq.c:2852:1:mt_gpufreq_opp_freq_proc_open	32	static
mt_gpufreq.c:2851:1:mt_gpufreq_power_dump_proc_open	32	static
mt_gpufreq.c:2850:1:mt_gpufreq_opp_dump_proc_open	32	static
mt_gpufreq.c:2849:1:mt_gpufreq_state_proc_open	32	static
mt_gpufreq.c:2847:1:mt_gpufreq_limited_by_pbm_proc_open	32	static
mt_gpufreq.c:2846:1:mt_gpufreq_limited_pbm_ignore_proc_open	32	static
mt_gpufreq.c:2844:1:mt_gpufreq_limited_thermal_ignore_proc_open	32	static
mt_gpufreq.c:2842:1:mt_gpufreq_limited_low_batt_volt_ignore_proc_open	32	static
mt_gpufreq.c:2839:1:mt_gpufreq_limited_low_batt_volume_ignore_proc_open	32	static
mt_gpufreq.c:2834:1:mt_gpufreq_limited_power_proc_open	32	static
mt_gpufreq.c:2833:1:mt_gpufreq_debug_proc_open	32	static
mt_gpufreq.c:2764:12:mt_gpufreq_input_boost_proc_show	16	static
mt_gpufreq.c:2404:12:mt_gpufreq_state_proc_show	16	static
mt_gpufreq.c:2071:12:mt_gpufreq_debug_proc_show	16	static
mt_gpufreq.c:2777:16:mt_gpufreq_input_boost_proc_write	96	static
mt_gpufreq.c:2729:16:mt_gpufreq_fixed_freq_proc_write	96	static
mt_gpufreq.c:2084:16:mt_gpufreq_debug_proc_write	96	static
mt_gpufreq.c:2467:12:mt_gpufreq_power_dump_proc_show	80	static
mt_gpufreq.c:2451:12:mt_gpufreq_opp_dump_proc_show	80	static
mt_gpufreq.c:2368:12:mt_gpufreq_limited_by_pbm_proc_show	16	static
mt_gpufreq.c:2288:12:mt_gpufreq_limited_pbm_ignore_proc_show	16	static
mt_gpufreq.c:2245:12:mt_gpufreq_limited_thermal_ignore_proc_show	16	static
mt_gpufreq.c:2202:12:mt_gpufreq_limited_low_batt_volt_ignore_proc_show	16	static
mt_gpufreq.c:2158:12:mt_gpufreq_limited_low_batt_volume_ignore_proc_show	16	static
mt_gpufreq.c:2331:12:mt_gpufreq_limited_power_proc_show	16	static
mt_gpufreq.c:2299:16:mt_gpufreq_limited_pbm_ignore_proc_write	96	static
mt_gpufreq.c:2256:16:mt_gpufreq_limited_thermal_ignore_proc_write	96	static
mt_gpufreq.c:2213:16:mt_gpufreq_limited_low_batt_volt_ignore_proc_write	96	static
mt_gpufreq.c:2169:16:mt_gpufreq_limited_low_batt_volume_ignore_proc_write	96	static
mt_gpufreq.c:2861:12:mt_gpufreq_create_procfs	304	static
mt_gpufreq.c:1780:14:mt_gpufreq_get_freq_by_idx	32	static
mt_gpufreq.c:1194:6:mt_gpufreq_low_batt_volume_callback	32	static
mt_gpufreq.c:1249:6:mt_gpufreq_low_batt_volt_callback	32	static
mt_gpufreq.c:673:13:_mt_update_gpufreqs_power_table.part.5	96	static
mt_gpufreq.c:1324:6:mt_gpufreq_thermal_protect	48	static
mt_gpufreq.c:2343:16:mt_gpufreq_limited_power_proc_write	96	static
mt_gpufreq.c:1864:12:_mt_gpufreq_pm_restore_early	32	static
mt_gpufreq.c:506:13:_mt_gpufreq_input_event	32	static
mt_gpufreq.c:2923:19:_mt_gpufreq_init	48	static
mt_gpufreq.c:2715:12:mt_gpufreq_fixed_freq_proc_show	32	static
mt_gpufreq.c:2564:12:mt_gpufreq_opp_max_freq_proc_show	32	static
mt_gpufreq.c:2486:12:mt_gpufreq_opp_freq_proc_show	32	static
mt_gpufreq.c:953:21:_mt_gpufreq_get_cur_volt	32	static
mt_gpufreq.c:1820:14:mt_gpufreq_get_cur_volt	16	static
mt_gpufreq.c:876:12:_mt_gpufreq_set_cur_volt	48	static
mt_gpufreq.c:2640:12:mt_gpufreq_var_dump_proc_show	48	static
mt_gpufreq.c:967:13:_mt_gpufreq_kick_pbm.constprop	64	static
mt_gpufreq.c:1686:5:mt_gpufreq_voltage_enable_set	80	static
mt_gpufreq.c:1024:12:_mt_gpufreq_set	48	static
mt_gpufreq.c:1507:5:mt_gpufreq_target	64	static
mt_gpufreq.c:2579:16:mt_gpufreq_opp_max_freq_proc_write	96	static
mt_gpufreq.c:2501:16:mt_gpufreq_opp_freq_proc_write	96	static
mt_gpufreq.c:2417:16:mt_gpufreq_state_proc_write	96	static
mt_gpufreq.c:772:12:_mt_setup_gpufreqs_table	112	static
mt_gpufreq.c:1890:12:_mt_gpufreq_pdrv_probe	80	static
mt_gpufreq.c:1380:14:mt_gpufreq_get_max_power	0	static
mt_gpufreq.c:1389:14:mt_gpufreq_get_min_power	0	static
mt_gpufreq.c:1397:6:mt_gpufreq_set_power_limit_by_pbm	48	static
mt_gpufreq.c:2379:16:mt_gpufreq_limited_by_pbm_proc_write	96	static
mt_gpufreq.c:1460:14:mt_gpufreq_get_leakage_mw	32	static
