mt_hotplug_strategy_procfs.c:725:1:hps_num_limit_power_serv_proc_open	32	static
mt_hotplug_strategy_procfs.c:630:1:hps_num_limit_ultra_power_saving_proc_open	32	static
mt_hotplug_strategy_procfs.c:525:1:hps_num_limit_low_battery_proc_open	32	static
mt_hotplug_strategy_procfs.c:431:1:hps_num_limit_thermal_proc_open	32	static
mt_hotplug_strategy_procfs.c:341:1:hps_num_base_perf_serv_proc_open	32	static
mt_hotplug_strategy_procfs.c:214:1:hps_tlp_times_proc_open	16	static
mt_hotplug_strategy_procfs.c:210:1:hps_rush_boost_times_proc_open	16	static
mt_hotplug_strategy_procfs.c:206:1:hps_rush_boost_threshold_proc_open	16	static
mt_hotplug_strategy_procfs.c:202:1:hps_rush_boost_enabled_proc_open	16	static
mt_hotplug_strategy_procfs.c:198:1:hps_input_boost_cpu_num_proc_open	16	static
mt_hotplug_strategy_procfs.c:194:1:hps_input_boost_enabled_proc_open	16	static
mt_hotplug_strategy_procfs.c:190:1:hps_down_times_proc_open	16	static
mt_hotplug_strategy_procfs.c:186:1:hps_down_threshold_proc_open	16	static
mt_hotplug_strategy_procfs.c:182:1:hps_up_times_proc_open	16	static
mt_hotplug_strategy_procfs.c:178:1:hps_up_threshold_proc_open	16	static
mt_hotplug_strategy_procfs.c:160:1:hps_stats_dump_enabled_proc_open	16	static
mt_hotplug_strategy_procfs.c:156:1:hps_cur_dump_enabled_proc_open	16	static
mt_hotplug_strategy_procfs.c:152:1:hps_suspend_enabled_proc_open	16	static
mt_hotplug_strategy_procfs.c:148:1:hps_enabled_proc_open	16	static
mt_hotplug_strategy_procfs.c:139:1:hps_state_proc_open	16	static
mt_hotplug_strategy_procfs.c:138:1:hps_init_state_proc_open	16	static
mt_hotplug_strategy_procfs.c:25:12:hps_proc_uint_show	16	static
mt_hotplug_strategy_procfs.c:66:13:lock_hps_ctxt	16	static
mt_hotplug_strategy_procfs.c:71:13:unlock_hps_ctxt	16	static
mt_hotplug_strategy_procfs.c:647:16:hps_num_limit_power_serv_proc_write	96	static
mt_hotplug_strategy_procfs.c:545:16:hps_num_limit_ultra_power_saving_proc_write	96	static
mt_hotplug_strategy_procfs.c:448:16:hps_num_limit_low_battery_proc_write	96	static
mt_hotplug_strategy_procfs.c:358:16:hps_num_limit_thermal_proc_write	96	static
mt_hotplug_strategy_procfs.c:234:16:hps_num_base_perf_serv_proc_write	96	static
mt_hotplug_strategy_procfs.c:76:13:reset_unlock_hps_ctxt	16	static
mt_hotplug_strategy_procfs.c:637:12:hps_num_limit_power_serv_proc_show	16	static
mt_hotplug_strategy_procfs.c:532:12:hps_num_limit_ultra_power_saving_proc_show	16	static
mt_hotplug_strategy_procfs.c:438:12:hps_num_limit_low_battery_proc_show	16	static
mt_hotplug_strategy_procfs.c:348:12:hps_num_limit_thermal_proc_show	16	static
mt_hotplug_strategy_procfs.c:224:12:hps_num_base_perf_serv_proc_show	16	static
mt_hotplug_strategy_procfs.c:33:16:hps_proc_uint_write.isra.5.constprop	112	static
mt_hotplug_strategy_procfs.c:82:16:hps_proc_uint_write_with_lock	16	static
mt_hotplug_strategy_procfs.c:90:16:hps_proc_uint_write_with_lock_reset	16	static
mt_hotplug_strategy_procfs.c:730:5:hps_procfs_init	400	static
