mt_ptp.c:1062:6:mt_ptp_lock	32	static
mt_ptp.c:1068:6:mt_ptp_unlock	16	static
mt_ptp.c:811:12:base_ops_get_status	48	static
mt_ptp.c:662:13:base_ops_switch_bank	0	static
mt_ptp.c:1026:12:set_volt_cpu	16	static
mt_ptp.c:1018:12:get_volt_cpu	16	static
mt_ptp.c:1898:5:mt_ptp_opp_num	0	static
mt_ptp.c:743:12:base_ops_init02	32	static
mt_ptp.c:714:12:base_ops_init01	32	static
mt_ptp.c:884:13:base_ops_set_phase	48	static
mt_ptp.c:2454:19:vcore_ptp_init	16	static
mt_ptp.c:2402:19:dt_get_ptp_devinfo	64	static
mt_ptp.c:1111:12:ptp_volt_thread_handler	96	static
mt_ptp.c:969:12:base_ops_get_temp	16	static
mt_ptp.c:770:12:base_ops_mon_mode	48	static
mt_ptp.c:1077:29:ptp_log_timer_func	144	static
mt_ptp.c:2312:12:create_procfs	176	static
mt_ptp.c:2306:1:ptp_stress_result_proc_open	32	static
mt_ptp.c:2307:1:ptp_log_en_proc_open	32	static
mt_ptp.c:2305:1:ptp_dump_proc_open	32	static
mt_ptp.c:2310:1:ptp_offset_proc_open	32	static
mt_ptp.c:2309:1:ptp_cur_volt_proc_open	32	static
mt_ptp.c:2308:1:ptp_status_proc_open	32	static
mt_ptp.c:2304:1:ptp_debug_proc_open	32	static
mt_ptp.c:2095:12:ptp_stress_result_proc_show	16	static
mt_ptp.c:2030:12:ptp_dump_proc_show	80	static
mt_ptp.c:2108:12:ptp_status_proc_show	144	static
mt_ptp.c:2148:16:ptp_log_en_proc_write	64	static
mt_ptp.c:1983:16:ptp_debug_proc_write	64	static
mt_ptp.c:1851:12:ptp_suspend	0	static
mt_ptp.c:1007:13:base_ops_get_freq_table	0	static
mt_ptp.c:1000:13:base_ops_restore_default_volt	16	static
mt_ptp.c:991:12:base_ops_set_volt	16	static
mt_ptp.c:982:12:base_ops_get_volt	16	static
mt_ptp.c:828:13:base_ops_dump_status	0	static
mt_ptp.c:700:13:base_ops_disable	64	static
mt_ptp.c:655:13:base_ops_enable	0	static
mt_ptp.c:1043:13:get_freq_table_cpu	48	static
mt_ptp.c:1033:13:restore_default_volt_cpu	16	static
mt_ptp.c:1909:6:mt_ptp_opp_freq	0	static
mt_ptp.c:1923:6:mt_ptp_opp_status	0	static
mt_ptp.c:2140:12:ptp_log_en_proc_show	16	static
mt_ptp.c:2211:12:ptp_offset_proc_show	16	static
mt_ptp.c:2076:12:ptp_cur_volt_proc_show	32	static
mt_ptp.c:1967:12:ptp_debug_proc_show	48	static
mt_ptp.c:1260:27:tscpu_is_temp_valid	0	static
mt_ptp.c:1269:13:ptp_set_ptp_volt	48	static
mt_ptp.c:1671:20:ptp_isr	80	static
mt_ptp.c:669:13:base_ops_disable_locked	32	static
mt_ptp.c:2226:16:ptp_offset_proc_write	80	static
mt_ptp.c:1265:28:pmic_force_vproc_pwm	0	static
mt_ptp.c:1704:6:ptp_init01	80	static
mt_ptp.c:1794:12:ptp_probe	80	static
mt_ptp.c:1737:6:ptp_init02	48	static
mt_ptp.c:1861:12:ptp_resume	16	static
mt_ptp.c:1764:6:get_devinfo	32	static
mt_ptp.c:2384:5:get_ptpod_status	32	static
mt_ptp.c:1942:5:mt_ptp_status	16	static
mt_ptp.c:2423:14:is_have_550	0	static
mt_ptp.c:2427:14:get_vcore_ptp_volt	0	static
mt_ptp.c:2460:6:process_voltage_bin	32	static
mt_ptp.c:2488:19:ptp_init	48	static
mt_ptp.c:2535:20:ptp_exit	16	static
