mt_cpufreq.c:1325:6:mt_cpufreq_setvolt_registerCB	0	static
mt_cpufreq.c:4025:6:mt_cpufreq_earlysuspend_status_get	0	static
mt_cpufreq.c:1221:13:_mt_cpufreq_pmic_table_init	272	static
mt_cpufreq.c:2808:12:_mt_cpufreq_get_idx_by_freq	48	static
mt_cpufreq.c:3559:13:_mt_cpufreq_calc_power_throttle_idx	32	static
mt_cpufreq.c:1893:21:_mt_cpufreq_cpu_dds_calc	48	static
mt_cpufreq.c:1869:21:_mt_cpufreq_get_cur_phy_freq	80	static
mt_cpufreq.c:1697:14:mt_cpufreq_get_freq_by_idx	48	static
mt_cpufreq.c:1376:12:_mt_cpufreq_set_cur_volt_locked	48	static
mt_cpufreq.c:2299:14:mt_cpufreq_get_cur_volt	32	static
mt_cpufreq.c:3177:12:_mt_cpufreq_sync_opp_tbl_idx	32	static
mt_cpufreq.c:1249:6:mt_cpufreq_set_pmic_phase	48	static
mt_cpufreq.c:1280:6:mt_cpufreq_set_pmic_cmd	80	static
mt_cpufreq.c:1718:5:mt_cpufreq_update_volt	80	static
mt_cpufreq.c:1397:12:_mt_cpufreq_restore_default_volt	64	static
mt_cpufreq.c:1764:6:mt_cpufreq_restore_default_volt	32	static
mt_cpufreq.c:3456:5:mt_cpufreq_set_lte_volt	16	static
mt_cpufreq.c:2275:21:_mt_cpufreq_get_cur_volt	32	static
mt_cpufreq.c:1440:12:_mt_cpufreq_set_limit_by_pwr_budget	32	static
mt_cpufreq.c:3253:12:_mt_cpufreq_setup_power_table	256	static
mt_cpufreq.c:1512:13:_kick_PBM_by_cpu	64	static
mt_cpufreq.c:3058:13:_mt_cpufreq_set	144	static
mt_cpufreq.c:3402:6:mt_cpufreq_enable_by_ptpod	48	static
mt_cpufreq.c:3432:14:mt_cpufreq_disable_by_ptpod	48	static
mt_cpufreq.c:3463:6:mt_cpufreq_thermal_protect	96	static
mt_cpufreq.c:3743:6:_mt_cpufreq_power_throttle_low_bat_CB	64	static
mt_cpufreq.c:3690:13:_mt_cpufreq_power_throttle_bat_oc_CB	64	static
mt_cpufreq.c:3637:13:_mt_cpufreq_power_throttle_bat_per_CB	64	static
mt_cpufreq.c:3823:12:_mt_cpufreq_target	80	static
mt_cpufreq.c:3107:22:_mt_cpufreq_cpu_CB	80	static
mt_cpufreq.c:5290:12:_mt_cpufreq_create_procfs	304	static
mt_cpufreq.c:5358:19:_mt_cpufreq_pdrv_init	48	static
mt_cpufreq.c:5285:1:cpufreq_volt_proc_open	32	static
mt_cpufreq.c:5284:1:cpufreq_freq_proc_open	32	static
mt_cpufreq.c:5283:1:cpufreq_oppidx_proc_open	32	static
mt_cpufreq.c:5282:1:cpufreq_state_proc_open	32	static
mt_cpufreq.c:5281:1:cpufreq_ptpod_freq_volt_proc_open	32	static
mt_cpufreq.c:5279:1:cpufreq_limited_max_freq_by_user_proc_open	32	static
mt_cpufreq.c:5271:1:cpufreq_limited_by_hevc_proc_open	32	static
mt_cpufreq.c:5280:1:cpufreq_power_dump_proc_open	32	static
mt_cpufreq.c:5273:1:cpufreq_limited_by_pbm_proc_open	32	static
mt_cpufreq.c:5275:1:cpufreq_limited_by_thermal_proc_open	32	static
mt_cpufreq.c:5270:1:cpufreq_fix_freq_in_es_proc_open	32	static
mt_cpufreq.c:5269:1:cpufreq_stress_test_proc_open	32	static
mt_cpufreq.c:5268:1:cpufreq_fftt_test_proc_open	32	static
mt_cpufreq.c:5267:1:cpufreq_debug_proc_open	32	static
mt_cpufreq.c:5146:12:cpufreq_volt_proc_show	32	static
mt_cpufreq.c:5070:12:cpufreq_freq_proc_show	32	static
mt_cpufreq.c:5027:12:cpufreq_oppidx_proc_show	64	static
mt_cpufreq.c:4974:12:cpufreq_state_proc_show	48	static
mt_cpufreq.c:4958:12:cpufreq_ptpod_freq_volt_proc_show	64	static
mt_cpufreq.c:4894:12:cpufreq_limited_max_freq_by_user_proc_show	16	static
mt_cpufreq.c:4737:12:cpufreq_limited_by_hevc_proc_show	16	static
mt_cpufreq.c:4938:12:cpufreq_power_dump_proc_show	64	static
mt_cpufreq.c:4780:12:cpufreq_limited_by_pbm_proc_show	32	static
mt_cpufreq.c:4824:12:cpufreq_limited_by_thermal_proc_show	16	static
mt_cpufreq.c:4710:12:cpufreq_fix_freq_in_es_proc_show	16	static
mt_cpufreq.c:4684:12:cpufreq_stress_test_proc_show	16	static
mt_cpufreq.c:4649:12:cpufreq_fftt_test_proc_show	32	static
mt_cpufreq.c:4617:12:cpufreq_debug_proc_show	16	static
mt_cpufreq.c:4593:14:_copy_from_user_for_proc	48	static
mt_cpufreq.c:5163:16:cpufreq_volt_proc_write	96	static
mt_cpufreq.c:5079:16:cpufreq_freq_proc_write	96	static
mt_cpufreq.c:5043:16:cpufreq_oppidx_proc_write	80	static
mt_cpufreq.c:5004:16:cpufreq_state_proc_write	80	static
mt_cpufreq.c:4903:16:cpufreq_limited_max_freq_by_user_proc_write	80	static
mt_cpufreq.c:4746:16:cpufreq_limited_by_hevc_proc_write	80	static
mt_cpufreq.c:4843:16:cpufreq_limited_by_thermal_proc_write	48	static
mt_cpufreq.c:4717:16:cpufreq_fix_freq_in_es_proc_write	48	static
mt_cpufreq.c:4691:16:cpufreq_stress_test_proc_write	48	static
mt_cpufreq.c:4624:16:cpufreq_debug_proc_write	48	static
mt_cpufreq.c:4660:16:cpufreq_fftt_test_proc_write	48	static
mt_cpufreq.c:3536:6:mt_cpufreq_thermal_5A_limit	48	static
mt_cpufreq.c:4148:12:_mt_cpufreq_resume	32	static
mt_cpufreq.c:4167:12:_mt_cpufreq_pm_restore_early	32	static
mt_cpufreq.c:4005:21:_mt_cpufreq_get	48	static
mt_cpufreq.c:1305:6:mt_cpufreq_apply_pmic_cmd	48	static
mt_cpufreq.c:1915:13:_mt_cpufreq_set_cpu_clk_src.isra.7	48	static
mt_cpufreq.c:2172:13:_mt_cpufreq_set_cur_freq	80	static
mt_cpufreq.c:4125:12:_mt_cpufreq_suspend	32	static
mt_cpufreq.c:5390:20:_mt_cpufreq_pdrv_exit	32	static
mt_cpufreq.c:4243:12:_mt_cpufreq_pdrv_remove	32	static
mt_cpufreq.c:3803:12:_mt_cpufreq_verify	32	static
mt_cpufreq.c:4188:12:_mt_cpufreq_pdrv_probe	32	static
mt_cpufreq.c:2357:12:_mt_cpufreq_set_cur_volt	64	static
mt_cpufreq.c:4093:12:_mt_cpufreq_fb_notifier_callback	48	static
mt_cpufreq.c:963:1:register_battery_oc_notify	16	static
mt_cpufreq.c:969:1:register_battery_percent_notify	16	static
mt_cpufreq.c:3856:12:_mt_cpufreq_init	112	static
mt_cpufreq.c:1534:6:mt_cpufreq_set_power_limit_by_pbm	96	static
mt_cpufreq.c:4802:16:cpufreq_limited_by_pbm_proc_write	48	static
mt_cpufreq.c:1604:14:mt_cpufreq_get_leakage_mw	32	static
mt_cpufreq.c:1621:6:mt_cpufreq_set_min_freq	48	static
mt_cpufreq.c:1650:6:mt_cpufreq_set_max_freq	48	static
mt_cpufreq.c:1679:14:mt_cpufreq_get_cur_freq	32	static
mt_cpufreq.c:1954:5:mt_cpufreq_set_cpu_clk_src	16	static
mt_cpufreq.c:1966:19:mt_cpufreq_get_cpu_clk_src	32	static
