mt_vcore_dvfs_1.c:1124:12:vcorefs_remove	0	static
mt_vcore_dvfs_1.c:233:21:get_vcore_uv	48	static
mt_vcore_dvfs_1.c:438:21:find_min_opp	32	static
mt_vcore_dvfs_1.c:320:12:set_vcore_with_opp	48	static
mt_vcore_dvfs_1.c:341:12:set_freq_with_opp	64	static
mt_vcore_dvfs_1.c:890:16:error_table_show	32	static
mt_vcore_dvfs_1.c:828:16:opp_table_show	112	static
mt_vcore_dvfs_1.c:1086:12:vcorefs_probe	48	static
mt_vcore_dvfs_1.c:244:13:update_vcore_pwrap_cmd.constprop	48	static
mt_vcore_dvfs_1.c:853:16:opp_table_store	80	static
mt_vcore_dvfs_1.c:782:13:set_init_opp_index.constprop	0	static
mt_vcore_dvfs_1.c:286:14:vcorefs_get_curr_voltage	16	static
mt_vcore_dvfs_1.c:291:14:get_ddr_khz	16	static
mt_vcore_dvfs_1.c:410:12:set_fddr_with_opp	48	static
mt_vcore_dvfs_1.c:495:12:is_need_recover_dvfs.part.1	64	static
mt_vcore_dvfs_1.c:603:12:kick_dvfs_by_opp_index	64	static
mt_vcore_dvfs_1.c:794:12:late_init_to_lowpwr_opp	32	static
mt_vcore_dvfs_1.c:912:16:vcore_debug_show	64	static
mt_vcore_dvfs_1.c:300:14:get_ddr_khz_by_steps	16	static
mt_vcore_dvfs_1.c:1162:19:vcorefs_module_init	64	static
mt_vcore_dvfs_1.c:310:6:is_vcorefs_can_work	0	static
mt_vcore_dvfs_1.c:663:5:vcorefs_request_dvfs_opp	64	static
mt_vcore_dvfs_1.c:962:16:vcore_debug_store	112	static
mt_vcore_dvfs_1.c:696:5:vcorefs_sdio_lock_dvfs	32	static
mt_vcore_dvfs_1.c:713:14:vcorefs_sdio_get_vcore_nml	32	static
mt_vcore_dvfs_1.c:730:5:vcorefs_sdio_set_vcore_nml	64	static
mt_vcore_dvfs_1.c:750:5:vcorefs_sdio_unlock_dvfs	48	static
mt_vcore_dvfs_1.c:770:6:vcorefs_sdio_need_multi_autok	0	static
