mt_clkmgr.c:293:5:clkmgr_is_locked	0	static
mt_clkmgr.c:578:12:pll_get_state_op	0	static
mt_clkmgr.c:643:12:sdm_pll_dump_regs_op	0	static
mt_clkmgr.c:652:12:sdm_pll_hp_enable_op	0	static
mt_clkmgr.c:666:12:sdm_pll_hp_disable_op	0	static
mt_clkmgr.c:792:5:pll_is_on	0	static
mt_clkmgr.c:812:5:enable_pll	0	static
mt_clkmgr.c:840:5:disable_pll	0	static
mt_clkmgr.c:868:5:pll_fsel	0	static
mt_clkmgr.c:890:5:pll_hp_switch_on	0	static
mt_clkmgr.c:927:5:pll_hp_switch_off	0	static
mt_clkmgr.c:993:6:set_mipi26m	0	static
mt_clkmgr.c:1012:6:set_ada_ssusb_xtal_ck	0	static
mt_clkmgr.c:1384:12:sys_get_state_op	0	static
mt_clkmgr.c:1397:12:sys_dump_regs_op	0	static
mt_clkmgr.c:1481:5:subsys_is_on	0	static
mt_clkmgr.c:1581:5:enable_subsys	0	static
mt_clkmgr.c:1602:5:disable_subsys	0	static
mt_clkmgr.c:1775:5:conn_power_on	0	static
mt_clkmgr.c:1808:5:conn_power_off	0	static
mt_clkmgr.c:1845:6:register_larb_monitor	0	static
mt_clkmgr.c:1868:6:unregister_larb_monitor	0	static
mt_clkmgr.c:2473:5:clkmux_sel	0	static
mt_clkmgr.c:2509:6:enable_mux	0	static
mt_clkmgr.c:2537:6:disable_mux	0	static
mt_clkmgr.c:2680:12:general_grp_dump_regs_op	0	static
mt_clkmgr.c:2706:12:disp0_grp_dump_regs_op	0	static
mt_clkmgr.c:2720:21:vdec_grp_get_state_op	16	static
mt_clkmgr.c:2729:12:vdec_grp_dump_regs_op	0	static
mt_clkmgr.c:2743:21:venc_grp_get_state_op	16	static
mt_clkmgr.c:2752:12:venc_grp_dump_regs_op	0	static
mt_clkmgr.c:2843:12:general_clk_get_state_op	0	static
mt_clkmgr.c:2853:12:general_clk_check_validity_op	0	static
mt_clkmgr.c:2863:12:general_clk_enable_op	0	static
mt_clkmgr.c:2873:12:general_clk_disable_op	0	static
mt_clkmgr.c:2890:12:disp0_clk_get_state_op	0	static
mt_clkmgr.c:2900:12:disp0_clk_enable_op	0	static
mt_clkmgr.c:2915:12:disp0_clk_disable_op	0	static
mt_clkmgr.c:2965:12:audsys_clk_enable_op	0	static
mt_clkmgr.c:2972:12:audsys_clk_disable_op	0	static
mt_clkmgr.c:2986:12:vdec_clk_get_state_op	0	static
mt_clkmgr.c:2998:12:venc_clk_get_state_op	0	static
mt_clkmgr.c:3177:5:mt_enable_clock	0	static
mt_clkmgr.c:3210:5:mt_disable_clock	0	static
mt_clkmgr.c:3242:5:enable_clock_ext_locked	0	static
mt_clkmgr.c:3264:5:disable_clock_ext_locked	0	static
mt_clkmgr.c:3285:5:clock_is_on	0	static
mt_clkmgr.c:3318:6:clk_set_force_on	0	static
mt_clkmgr.c:3338:6:clk_clr_force_on	0	static
mt_clkmgr.c:4837:19:mt_clkmgr_late_init	0	static
mt_clkmgr.c:4864:6:all_force_off	0	static
mt_clkmgr.c:4772:5:clk_pm_restore_noirq	32	static
mt_clkmgr.c:621:13:sdm_pll_fsel_op	16	static
mt_clkmgr.c:691:13:arm_pll_fsel_op	16	static
mt_clkmgr.c:601:13:sdm_pll_disable_op	32	static
mt_clkmgr.c:583:13:sdm_pll_enable_op	32	static
mt_clkmgr.c:1248:12:mfg_sys_disable_op	16	static
mt_clkmgr.c:1233:12:mfg_sys_enable_op	16	static
mt_clkmgr.c:2338:13:clkmux_disable_op	32	static
mt_clkmgr.c:2299:13:clkmux_enable_op	32	static
mt_clkmgr.c:2247:13:clkmux_sel_op	16	static
mt_clkmgr.c:1200:12:conn_sys_disable_op	16	static
mt_clkmgr.c:1192:12:conn_sys_enable_op	16	static
mt_clkmgr.c:1184:12:md2_sys_disable_op	16	static
mt_clkmgr.c:1176:12:md2_sys_enable_op	16	static
mt_clkmgr.c:1168:12:md1_sys_disable_op	16	static
mt_clkmgr.c:1160:12:md1_sys_enable_op	16	static
mt_clkmgr.c:1669:5:md_power_on	32	static
mt_clkmgr.c:1718:5:md_power_off	16	static
mt_clkmgr.c:4708:12:proc_armpll_ckdiv_open	16	static
mt_clkmgr.c:4696:12:proc_slp_chk_mtcmos_pll_stat_open	16	static
mt_clkmgr.c:4683:12:proc_clk_force_on_open	16	static
mt_clkmgr.c:4670:12:proc_clk_stat_open	16	static
mt_clkmgr.c:4656:12:proc_clk_test_open	16	static
mt_clkmgr.c:4643:12:proc_mux_stat_open	16	static
mt_clkmgr.c:4630:12:proc_mux_test_open	16	static
mt_clkmgr.c:4617:12:proc_subsys_stat_open	16	static
mt_clkmgr.c:4603:12:proc_subsys_test_open	16	static
mt_clkmgr.c:4590:12:proc_pll_stat_open	16	static
mt_clkmgr.c:4576:12:proc_pll_fsel_open	16	static
mt_clkmgr.c:4563:12:proc_pll_test_open	16	static
mt_clkmgr.c:4534:12:armpll_ckdiv_read	16	static
mt_clkmgr.c:4528:12:slp_chk_mtcmos_pll_stat_read	16	static
mt_clkmgr.c:4540:16:armpll_ckdiv_write	96	static
mt_clkmgr.c:4483:12:clk_force_on_read	48	static
mt_clkmgr.c:4240:12:mux_stat_read	80	static
mt_clkmgr.c:4220:12:mux_test_read	32	static
mt_clkmgr.c:4195:12:subsys_stat_read	80	static
mt_clkmgr.c:4111:12:pll_stat_read	80	static
mt_clkmgr.c:4089:16:pll_fsel_write	96	static
mt_clkmgr.c:4504:16:clk_force_on_write	112	static
mt_clkmgr.c:4026:16:pll_test_write	128	static
mt_clkmgr.c:4300:16:clk_test_write	128	static
mt_clkmgr.c:2667:21:general_grp_get_state_op	16	static
mt_clkmgr.c:2693:21:disp0_grp_get_state_op	16	static
mt_clkmgr.c:1880:13:larb_clk_prepare	16	static
mt_clkmgr.c:1908:13:larb_clk_finish	16	static
mt_clkmgr.c:1936:13:larb_backup	48	static
mt_clkmgr.c:1348:12:ven_sys_disable_op	16	static
mt_clkmgr.c:1299:12:vde_sys_disable_op	16	static
mt_clkmgr.c:1275:12:isp_sys_disable_op	16	static
mt_clkmgr.c:1221:12:dis_sys_disable_op	16	static
mt_clkmgr.c:1955:13:larb_restore	48	static
mt_clkmgr.c:1336:12:ven_sys_enable_op	32	static
mt_clkmgr.c:1287:12:vde_sys_enable_op	32	static
mt_clkmgr.c:1263:12:isp_sys_enable_op	32	static
mt_clkmgr.c:1208:12:dis_sys_enable_op	32	static
mt_clkmgr.c:3374:5:grp_dump_regs	16	static
mt_clkmgr.c:4931:5:clk_monitor_0	48	static
mt_clkmgr.c:4959:5:clk_monitor	64	static
mt_clkmgr.c:4370:6:clk_stat_check	80	static
mt_clkmgr.c:966:5:pll_dump_regs	16	static
mt_clkmgr.c:1639:5:subsys_dump_regs	16	static
mt_clkmgr.c:306:6:update_stat_locked	80	static
mt_clkmgr.c:2438:13:mux_disable_locked	32	static
mt_clkmgr.c:983:13:pll_get_name	16	static
mt_clkmgr.c:4060:12:pll_fsel_read	80	static
mt_clkmgr.c:4004:12:pll_test_read	96	static
mt_clkmgr.c:1623:5:disable_subsys_force	64	static
mt_clkmgr.c:4162:16:subsys_test_write	112	static
mt_clkmgr.c:1657:13:subsys_get_name	16	static
mt_clkmgr.c:4136:12:subsys_test_read	96	static
mt_clkmgr.c:3358:5:clk_is_force_on	0	static
mt_clkmgr.c:3391:13:grp_get_name	16	static
mt_clkmgr.c:3407:6:print_grp_regs	96	static
mt_clkmgr.c:4443:6:slp_check_pm_mtcmos_pll	16	static
mt_clkmgr.c:4334:12:clk_stat_read	96	static
mt_clkmgr.c:4269:12:clk_test_read	96	static
mt_clkmgr.c:3828:6:iomap	32	static
mt_clkmgr.c:3905:5:mt_clkmgr_init	96	static
mt_clkmgr.c:3954:6:clkmgr_idle_can_enter	64	static
mt_clkmgr.c:3989:6:clkmgr_faudintbus_pll2sq	0	static
mt_clkmgr.c:3995:6:clkmgr_faudintbus_sq2pll	0	static
mt_clkmgr.c:4719:6:mt_clkmgr_debug_init	32	static
mt_clkmgr.c:4816:12:mt_clkmgr_debug_module_init	32	static
