mt_spm_mtcmos.c:41:5:spm_mtcmos_cpu_init	48	static
mt_spm_mtcmos.c:64:6:spm_mtcmos_cpu_lock	32	static
mt_spm_mtcmos.c:70:6:spm_mtcmos_cpu_unlock	16	static
mt_spm_mtcmos.c:93:5:spm_mtcmos_ctrl_cpu0	48	static
mt_spm_mtcmos.c:189:5:spm_mtcmos_ctrl_cpu1	48	static
mt_spm_mtcmos.c:286:5:spm_mtcmos_ctrl_cpu2	48	static
mt_spm_mtcmos.c:383:5:spm_mtcmos_ctrl_cpu3	48	static
mt_spm_mtcmos.c:88:5:spm_mtcmos_ctrl_cpu	16	static
mt_spm_mtcmos.c:936:5:spm_mtcmos_ctrl_cpusys0	48	static
mt_spm_mtcmos.c:1030:5:spm_mtcmos_ctrl_cpusys1	48	static
mt_spm_mtcmos.c:479:5:spm_mtcmos_ctrl_cpu4	48	static
mt_spm_mtcmos.c:596:5:spm_mtcmos_ctrl_cpu5	48	static
mt_spm_mtcmos.c:710:5:spm_mtcmos_ctrl_cpu6	48	static
mt_spm_mtcmos.c:823:5:spm_mtcmos_ctrl_cpu7	48	static
mt_spm_mtcmos.c:1123:6:spm_mtcmos_ctrl_cpusys1_init_1st_bring_up	16	static
mt_spm_mtcmos.c:1140:6:spm_cpusys0_can_power_down	0	static
mt_spm_mtcmos.c:1146:6:spm_cpusys1_can_power_down	0	static
mt_spm_mtcmos.c:1229:5:spm_mtcmos_ctrl_vdec	64	static
mt_spm_mtcmos.c:1311:5:spm_mtcmos_ctrl_venc	64	static
mt_spm_mtcmos.c:1392:5:spm_mtcmos_ctrl_isp	48	static
mt_spm_mtcmos.c:1537:5:spm_mtcmos_ctrl_disp	64	static
mt_spm_mtcmos.c:1630:5:spm_mtcmos_ctrl_mfg	48	static
mt_spm_mtcmos.c:1705:5:spm_mtcmos_ctrl_mdsys1	48	static
mt_spm_mtcmos.c:1806:5:spm_mtcmos_ctrl_mdsys2	48	static
mt_spm_mtcmos.c:1873:5:spm_mtcmos_ctrl_connsys	48	static
mt_spm_mtcmos.c:1936:5:spm_topaxi_prot	48	static
