mt_dcm.c:659:5:dcm_peri	0	static
mt_dcm.c:1345:6:mt_dcm_topckg_disable	0	static
mt_dcm.c:553:5:dcm_infra	32	static
mt_dcm.c:1092:16:dcm_state_show	64	static
mt_dcm.c:702:5:dcm_dramc_ao	0	static
mt_dcm.c:725:5:dcm_emi	0	static
mt_dcm.c:777:5:dcm_efuse	0	static
mt_dcm.c:1355:6:mt_dcm_topckg_enable	0	static
mt_secure_api.h:47:21:mt_secure_call.constprop	0	static
mt_dcm.c:299:5:dcm_mcusys	32	static
mt_dcm.c:188:5:dcm_armcore_pll_clkdiv	16	static
mt_dcm.c:218:5:dcm_armcore	16	static
mt_dcm.c:429:5:dcm_topckg_dbc	0	static
mt_dcm.c:451:5:dcm_topckg_rate	0	static
mt_dcm.c:466:5:dcm_fmem	0	static
mt_dcm.c:495:5:dcm_topckg	32	static
mt_dcm.c:512:5:dcm_infra_dbc	0	static
mt_dcm.c:534:5:dcm_infra_rate	16	static
mt_dcm.c:618:5:dcm_peri_dbc	16	static
mt_dcm.c:641:5:dcm_peri_rate	16	static
mt_dcm.c:944:6:dcm_set_default	64	static
mt_dcm.c:967:6:dcm_set_state	64	static
mt_dcm.c:994:6:dcm_disable	64	static
mt_dcm.c:1020:6:dcm_restore	64	static
mt_dcm.c:1048:6:dcm_dump_state	48	static
mt_dcm.c:1062:6:dcm_dump_regs	48	static
mt_dcm.c:1285:5:mt_dcm_init	112	static
mt_dcm.c:1330:6:mt_dcm_disable	16	static
mt_dcm.c:1337:6:mt_dcm_restore	16	static
mt_dcm.c:1366:6:mt_dcm_topck_off	16	static
mt_dcm.c:1373:6:mt_dcm_topck_on	16	static
mt_dcm.c:1380:6:mt_dcm_peri_off	16	static
mt_dcm.c:1387:6:mt_dcm_peri_on	16	static
mt_dcm.c:1117:16:dcm_state_store	80	static
