exec.c:88:6:unregister_binfmt	32	static
exec.c:757:21:do_open_exec	48	static
exec.c:793:14:open_exec	48	static
exec.c:576:12:shift_arg_pages	224	static
exec.c:641:5:setup_arg_pages	96	static
exec.c:800:5:kernel_read	48	static
exec.c:817:9:read_code	64	static
exec.c:1037:7:get_task_comm	48	static
exec.c:1097:6:would_dump	32	static
exec.c:1180:5:bprm_change_interp	32	static
exec.c:1195:6:install_exec_creds	32	static
exec.c:1163:13:free_bprm	32	static
exec.c:1603:6:set_binfmt	32	static
exec.c:171:13:acct_arg_size.isra.12	0	static
exec.c:399:27:get_user_arg_ptr.isra.18	0	static
exec.c:75:6:__register_binfmt	48	static
exec.c:454:12:copy_strings.isra.21	144	static
exec.c:545:5:copy_strings_kernel	32	static
exec.c:1061:5:flush_old_exec	80	static
exec.c:1314:5:prepare_binprm	64	static
exec.c:1380:5:search_binary_handler	80	static
exec.c:423:12:count.isra.20.constprop	64	static
exec.c:1337:5:remove_arg_zero	80	static
exec.c:109:1:SyS_uselib	64	static
exec.c:1052:6:__set_task_comm	64	static
exec.c:1150:5:prepare_bprm_creds	32	static
exec.c:1458:12:do_execve_common.isra.27	128	static
exec.c:1577:5:do_execve	16	static
exec.c:1619:6:set_dumpable	16	static
exec.c:1104:6:setup_new_exec	48	static
exec.c:1632:1:SyS_execve	32	static
exec.c:1640:1:compat_SyS_execve	48	static
