dcache.c:1166:24:check_mount	0	static
dcache.c:1997:37:slow_dentry_cmp	16	static
dcache.c:1583:17:d_flags_for_inode	0	static
dcache.c:2754:12:prepend	16	static
dcache.c:3055:7:simple_dname	64	static
dcache.c:784:16:d_find_alias	64	static
dcache.c:270:6:take_dentry_name_snapshot	64	static
dcache.c:2268:5:d_validate	64	static
dcache.c:287:6:release_dentry_name_snapshot	16	static
dcache.c:471:6:__d_drop	48	static
dcache.c:494:6:d_drop	32	static
dcache.c:1610:13:__d_instantiate	48	static
dcache.c:2383:6:dentry_update_name_case	48	static
dcache.c:440:13:d_lru_shrink_move	48	static
dcache.c:418:13:d_shrink_add	48	static
dcache.c:1553:6:d_set_d_op	48	static
dcache.c:905:1:dentry_lru_isolate	64	static
dcache.c:987:24:dentry_lru_isolate_shrink	48	static
dcache.c:258:13:__d_free_external	32	static
dcache.c:251:13:__d_free	16	static
dcache.c:299:13:dentry_free	32	static
dcache.c:2821:12:prepend_path	144	static
dcache.c:3002:7:d_path	80	static
dcache.c:1054:13:d_walk	144	static
dcache.c:1183:5:have_submounts	32	static
dcache.c:3275:6:d_genocide	16	static
dcache.c:2309:6:d_delete	48	static
dcache.c:3297:19:set_dhash_entries	32	static
dcache.c:3260:24:d_genocide_kill	0	static
dcache.c:1368:13:check_and_drop	16	static
dcache.c:2341:13:__d_rehash	48	static
dcache.c:2361:6:d_rehash	32	static
dcache.c:1301:24:umount_check	16	static
dcache.c:402:13:d_lru_del	32	static
dcache.c:1247:24:select_collect	48	static
dcache.c:1355:24:detach_and_collect	16	static
dcache.c:502:13:__dentry_kill	48	static
dcache.c:648:6:dput	48	static
dcache.c:801:6:d_prune_aliases	80	static
dcache.c:824:13:shrink_dentry_list	80	static
dcache.c:1015:6:shrink_dcache_sb	96	static
dcache.c:1282:6:shrink_dcache_parent	80	static
dcache.c:696:16:dget_parent	64	static
dcache.c:1386:6:d_invalidate	96	static
dcache.c:1639:6:d_instantiate	32	static
dcache.c:3280:6:d_tmpfile	48	static
dcache.c:1702:16:d_instantiate_unique	48	static
dcache.c:1735:5:d_instantiate_no_diralias	48	static
dcache.c:1788:16:d_find_any_alias	32	static
dcache.c:3070:14:__dentry_path.part.13	128	static
dcache.c:3115:7:dentry_path_raw	16	static
dcache.c:152:5:proc_nr_dentry	112	static
dcache.c:975:6:prune_dcache_sb	64	static
dcache.c:1201:5:d_set_mounted	48	static
dcache.c:1335:6:shrink_dcache_for_umount	48	static
dcache.c:1440:16:__d_alloc	48	static
dcache.c:1508:16:d_alloc	48	static
dcache.c:1542:16:d_alloc_name	48	static
dcache.c:1536:16:d_alloc_pseudo	16	static
dcache.c:1753:16:d_make_root	32	static
dcache.c:1799:23:__d_obtain_alias	80	static
dcache.c:1873:16:d_obtain_alias	16	static
dcache.c:1894:16:d_obtain_root	16	static
dcache.c:2044:16:__d_lookup_rcu	96	static
dcache.c:2162:16:__d_lookup	96	static
dcache.c:2132:16:d_lookup	64	static
dcache.c:2240:16:d_hash_and_lookup	32	static
dcache.c:2628:16:d_ancestor	0	static
dcache.c:2521:13:__d_move	96	static
dcache.c:2593:6:d_move	64	static
dcache.c:2606:6:d_exchange	48	static
dcache.c:2700:16:d_splice_alias	80	static
dcache.c:1916:16:d_add_ci	64	static
dcache.c:2920:7:__d_path	80	static
dcache.c:2937:7:d_absolute_path	80	static
dcache.c:3037:7:dynamic_dname	192	static
dcache.c:3121:7:dentry_path	64	static
dcache.c:3170:1:SyS_getcwd	112	static
dcache.c:3234:5:is_subdir	80	static
dcache.c:3368:13:vfs_caches_init_early	48	static
dcache.c:3374:13:vfs_caches_init	64	static
