accdet.c:144:6:accdet_state_reset	16	static
accdet.c:131:6:accdet_detect	32	static
accdet.c:313:13:disable_micbias	16	static
accdet.c:203:12:pmic_pwrap_read	32	static
accdet.c:1560:12:dbug_thread	48	static
accdet.c:696:13:send_key_event	32	static
accdet.c:1460:16:store_accdet_call_state	48	static
accdet.c:1430:12:cat_register	176	static
accdet.c:518:20:accdet_eint_func	64	static
accdet.c:1873:13:mt_accdet_pm_disable	32	static
accdet.c:1599:16:store_accdet_dump_register	32	static
accdet.c:216:12:Accdet_PMIC_IMM_GetOneChannelValue.isra.5	32	static
accdet.c:722:13:multi_key_detection	48	static
accdet.c:1493:16:show_pin_recognition_state	32	static
accdet.c:1547:16:show_accdet_dump_register	32	static
accdet.c:1621:16:store_accdet_set_register	64	static
accdet.c:1570:16:store_accdet_start_debug_thread	64	static
accdet.c:1224:13:accdet_work_callback	96	static
accdet.c:1510:16:store_accdet_set_headset_mode	64	static
accdet.c:322:13:disable_micbias_callback	64	static
accdet.c:154:5:accdet_get_cable_type	0	static
accdet.c:159:6:accdet_auxadc_switch	16	static
accdet.c:772:5:accdet_irq_handler	48	static
accdet.c:1686:6:accdet_int_handler	32	static
accdet.c:1696:6:accdet_eint_int_handler	32	static
accdet.c:351:13:accdet_eint_work_callback	96	static
accdet.c:1251:6:accdet_get_dts_data	112	static
accdet.c:1292:6:accdet_pmic_Read_Efuse_HPOffset	16	static
accdet.c:1706:5:mt_accdet_probe	288	static
accdet.c:1826:6:mt_accdet_remove	32	static
accdet.c:1844:6:mt_accdet_suspend	32	static
accdet.c:1855:6:mt_accdet_resume	32	static
accdet.c:1893:6:mt_accdet_pm_restore_noirq	48	static
accdet.c:1965:6:mt_accdet_unlocked_ioctl	32	static
