NVTtouch_206.c:2019:20:nvt_driver_exit	16	static
NVTtouch_206.c:1701:12:nvt_i2c_detect	16	static
NVTtouch_206.c:1686:16:nvt_ts_remove	32	static
NVTtouch_206.c:709:16:nvt_flash_close	16	static
NVTtouch_206.c:1224:20:nvt_ts_irq_handler	32	static
NVTtouch_206.c:686:16:nvt_flash_open	32	static
NVTtouch_206.c:1735:12:nvt_local_init	64	static
NVTtouch_206.c:1992:23:nvt_driver_init	48	static
NVTtouch_206.c:100:5:i2c_dma_read	144	static
NVTtouch_206.c:144:5:i2c_dma_write	96	static
NVTtouch_206.c:180:5:i2c_read_bytes_dma	80	static
NVTtouch_206.c:212:5:i2c_write_bytes_dma	80	static
NVTtouch_206.c:247:9:CTP_I2C_READ	16	static
NVTtouch_206.c:1045:12:touch_event_handler	256	static
NVTtouch_206.c:290:9:CTP_I2C_READ_DUMMY	48	static
NVTtouch_206.c:310:9:CTP_I2C_WRITE	16	static
NVTtouch_206.c:1774:13:nvt_ts_suspend	80	static
NVTtouch_206.c:1321:16:nvt_ts_read_fwver	128	static
NVTtouch_206.c:613:16:nvt_flash_read	176	static
NVTtouch_206.c:349:6:nvt_hw_reset	16	static
NVTtouch_206.c:367:6:nvt_set_i2c_debounce	112	static
NVTtouch_206.c:417:6:nvt_sw_reset_idle	32	static
NVTtouch_206.c:440:6:nvt_sw_reset_idle_no_i2c_debounce	32	static
NVTtouch_206.c:460:6:nvt_bootloader_reset	32	static
NVTtouch_206.c:480:9:nvt_clear_fw_status	96	static
NVTtouch_206.c:527:9:nvt_check_fw_status	80	static
NVTtouch_206.c:569:9:nvt_check_fw_reset_state	80	static
NVTtouch_206.c:1886:13:nvt_ts_resume	64	static
NVTtouch_206.c:1359:16:nvt_ts_probe	224	static
