NVTtouch_206_mp_ctrlram.c:268:13:goto_next_line	0	static
NVTtouch_206_mp_ctrlram.c:276:13:copy_this_line	0	static
NVTtouch_206_mp_ctrlram.c:3186:14:c_start	0	static
NVTtouch_206_mp_ctrlram.c:3200:14:c_next	0	static
NVTtouch_206_mp_ctrlram.c:3214:13:c_stop	0	static
NVTtouch_206_mp_ctrlram.c:2975:16:RawDataTest_Sub	96	static
NVTtouch_206_mp_ctrlram.c:300:22:str_to_hex	48	static
NVTtouch_206_mp_ctrlram.c:1324:13:nvt_ctrlram_fill_cmd_table	128	static
NVTtouch_206_mp_ctrlram.c:1346:16:nvt_load_mp_ctrl_ram	368	static
NVTtouch_206_mp_ctrlram.c:1642:13:nvt_write_test_cmd	144	static
NVTtouch_206_mp_ctrlram.c:1595:16:nvt_set_adc_oper	64	static
NVTtouch_206_mp_ctrlram.c:1684:16:nvt_read_short_rxrx	672	static
NVTtouch_206_mp_ctrlram.c:2219:16:nvt_read_short_txtx	464	static
NVTtouch_206_mp_ctrlram.c:1971:16:nvt_read_short_txrx	480	static
NVTtouch_206_mp_ctrlram.c:2499:16:nvt_read_open	512	static
NVTtouch_206_mp_ctrlram.c:323:9:parse_mp_criteria_item	48	static
NVTtouch_206_mp_ctrlram.c:346:9:nvt_load_mp_criteria	928	static
NVTtouch_206_mp_ctrlram.c:3233:16:nvt_selftest_open	128	static
NVTtouch_206_mp_ctrlram.c:3058:6:print_selftest_result	128	static
NVTtouch_206_mp_ctrlram.c:3126:16:c_show_selftest	64	static
NVTtouch_206_mp_ctrlram.c:3361:9:nvt_mp_proc_init	32	static
