camera_fdvt_D1.c:665:12:compat_FD_get_register_data	0	static
camera_fdvt_D1.c:684:12:compat_FD_put_register_data	0	static
camera_fdvt_D1.c:1074:12:FDVT_suspend	0	static
camera_fdvt_D1.c:1090:12:FDVT_resume	0	static
camera_fdvt_D1.c:1183:20:FDVT_driver_exit	32	static
camera_fdvt_D1.c:704:13:compat_FD_ioctl	64	static
camera_fdvt_D1.c:451:12:MT6573FDVT_SetRegHW	64	static
camera_fdvt_D1.c:574:20:MT6573FDVT_irq	32	static
camera_fdvt_D1.c:891:12:FDVT_probe	112	static
camera_fdvt_D1.c:355:12:mt_fdvt_clk_ctrl.part.0	48	static
camera_fdvt_D1.c:355:12:mt_fdvt_clk_ctrl	32	static
camera_fdvt_D1.c:1043:12:FDVT_remove	48	static
camera_fdvt_D1.c:855:12:FDVT_release	32	static
camera_fdvt_D1.c:1154:19:FDVT_driver_init	32	static
camera_fdvt_D1.c:797:12:FDVT_open	48	static
camera_fdvt_D1.c:255:6:FDVT_basic_config	0	static
camera_fdvt_D1.c:395:6:FaceDetecteConfig	0	static
camera_fdvt_D1.c:414:6:SmileDetecteConfig	0	static
camera_fdvt_D1.c:434:6:MT6573FDVT_DUMPREG	48	static
camera_fdvt_D1.c:584:13:FDVT_ioctl	144	static
