camera_sysram_D1.c:1089:12:SYSRAM_Remove	48	static
camera_sysram_D1.c:209:13:SYSRAM_DumpLayout	128	static
camera_sysram_D1.c:1157:16:SYSRAM_WriteFlag	16	static
camera_sysram_D1.c:1144:16:SYSRAM_ReadFlag	16	static
camera_sysram_D1.c:1131:16:SYSRAM_DumpLayoutToProc	16	static
camera_sysram_D1.c:1035:12:SYSRAM_Probe	64	static
camera_sysram_D1.c:40:13:SYSRAM_GetTime	48	static
camera_sysram_D1.c:609:12:SYSRAM_Open	80	static
camera_sysram_D1.c:821:12:SYSRAM_mmap	48	static
camera_sysram_D1.c:54:13:SYSRAM_CheckClock	0	static
camera_sysram_D1.c:1111:12:SYSRAM_Resume	16	static
camera_sysram_D1.c:1103:12:SYSRAM_Suspend	16	static
camera_sysram_D1.c:1217:20:SYSRAM_Exit	32	static
camera_sysram_D1.c:518:16:SYSRAM_TryAllocUser	112	static
camera_sysram_D1.c:541:16:SYSRAM_IOC_Alloc	128	static
camera_sysram_D1.c:1178:19:SYSRAM_Init	48	static
camera_sysram_D1.c:592:13:SYSRAM_IOC_Free	96	static
camera_sysram_D1.c:660:12:SYSRAM_Release	80	static
camera_sysram_D1.c:730:12:SYSRAM_Flush	80	static
camera_sysram_D1.c:856:13:SYSRAM_Ioctl	144	static
