camera_isp_D1.c:3771:6:ISP_ScheduleWork_VD	16	static
camera_isp_D1.c:3785:6:ISP_ScheduleWork_EXPDONE	16	static
camera_isp_D1.c:7256:15:ISP_ED_BufQue_Erase	0	static
camera_isp_D1.c:10447:12:compat_get_isp_read_register_data	0	static
camera_isp_D1.c:12388:9:ISP_BeginGCECallback	0	static
camera_isp_D1.c:12400:9:ISP_EndGCECallback	0	static
camera_isp_D1.c:12431:20:ISP_M4U_TranslationFault_callback	0	static
camera_isp_D1.c:12130:6:ISP_MCLK1_EN	48	static
camera_isp_D1.c:12163:6:ISP_MCLK2_EN	48	static
camera_isp_D1.c:12193:6:ISP_MCLK3_EN	48	static
camera_isp_D1.c:9784:13:ISP_TaskletFunc	80	static
camera_isp_D1.c:12092:7:ISP_RegCallback	16	static
camera_isp_D1.c:12066:16:CAMIO_RegDebug	16	static
camera_isp_D1.c:12049:16:CAMIO_DumpRegToProc	16	static
camera_isp_D1.c:12036:16:ISP_RegDebug	16	static
camera_isp_D1.c:12020:16:ISP_DumpRegToProc	16	static
camera_isp_D1.c:3465:15:ISP_WriteRegToHw	80	static
camera_isp_D1.c:3743:13:ISP_BufWrite_WriteToHw	32	static
camera_isp_D1.c:3799:6:ISP_Tasklet_VD	32	static
camera_isp_D1.c:3818:6:ISP_Tasklet_EXPDONE	32	static
camera_isp_D1.c:11948:5:ISP_pm_restore_noirq	32	static
camera_isp_D1.c:3208:13:ISP_EnableClock	48	static
camera_isp_D1.c:12221:9:ISP_MDPClockOnCallback	16	static
camera_isp_D1.c:12248:9:ISP_MDPClockOffCallback	16	static
camera_isp_D1.c:12239:9:ISP_MDPResetCallback	48	static
camera_isp_D1.c:3534:13:ISP_BufWrite_Free	48	static
camera_isp_D1.c:11784:15:ISP_remove	48	static
camera_isp_D1.c:6666:15:ISP_CAMSV_SOF_Buf_Get	160	static
camera_isp_D1.c:6235:15:ISP_SOF_Buf_Get	192	static
camera_isp_D1.c:11210:15:ISP_release	96	static
camera_isp_D1.c:11025:15:ISP_open	128	static
camera_isp_D1.c:10475:12:compat_get_isp_waitirq_data	112	static
camera_isp_D1.c:10515:12:compat_put_isp_waitirq_data	112	static
camera_isp_D1.c:10701:13:ISP_ioctl_compat	96	static
camera_isp_D1.c:3939:15:ISP_EnableHoldReg	128	static
camera_isp_D1.c:7778:15:ISP_REGISTER_IRQ_USERKEY	208	static
camera_isp_D1.c:4661:13:ISP_Buf_CTRL_FUNC	1136	static
camera_isp_D1.c:11515:15:ISP_probe	128	static
camera_isp_D1.c:13229:20:ISP_Exit	64	static
camera_isp_D1.c:13084:22:ISP_Init	80	static
camera_isp_D1.c:11853:15:ISP_suspend.part.2	48	static
camera_isp_D1.c:11853:15:ISP_suspend	16	static
camera_isp_D1.c:11889:15:ISP_resume	48	static
camera_isp_D1.c:12115:7:ISP_UnregCallback	16	static
camera_isp_D1.c:11923:5:ISP_pm_suspend	16	static
camera_isp_D1.c:11934:5:ISP_pm_resume	32	static
camera_isp_D1.c:6787:15:ISP_CAMSV_DONE_Buf_Time.isra.8	128	static
camera_isp_D1.c:8929:30:ISP_Irq_CAMSV2	176	static
camera_isp_D1.c:8746:30:ISP_Irq_CAMSV	176	static
camera_isp_D1.c:6888:15:ISP_DONE_Buf_Time.isra.9	224	static
camera_isp_D1.c:9119:30:ISP_Irq_CAM	352	static
camera_isp_D1.c:11346:15:ISP_mmap	16	static
camera_isp_D1.c:7142:15:ISP_ED_BufQue_Update_GPtr.constprop	0	static
camera_isp_D1.c:7481:15:ISP_ED_BufQue_CTRL_FUNC	192	static
camera_isp_D1.c:1156:5:getTaskInfo	48	static
camera_isp_D1.c:1181:5:sendSignal	16	static
camera_isp_D1.c:1417:7:ISP_chkModuleSetting	400	static
camera_isp_D1.c:2558:15:ISP_DumpReg	128	static
camera_isp_D1.c:12230:9:ISP_MDPDumpCallback	16	static
camera_isp_D1.c:8319:15:ISP_WaitIrq_v3	224	static
camera_isp_D1.c:9814:13:ISP_ioctl	416	static
