slub.c:2185:13:has_cpu_slab	0	static
slub.c:4591:16:reclaim_account_store	0	static
slub.c:4801:16:shrink_show	0	static
slub.c:5002:16:slab_attr_show	16	static
slub.c:5021:16:slab_attr_store	16	static
slub.c:5143:12:uevent_filter	0	static
slub.c:3418:8:ksize	32	static
slub.c:2193:13:flush_all	16	static
slub.c:3325:19:setup_slub_min_order	32	static
slub.c:3334:19:setup_slub_max_order	48	static
slub.c:3344:19:setup_slub_min_objects	32	static
slub.c:3056:12:calculate_sizes	80	static
slub.c:4608:16:cache_dma_show	16	static
slub.c:4621:16:reserved_show	16	static
slub.c:4615:16:destroy_by_rcu_show	16	static
slub.c:4586:16:reclaim_account_show	16	static
slub.c:4601:16:hwcache_align_show	16	static
slub.c:4433:16:align_show	16	static
slub.c:4525:16:aliases_show	16	static
slub.c:4517:16:ctor_show	16	static
slub.c:4494:16:cpu_partial_show	16	static
slub.c:4474:16:min_partial_show	16	static
slub.c:4468:16:order_show	16	static
slub.c:4445:16:objs_per_slab_show	16	static
slub.c:4439:16:object_size_show	16	static
slub.c:4427:16:slab_size_show	16	static
slub.c:4555:16:slabs_cpu_partial_show	96	static
slub.c:4806:16:shrink_store	32	static
slub.c:4499:16:cpu_partial_store	48	static
slub.c:4451:16:order_store	48	static
slub.c:5128:13:kmem_cache_release	16	static
slub.c:1485:21:new_slab	64	static
slub.c:1527:13:__free_slab.isra.57	48	static
slub.c:1561:13:rcu_free_slab	16	static
slub.c:1573:13:free_slab.isra.58	16	static
slub.c:3281:13:free_partial	48	static
slub.c:4479:16:min_partial_store	48	static
slub.c:2038:13:unfreeze_partials.isra.59	208	static
slub.c:2108:13:put_cpu_partial	96	static
slub.c:2628:13:__slab_free.isra.62	240	static
slub.c:2791:6:kmem_cache_free	112	static
slub.c:3007:13:free_kmem_cache_nodes	32	static
slub.c:3436:6:kfree	96	static
slub.c:1889:13:deactivate_slab	224	static
slub.c:2178:13:flush_cpu_slab	48	static
slub.c:3793:12:slab_cpuup_callback	112	static
slub.c:2368:14:__slab_alloc.isra.61.constprop	256	static
slub.c:3353:7:__kmalloc	112	static
slub.c:2572:7:kmem_cache_alloc	96	static
slub.c:3651:35:bootstrap	48	static
slub.c:2584:7:kmem_cache_alloc_trace	96	static
slub.c:5290:12:sysfs_slab_alias	48	static
slub.c:5204:12:sysfs_slab_add	64	static
slub.c:5313:19:slab_sysfs_init	64	static
slub.c:4299:16:show_slab_objects	112	static
slub.c:4537:16:cpu_slabs_show	16	static
slub.c:4531:16:partial_show	16	static
slub.c:4549:16:objects_partial_show	16	static
slub.c:4543:16:objects_show	16	static
slub.c:1314:15:kmem_cache_flags	0	static
slub.c:3316:5:__kmem_cache_shutdown	32	static
slub.c:3467:5:__kmem_cache_shrink	64	static
slub.c:3680:13:kmem_cache_init	64	static
slub.c:3726:13:kmem_cache_init_late	0	static
slub.c:3731:1:__kmem_cache_alias	48	static
slub.c:3768:5:__kmem_cache_create	64	static
slub.c:3825:7:__kmalloc_track_caller	112	static
slub.c:5261:6:sysfs_slab_remove	32	static
