oom.h:30:1:perf_trace_oom_kill	400	static
oom.h:8:1:perf_trace_oom_score_adj_update	368	static
oom.h:8:1:ftrace_raw_event_oom_score_adj_update	96	static
oom.h:30:1:ftrace_raw_event_oom_kill	128	static
oom.h:8:1:ftrace_raw_output_oom_score_adj_update	32	static
oom.h:30:1:ftrace_raw_output_oom_kill	32	static
oom_kill.c:599:5:register_oom_notifier	16	static
oom_kill.c:605:5:unregister_oom_notifier	16	static
oom.h:30:1:ftrace_define_fields_oom_kill	32	static
oom.h:8:1:ftrace_define_fields_oom_score_adj_update	32	static
oom_kill.c:103:21:find_lock_task_mm	64	static
oom_kill.c:390:13:dump_header.isra.14.part.15	112	static
oom_kill.c:151:15:oom_badness	48	static
oom_kill.c:259:17:oom_scan_process_thread	32	static
oom_kill.c:435:5:oom_kills_count	0	static
oom_kill.c:440:6:note_oom_kill	0	static
oom_kill.c:450:6:oom_kill_process	160	static
oom_kill.c:578:6:check_panic_on_oom	32	static
oom_kill.c:616:6:oom_zonelist_trylock	80	static
oom_kill.c:646:6:oom_zonelist_unlock	80	static
oom_kill.c:670:6:out_of_memory	128	static
oom_kill.c:740:6:pagefault_out_of_memory	32	static
