swapfile.c:346:13:inc_cluster_info_page	0	static
swapfile.c:2209:17:swaps_poll	32	static
swapfile.c:2247:14:swap_next	0	static
swapfile.c:2335:19:max_swapfiles_check	0	static
swapfile.c:2975:9:__page_file_index	0	static
swapfile.c:2984:26:get_swap_info_struct	0	static
swapfile.c:2819:6:si_swapinfo	48	static
swapfile.c:1818:10:map_swap_entry	16	static
swapfile.c:1984:13:_enable_swap_info	48	static
swapfile.c:2224:14:swap_start	32	static
swapfile.c:2269:13:swap_stop	16	static
swapfile.c:1861:13:destroy_swap_extents	32	static
swapfile.c:2304:12:swaps_open	32	static
swapfile.c:2274:12:swap_show	48	static
swapfile.c:2326:19:procswaps_init	16	static
swapfile.c:3106:13:swap_count_continued.isra.35	112	static
swapfile.c:953:22:swap_entry_free	64	static
swapfile.c:2848:12:__swap_duplicate	80	static
swapfile.c:290:13:swap_do_scheduled_discard	112	static
swapfile.c:439:13:scan_swap_map_try_ssd_cluster	64	static
swapfile.c:331:13:swap_discard_work	32	static
swapfile.c:2597:1:SyS_swapon	208	static
swapfile.c:911:26:swap_info_get	32	static
swapfile.c:1026:6:swap_free	48	static
swapfile.c:1490:12:unuse_mm	208	static
swapfile.c:948:6:swap_info_unlock	16	static
swapfile.c:1040:6:swapcache_free	48	static
swapfile.c:1057:5:page_swapcount	32	static
swapfile.c:1076:5:swp_swapcount	96	static
swapfile.c:1120:5:reuse_swap_page	32	static
swapfile.c:1142:5:try_to_free_swap	32	static
swapfile.c:489:22:scan_swap_map	112	static
swapfile.c:766:13:get_swap_page	112	static
swapfile.c:760:13:get_swap_page_by_state	16	static
swapfile.c:831:13:get_swap_page_of_type	48	static
swapfile.c:856:6:get_swap_range_of_type	96	static
swapfile.c:1180:5:free_swap_and_cache	48	static
swapfile.c:1569:5:try_to_unuse	224	static
swapfile.c:2043:1:SyS_swapoff	112	static
swapfile.c:1850:10:map_swap_page	16	static
swapfile.c:1888:1:add_swap_extent	48	static
swapfile.c:2923:6:swap_shmem_alloc	16	static
swapfile.c:2952:5:swapcache_prepare	16	static
swapfile.c:2957:26:page_swap_info	16	static
swapfile.c:2968:23:__page_file_mapping	16	static
swapfile.c:3005:5:add_swap_count_continuation	96	static
swapfile.c:2935:5:swap_duplicate	32	static
