memory.c:122:19:disable_randmaps	0	static
memory.c:159:19:init_zero_pfn	0	static
memory.c:351:13:tlb_remove_table_smp_sync	0	static
memory.c:2839:12:fault_around_bytes_get	0	static
memory.c:139:19:setup_uksm_zero_page	48	static
memory.c:369:13:tlb_remove_table_rcu	32	static
memory.c:183:13:add_mm_counter_fast	0	static
memory.c:678:13:print_bad_pte	96	static
memory.c:2863:19:fault_around_debugfs	16	static
memory.c:2860:1:fault_around_bytes_fops_open	16	static
memory.c:2032:12:do_page_mkwrite	80	static
memory.c:2765:12:__do_fault	96	static
memory.c:3643:12:__access_remote_vm	128	static
memory.c:3568:5:follow_pfn	64	static
memory.c:2850:12:fault_around_bytes_set	0	static
memory.c:170:6:sync_mm_rss	0	static
memory.c:250:6:tlb_gather_mmu	0	static
memory.c:325:5:__tlb_remove_page	32	static
memory.c:382:6:tlb_table_flush	32	static
memory.c:270:13:tlb_flush_mmu_tlbonly	32	static
memory.c:293:6:tlb_flush_mmu	48	static
memory.c:303:6:tlb_finish_mmu	32	static
memory.c:392:6:tlb_remove_table	32	static
memory.c:502:6:free_pgd_range	144	static
memory.c:560:6:free_pgtables	80	static
memory.c:595:5:__pte_alloc	48	static
memory.c:635:5:__pte_alloc_kernel	48	static
memory.c:782:14:vm_normal_page	16	static
memory.c:1336:13:unmap_single_vma	208	static
memory.c:1444:13:zap_page_range_single	208	static
memory.c:1472:5:zap_vma_ptes	16	static
memory.c:2418:6:unmap_mapping_range	80	static
memory.c:2076:12:do_wp_page	144	static
memory.c:1397:6:unmap_vmas	48	static
memory.c:1418:6:zap_page_range	208	static
memory.c:2811:6:do_set_pte	64	static
memory.c:2942:12:do_read_fault.isra.90	160	static
memory.c:2983:12:do_cow_fault	128	static
memory.c:3032:12:do_shared_fault.isra.91	112	static
memory.c:3484:5:__pmd_alloc	48	static
memory.c:1758:5:remap_pfn_range	160	static
memory.c:1836:5:vm_iomap_memory	16	static
memory.c:1950:5:apply_to_page_range	160	static
memory.c:1043:5:copy_page_range	256	static
memory.c:1483:8:__get_locked_pte	64	static
memory.c:1583:12:insert_pfn.isra.78	64	static
memory.c:1656:5:vm_insert_mixed	16	static
memory.c:1628:5:vm_insert_pfn	64	static
memory.c:1567:5:vm_insert_page	80	static
memory.c:3419:5:handle_mm_fault	160	static
memory.c:3731:5:access_remote_vm	16	static
memory.c:3742:5:access_process_vm	80	static
memory.c:3761:6:print_vma_addr	80	static
