uksm.c:218:13:slot_tree_node_extend	0	static
uksm.c:229:6:slot_tree_node_assign	0	static
uksm.c:245:6:slot_tree_node_rm	0	static
uksm.c:1196:12:random_sample_hash	0	static
uksm.c:1226:12:delta_hash	0	static
uksm.c:200:33:slot_tree_node_alloc	16	static
uksm.c:210:13:slot_tree_node_free	16	static
uksm.c:2604:12:break_ksm	80	static
uksm.c:5209:16:full_scans_show	16	static
uksm.c:5202:16:pages_unshared_show	16	static
uksm.c:5195:16:pages_sharing_show	16	static
uksm.c:5188:16:pages_shared_show	16	static
uksm.c:4890:16:run_show	16	static
uksm.c:5113:16:eval_intervals_show	64	static
uksm.c:5052:16:cpu_scales_show	80	static
uksm.c:4966:16:cpu_ratios_show	80	static
uksm.c:4920:16:abundant_threshold_show	16	static
uksm.c:4943:16:thrash_threshold_show	16	static
uksm.c:5255:16:sleep_times_show	16	static
uksm.c:5248:16:hash_strength_show	16	static
uksm.c:5216:16:pages_scanned_show	16	static
uksm.c:5181:16:ema_per_page_time_show	16	static
uksm.c:4773:16:max_cpu_percentage_show	16	static
uksm.c:5289:16:pages_volatile_show	16	static
uksm.c:4779:16:max_cpu_percentage_store	48	static
uksm.c:4926:16:abundant_threshold_store	48	static
uksm.c:4949:16:thrash_threshold_store	48	static
uksm.c:4896:16:run_store	64	static
uksm.c:5306:16:pages_to_scan_store	64	static
uksm.c:5296:16:pages_to_scan_show	48	static
uksm.c:4801:16:sleep_millisecs_show	32	static
uksm.c:4190:13:uksm_calc_scan_pages	112	static
uksm.c:4807:16:sleep_millisecs_store	64	static
uksm.c:5132:16:eval_intervals_store	112	static
uksm.c:5078:16:cpu_scales_store	96	static
uksm.c:4991:16:cpu_ratios_store	128	static
uksm.c:4867:16:cpu_governor_store	64	static
uksm.c:4828:16:cpu_governor_show	80	static
uksm.c:3419:12:advance_current_scan	48	static
uksm.c:1391:12:write_protect_page	80	static
uksm.c:1997:12:try_merge_rmap_item	80	static
uksm.c:1474:12:replace_page	112	static
uksm.c:2046:13:try_merge_with_stable	80	static
uksm.c:1356:12:memcmp_pages	64	static
uksm.c:268:5:slot_iter	0	static
uksm.c:786:13:uksm_drop_anon_vma.isra.27	16	static
uksm.c:882:21:get_uksm_page	80	static
uksm.c:4074:13:uksm_del_vma_slot	128	static
uksm.c:2517:13:stable_tree_append	80	static
uksm.c:3082:12:within_same_pool	16	static
uksm.c:1003:12:try_down_read_slot_mmap_sem	48	static
uksm.c:4258:13:uksm_vma_enter.constprop	64	static
uksm.c:3188:26:get_next_rmap_item	160	static
uksm.c:2765:13:cmp_and_merge_page	224	static
uksm.c:4400:13:uksm_do_scan	304	static
uksm.c:4593:12:uksm_scan_thread	128	static
uksm.c:306:6:slot_tree_init	16	static
uksm.c:5575:19:uksm_init	144	static
uksm.c:1115:6:uksm_vma_add_new	48	static
uksm.c:1144:6:uksm_remove_vma	64	static
uksm.c:2679:12:unmerge_uksm_pages	64	static
uksm.c:4628:5:rmap_walk_ksm	112	static
uksm.c:4690:6:ksm_migrate_page	0	static
uksm.c:5517:5:ksm_madvise	64	static
uksm.c:5545:14:ksm_might_need_to_copy	64	static
