mmap.c:101:10:vm_get_page_prot	0	static
mmap.c:109:17:vm_pgprot_modify	0	static
mmap.c:148:15:vm_memory_committed	0	static
mmap.c:376:13:vma_compute_subtree_gap	0	static
mmap.c:500:1:vma_gap_callbacks_rotate	32	static
mmap.c:508:13:vma_gap_update	32	static
mmap.c:574:12:find_vma_links	0	static
mmap.c:1015:1:can_vma_merge_before	0	static
mmap.c:1198:25:reusable_anon_vma	0	static
mmap.c:2992:13:special_mapping_close	0	static
mmap.c:2996:20:special_mapping_name	0	static
mmap.c:3299:12:init_user_reserve	0	static
mmap.c:3320:12:init_admin_reserve	0	static
mmap.c:3392:22:init_reserve_notifier	0	static
mmap.c:254:13:__remove_shared_vm_struct	48	static
mmap.c:660:13:__vma_link_file	48	static
mmap.c:289:31:remove_vma	32	static
mmap.c:2436:13:unmap_region	208	static
mmap.c:2050:1:get_unmapped_area	32	static
mmap.c:3012:12:special_mapping_fault	32	static
mmap.c:2084:24:find_vma	32	static
mmap.c:526:13:vma_rb_erase	96	static
mmap.c:170:5:__vm_enough_memory	64	static
mmap.c:274:6:unlink_file_vma	48	static
mmap.c:636:6:__vma_link_rb	64	static
mmap.c:691:13:vma_link	80	static
mmap.c:750:5:vma_adjust	192	static
mmap.c:2487:12:__split_vma.isra.29	64	static
mmap.c:1078:24:vma_merge	96	static
mmap.c:1217:18:find_mergeable_anon_vma	32	static
mmap.c:1250:6:vm_stat_account	0	static
mmap.c:1453:1:SyS_mmap_pgoff	80	static
mmap.c:1533:5:vma_wants_writenotify	48	static
mmap.c:115:6:vma_set_page_prot	48	static
mmap.c:1750:15:unmapped_area	0	static
mmap.c:1852:15:unmapped_area_topdown	0	static
mmap.c:1963:1:arch_get_unmapped_area	112	static
mmap.c:1999:1:arch_get_unmapped_area_topdown	112	static
mmap.c:2122:1:find_vma_prev	48	static
mmap.c:2557:5:split_vma	16	static
mmap.c:2571:5:do_munmap	96	static
mmap.c:2660:5:vm_munmap	64	static
mmap.c:2672:1:SyS_munmap	48	static
mmap.c:2793:6:exit_mmap	192	static
mmap.c:2857:5:insert_vm_struct	80	static
mmap.c:3045:31:__install_special_mapping	96	static
mmap.c:2893:24:copy_vma	128	static
mmap.c:2974:5:may_expand_vm	0	static
mmap.c:2693:22:do_brk	128	static
mmap.c:306:1:SyS_brk	64	static
mmap.c:2776:15:vm_brk	64	static
mmap.c:1580:15:mmap_region	160	static
mmap.c:1302:15:do_mmap_pgoff	96	static
mmap.c:2269:5:expand_downwards	80	static
mmap.c:2371:5:expand_stack	16	static
mmap.c:2385:1:find_extend_vma	48	static
mmap.c:3093:24:_install_special_mapping	16	static
mmap.c:3102:5:install_special_mapping	16	static
mmap.c:3259:6:mm_drop_all_locks	48	static
mmap.c:3188:5:mm_take_all_locks	80	static
mmap.c:3281:13:mmap_init	16	static
