mtk_ts_pa.c:328:12:mtktspa_get_mode	0	static
mtk_ts_pa.c:335:12:mtktspa_set_mode	0	static
mtk_ts_pa.c:341:12:mtktspa_get_trip_type	0	static
mtk_ts_pa.c:348:12:mtktspa_get_trip_temp	0	static
mtk_ts_pa.c:354:12:mtktspa_get_crit_temp	0	static
mtk_ts_pa.c:376:12:tspa_sysrst_get_max_state	0	static
mtk_ts_pa.c:382:12:tspa_sysrst_get_cur_state	0	static
mtk_ts_pa.c:654:13:mtktspa_unregister_thermal	32	static
mtk_ts_pa.c:568:12:mtktspa_open	16	static
mtk_ts_pa.c:437:12:mtktspa_read	48	static
mtk_ts_pa.c:633:12:mtktspa_register_thermal	32	static
mtk_ts_pa.c:456:16:mtktspa_write	272	static
mtk_ts_pa.c:282:12:mtktspa_unbind	48	static
mtk_ts_pa.c:235:12:mtktspa_bind	48	static
mtk_ts_pa.c:388:12:tspa_sysrst_set_cur_state	64	static
mtk_ts_pa.c:221:12:mtktspa_get_temp	112	static
mtk_ts_pa.c:605:6:mtkts_pa_cancel_thermal_timer	16	static
mtk_ts_pa.c:616:6:mtkts_pa_start_thermal_timer	48	static
mtk_ts_pa.c:625:5:mtktspa_register_cooler	16	static
mtk_ts_pa.c:646:6:mtktspa_unregister_cooler	32	static
mtk_ts_pa.c:721:20:mtktspa_exit	16	static
mtk_ts_pa.c:664:19:mtktspa_init	48	static
