mtk_ts_pmic.c:186:12:mtktspmic_get_mode	0	static
mtk_ts_pmic.c:192:12:mtktspmic_set_mode	0	static
mtk_ts_pmic.c:198:12:mtktspmic_get_trip_type	0	static
mtk_ts_pmic.c:205:12:mtktspmic_get_trip_temp	0	static
mtk_ts_pmic.c:212:12:mtktspmic_get_crit_temp	0	static
mtk_ts_pmic.c:230:12:tspmic_sysrst_get_max_state	0	static
mtk_ts_pmic.c:236:12:tspmic_sysrst_get_cur_state	0	static
mtk_ts_pmic.c:467:13:mtktspmic_unregister_thermal	32	static
mtk_ts_pmic.c:554:12:mtktspmic_open_ate	16	static
mtk_ts_pmic.c:526:12:mtktspmic_open_log	16	static
mtk_ts_pmic.c:477:12:mtktspmic_open	16	static
mtk_ts_pmic.c:492:12:mtktspmic_read_log	16	static
mtk_ts_pmic.c:286:12:mtktspmic_read	48	static
mtk_ts_pmic.c:540:12:mtktspmic_read_ate	32	static
mtk_ts_pmic.c:448:12:mtktspmic_register_thermal	32	static
mtk_ts_pmic.c:309:16:mtktspmic_write	272	static
mtk_ts_pmic.c:139:12:mtktspmic_unbind	64	static
mtk_ts_pmic.c:92:12:mtktspmic_bind	64	static
mtk_ts_pmic.c:242:12:tspmic_sysrst_set_cur_state	64	static
mtk_ts_pmic.c:559:16:mtktspmic_write_ate	96	static
mtk_ts_pmic.c:501:16:mtktspmic_write_log	96	static
mtk_ts_pmic.c:77:12:mtktspmic_get_temp	48	static
mtk_ts_pmic.c:421:6:mtkts_pmic_cancel_thermal_timer	16	static
mtk_ts_pmic.c:432:6:mtkts_pmic_start_thermal_timer	48	static
mtk_ts_pmic.c:441:5:mtktspmic_register_cooler	16	static
mtk_ts_pmic.c:459:6:mtktspmic_unregister_cooler	32	static
mtk_ts_pmic.c:651:20:mtktspmic_exit	16	static
mtk_ts_pmic.c:595:19:mtktspmic_init	64	static
