mtk_ts_cpu.c:217:6:mt_thermalsampler_registerCB	0	static
mtk_ts_cpu.c:580:12:tscpu_get_mode	0	static
mtk_ts_cpu.c:586:12:tscpu_set_mode	0	static
mtk_ts_cpu.c:592:12:tscpu_get_trip_type	0	static
mtk_ts_cpu.c:599:12:tscpu_get_trip_temp	0	static
mtk_ts_cpu.c:605:12:tscpu_get_crit_temp	0	static
mtk_ts_cpu.c:1088:12:tscpu_read_cal	0	static
mtk_ts_cpu.c:224:6:tscpu_met_lock	32	static
mtk_ts_cpu.c:230:6:tscpu_met_unlock	16	static
mtk_ts_cpu.c:394:12:max_temperature_in_bank	96	static
mtk_ts_cpu.c:458:5:mtk_gpufreq_register	80	static
mtk_ts_cpu.c:1414:13:tscpu_unregister_thermal	32	static
mtk_ts_cpu.c:2651:20:tscpu_exit	16	static
mtk_ts_cpu.c:1402:12:tscpu_register_thermal	16	static
mtk_ts_cpu.c:611:12:tscpu_get_temp	112	static
mtk_ts_cpu.c:531:12:tscpu_unbind	48	static
mtk_ts_cpu.c:480:12:tscpu_bind	64	static
mtk_ts_cpu.c:1794:12:tscpu_Tj_out	16	static
mtk_ts_cpu.c:1970:12:tscpu_fastpoll_open	16	static
mtk_ts_cpu.c:1954:12:tscpu_talking_flag_open	16	static
mtk_ts_cpu.c:1925:12:tscpu_set_temperature_open	16	static
mtk_ts_cpu.c:1910:12:tscpu_read_temperature_open	16	static
mtk_ts_cpu.c:1896:12:tscpu_cal_open	16	static
mtk_ts_cpu.c:2017:12:tscpu_ttpct_open	16	static
mtk_ts_cpu.c:1810:12:tscpu_open_opp	16	static
mtk_ts_cpu.c:1823:12:tscpu_open_log	16	static
mtk_ts_cpu.c:1837:12:tscpu_open	16	static
mtk_ts_cpu.c:756:12:tscpu_read_Tj_out	16	static
mtk_ts_cpu.c:1157:12:tscpu_read_fastpoll	16	static
mtk_ts_cpu.c:963:12:tscpu_talking_flag_read	16	static
mtk_ts_cpu.c:994:12:tscpu_set_temperature_read	16	static
mtk_ts_cpu.c:1079:12:tscpu_read_log	16	static
mtk_ts_cpu.c:1097:12:tscpu_read	272	static
mtk_ts_cpu.c:771:16:tscpu_write_Tj_out	96	static
mtk_ts_cpu.c:971:16:tscpu_talking_flag_write	96	static
mtk_ts_cpu.c:1004:16:tscpu_set_temperature_write	96	static
mtk_ts_cpu.c:1130:16:tscpu_write_log	96	static
mtk_ts_cpu.c:1163:16:tscpu_write_fastpoll	192	static
mtk_ts_cpu.c:1199:16:tscpu_write	368	static
mtk_ts_cpu.c:1985:12:tscpu_read_ttpct	64	static
mtk_ts_cpu.c:2619:19:tscpu_init	48	static
mtk_ts_cpu.c:2032:5:tscpu_get_cpu_temp_met	48	static
mtk_ts_cpu.c:244:1:IMM_IsAdcInitReady	16	static
mtk_ts_cpu.c:266:1:mtk_get_gpu_loading	16	static
mtk_ts_cpu.c:934:12:tscpu_read_opp	96	static
mtk_ts_cpu.c:273:1:mt_ptp_lock	16	static
mtk_ts_cpu.c:279:1:mt_ptp_unlock	16	static
mtk_ts_cpu.c:328:13:tscpu_fast_initial_sw_workaround	48	static
mtk_ts_cpu.c:1426:13:thermal_pause_all_periodoc_temp_sensing	64	static
mtk_ts_cpu.c:1492:13:thermal_disable_all_periodoc_temp_sensing	64	static
mtk_ts_cpu.c:1527:12:tscpu_thermal_suspend	64	static
mtk_ts_cpu.c:1448:13:thermal_release_all_periodoc_temp_sensing	64	static
mtk_ts_cpu.c:1593:12:tscpu_thermal_resume	64	static
mtk_ts_cpu.c:285:1:get_immediate_ts1_wrap	0	static
mtk_ts_cpu.c:291:1:get_immediate_ts2_wrap	0	static
mtk_ts_cpu.c:297:1:get_immediate_ts3_wrap	0	static
mtk_ts_cpu.c:303:1:get_immediate_ts4_wrap	0	static
mtk_ts_cpu.c:309:1:get_immediate_tsabb_wrap	0	static
mtk_ts_cpu.c:315:1:mt_cpufreq_thermal_5A_limit	16	static
mtk_ts_cpu.c:320:11:thermal_get_current_time_us	32	static
mtk_ts_cpu.c:351:6:tscpu_thermal_tempADCPNP	32	static
mtk_ts_cpu.c:375:5:tscpu_thermal_ADCValueOfMcu	0	static
mtk_ts_cpu.c:414:5:tscpu_max_temperature	32	static
mtk_ts_cpu.c:433:6:tscpu_print_all_temperature	96	static
mtk_ts_cpu.c:452:6:set_taklking_flag	16	static
mtk_ts_cpu.c:1469:6:tscpu_thermal_enable_all_periodoc_sensing_point	16	static
mtk_ts_cpu.c:1763:5:tscpu_get_temp_by_bank	32	static
mtk_ts_cpu.c:2206:5:tscpu_is_temp_valid	32	static
mtk_ts_cpu.c:2221:13:read_all_bank_temperature	80	static
mtk_ts_cpu.c:2530:12:tscpu_thermal_probe	64	static
mtk_ts_cpu.c:2240:6:tscpu_update_tempinfo	64	static
mtk_ts_cpu.c:2299:6:tscpu_workqueue_cancel_timer	16	static
mtk_ts_cpu.c:2316:6:tscpu_workqueue_start_timer	48	static
mtk_ts_cpu.c:2335:6:tscpu_cancel_thermal_timer	16	static
mtk_ts_cpu.c:2352:6:tscpu_start_thermal_timer	16	static
mtk_ts_cpu.c:2368:6:tscpu_dev_alloc_module_base_by_name	48	static
