mtk_ts_bts.c:735:12:mtkts_bts_get_mode	0	static
mtk_ts_bts.c:741:12:mtkts_bts_set_mode	0	static
mtk_ts_bts.c:747:12:mtkts_bts_get_trip_type	0	static
mtk_ts_bts.c:754:12:mtkts_bts_get_trip_temp	0	static
mtk_ts_bts.c:761:12:mtkts_bts_get_crit_temp	0	static
mtk_ts_bts.c:1154:13:mtkts_bts_unregister_thermal	32	static
mtk_ts_bts.c:1223:20:mtkts_bts_exit	16	static
mtk_ts_bts.c:1179:12:mtkts_bts_param_open	16	static
mtk_ts_bts.c:1164:12:mtkts_bts_open	16	static
mtk_ts_bts.c:983:12:mtkts_bts_param_read	48	static
mtk_ts_bts.c:781:12:mtkts_bts_read	48	static
mtk_ts_bts.c:806:16:mtkts_bts_write	272	static
mtk_ts_bts.c:688:12:mtkts_bts_unbind	48	static
mtk_ts_bts.c:641:12:mtkts_bts_bind	48	static
mtk_ts_bts.c:40:1:IMM_IsAdcInitReady	16	static
mtk_ts_bts.c:46:1:IMM_GetOneChannelValue	16	static
mtk_ts_bts.c:598:5:mtkts_bts_get_hw_temp	96	static
mtk_ts_bts.c:624:12:mtkts_bts_get_temp	48	static
mtk_ts_bts.c:919:6:mtkts_bts_copy_table	0	static
mtk_ts_bts.c:931:6:mtkts_bts_prepare_table	16	static
mtk_ts_bts.c:1193:19:mtkts_bts_init	48	static
mtk_ts_bts.c:995:16:mtkts_bts_param_write	96	static
mtk_ts_bts.c:1108:6:mtkts_bts_cancel_thermal_timer	0	static
mtk_ts_bts.c:1126:6:mtkts_bts_start_thermal_timer	0	static
