p2p_func.c:3309:1:p2pFuncAppendAttriStatusForAssocRsp	64	static
p2p_func.c:3347:1:p2pFuncAppendAttriExtListenTiming	64	static
p2p_func.c:54:6:p2pFuncRequestScan	80	static
p2p_func.c:141:6:p2pFuncCancelScan	48	static
p2p_func.c:425:6:p2pFuncReleaseCh	32	static
p2p_func.c:466:6:p2pFuncAcquireCh	48	static
p2p_func.c:1019:13:p2p_to_string	0	static
p2p_func.c:1044:13:pa_to_string	0	static
p2p_func.c:1066:13:action_to_string	0	static
p2p_func.c:1106:6:p2pFuncTagActionActionP2PFrame	16	static
p2p_func.c:1119:6:p2pFuncTagActionActionFrame	272	static
p2p_func.c:1165:6:p2pFuncTagActionCategoryFrame	48	static
p2p_func.c:1201:1:p2pFuncTagMgmtFrame	16	static
p2p_func.c:1326:6:p2pFuncSetChannel	0	static
p2p_func.c:1354:9:p2pFuncRetryJOIN	48	static
p2p_func.c:1413:1:p2pFuncUpdateBssInfoForJOIN	80	static
p2p_func.c:1629:6:p2pFuncResetStaRecStatus	16	static
p2p_func.c:1533:1:p2pFuncValidateAuth	96	static
p2p_func.c:1658:6:p2pFuncInitConnectionSettings	64	static
p2p_func.c:1946:9:p2pFuncParseCheckForP2PInfoElem	0	static
p2p_func.c:1985:9:p2pFuncValidateProbeReq	48	static
p2p_func.c:2026:6:p2pFuncValidateRxActionFrame	16	static
p2p_func.c:2049:9:p2pFuncIsAPMode	0	static
p2p_func.c:2063:1:p2pFuncParseBeaconContent	256	static
p2p_func.c:605:2:p2pFuncBeaconUpdate	112	static
p2p_func.c:2386:1:p2pFuncKeepOnConnection	64	static
p2p_func.c:2429:6:p2pFuncStoreAssocRspIEBuffer	16	static
p2p_func.c:2479:1:p2pFuncMgmtFrameRegister	64	static
p2p_func.c:2533:6:p2pFuncUpdateMgmtFrameRegister	48	static
p2p_func.c:2555:6:p2pFuncGetStationInfo	0	static
p2p_func.c:2573:1:p2pFuncGetAttriList	144	static
p2p_func.c:2734:15:p2pFuncProcessP2pProbeRsp	144	static
p2p_func.c:1248:1:p2pFuncTxMgmtFrame	64	static
p2p_func.c:2993:1:p2pFuncCalculateP2p_IELenForBeacon	32	static
p2p_func.c:3017:6:p2pFuncGenerateP2p_IEForBeacon	32	static
p2p_func.c:3044:1:p2pFuncCalculateWSC_IELenForBeacon	16	static
p2p_func.c:3053:6:p2pFuncGenerateWSC_IEForBeacon	48	static
p2p_func.c:3149:1:p2pFuncCalculateWSC_IELenForAssocRsp	32	static
p2p_func.c:3159:6:p2pFuncGenerateWSC_IEForAssocRsp	48	static
p2p_func.c:3187:1:p2pFuncCalculateP2P_IELen	80	static
p2p_func.c:3089:1:p2pFuncCalculateP2p_IELenForAssocRsp	16	static
p2p_func.c:3224:1:p2pFuncGenerateP2P_IE	384	static
p2p_func.c:3113:6:p2pFuncGenerateP2p_IEForAssocRsp	32	static
p2p_func.c:3386:1:p2pFuncGetSpecIE	0	static
p2p_func.c:3423:1:p2pFuncGetSpecAttri	160	static
p2p_func.c:1753:9:p2pFuncValidateAssocReq	64	static
p2p_func.c:3533:1:p2pFuncGenerateBeaconProbeRsp	16	static
p2p_func.c:3564:1:p2pFuncComposeBeaconProbeRspTemplate	48	static
p2p_func.c:3640:13:wfdAdjustResource	32	static
p2p_func.c:3667:13:wfdAdjustThread	64	static
p2p_func.c:3697:13:wfdChangeMediaState	32	static
p2p_func.c:914:1:p2pFuncDisconnect	80	static
p2p_func.c:699:1:p2pFuncDeauth	64	static
p2p_func.c:755:1:p2pFuncDisassoc	64	static
p2p_func.c:829:1:p2pFuncDissolve	64	static
p2p_func.c:179:1:p2pFuncSwitchOPMode	112	static
p2p_func.c:293:1:p2pFuncStartGO	96	static
