p2p_fsm.c:227:6:p2pFsmStateTransition	96	static
p2p_fsm.c:89:6:p2pFsmInit	80	static
p2p_fsm.c:774:6:p2pFsmRunEventFsmTimeout	48	static
p2p_fsm.c:342:6:p2pFsmRunEventSwitchOPMode	32	static
p2p_fsm.c:384:6:p2pFsmRunEventScanDone	64	static
p2p_fsm.c:472:6:p2pFsmRunEventChGrant	48	static
p2p_fsm.c:597:6:p2pFsmRunEventChannelAbort	48	static
p2p_fsm.c:697:6:p2pFsmRunEventScanAbort	32	static
p2p_fsm.c:724:6:p2pFsmRunEventAbort	32	static
p2p_fsm.c:177:6:p2pFsmUninit	48	static
p2p_fsm.c:538:6:p2pFsmRunEventChannelRequest	48	static
p2p_fsm.c:634:6:p2pFsmRunEventScanRequest	64	static
p2p_fsm.c:836:6:p2pFsmRunEventMgmtFrameTx	32	static
p2p_fsm.c:865:6:p2pFsmRunEventStartAP	112	static
p2p_fsm.c:1007:6:p2pFsmRunEventNetDeviceRegister	32	static
p2p_fsm.c:1037:6:p2pFsmRunEventUpdateMgmtFrame	32	static
p2p_fsm.c:1076:6:p2pFsmRunEventBeaconUpdate	48	static
p2p_fsm.c:1167:6:p2pFsmRunEventConnectionRequest	80	static
p2p_fsm.c:1253:6:p2pFsmRunEventConnectionAbort	112	static
p2p_fsm.c:1376:6:p2pFsmRunEventDissolve	32	static
p2p_fsm.c:1389:1:p2pFsmRunEventDeauthTxDone	64	static
p2p_fsm.c:1441:1:p2pFsmRunEventMgmtFrameTxDone	48	static
p2p_fsm.c:1488:6:p2pFsmRunEventJoinComplete	96	static
p2p_fsm.c:1620:6:p2pFsmRunEventMgmtFrameRegister	32	static
p2p_fsm.c:1659:6:p2pFsmRunEventRxDeauthentication	112	static
p2p_fsm.c:1773:6:p2pFsmRunEventRxDisassociation	96	static
p2p_fsm.c:1883:6:p2pFsmRunEventRxProbeResponseFrame	0	static
p2p_fsm.c:1904:6:p2pFsmRunEventBeaconTimeout	48	static
p2p_fsm.c:1944:6:p2pFsmRunEventExtendListen	48	static
p2p_fsm.c:1979:6:p2pFsmRunEventWfdSettingUpdate	80	static
p2p_fsm.c:1119:6:p2pFsmRunEventStopAP	64	static
p2p_fsm.c:2035:6:p2pGenerateP2P_IEForAssocReq	16	static
p2p_fsm.c:2070:1:p2pGenerateP2P_IEForProbeReq	32	static
p2p_fsm.c:2092:1:p2pCalculateP2P_IELenForProbeReq	0	static
p2p_fsm.c:2114:6:p2pRunEventAAATxFail	32	static
p2p_fsm.c:2142:13:p2pRunEventAAAComplete	48	static
p2p_fsm.c:2182:13:p2pRunEventAAASuccess	16	static
p2p_fsm.c:2206:13:p2pRxPublicActionFrame	32	static
p2p_fsm.c:2238:13:p2pRxActionFrame	16	static
p2p_fsm.c:2267:1:p2pProcessEvent_UpdateNOAParam	64	static
