ais_fsm.c:4750:1:aisFsmRunEventMgmtFrameTxDone	64	static
ais_fsm.c:103:6:aisInitializeConnectionSettings	48	static
ais_fsm.c:201:6:aisFsmInit	48	static
ais_fsm.c:375:6:aisFsmStateInit_JOIN	64	static
ais_fsm.c:528:9:aisFsmStateInit_RetryJOIN	48	static
ais_fsm.c:712:6:aisFsmStateAbort_SCAN	32	static
ais_fsm.c:821:8:aisIndex2ChannelNum	0	static
ais_fsm.c:860:6:aisGetAndSetScanChannel	96	static
ais_fsm.c:2794:1:aisIndicationOfMediaStateToHost	112	static
ais_fsm.c:2909:6:aisPostponedEventOfSchedScanReq	48	static
ais_fsm.c:4105:6:aisFsmReleaseCh	32	static
ais_fsm.c:662:6:aisFsmStateAbort_JOIN	64	static
ais_fsm.c:749:6:aisFsmStateAbort_NORMAL_TR	48	static
ais_fsm.c:4325:18:aisFsmRoamingScanResultsUpdate	32	static
ais_fsm.c:4362:6:aisFsmRoamingDisconnectPrevAP	48	static
ais_fsm.c:4454:9:aisFsmIsRequestPending	64	static
ais_fsm.c:2961:6:aisPostponedEventOfDisconnTimeout	48	static
ais_fsm.c:4497:17:aisFsmGetNextRequest	64	static
ais_fsm.c:4532:9:aisFsmInsertRequest	64	static
ais_fsm.c:930:6:aisFsmSteps	144	static
ais_fsm.c:4816:13:aisFsmSetOkcTimeout	32	static
ais_fsm.c:1934:6:aisFsmRunEventScanDone	64	static
ais_fsm.c:3537:6:aisFsmRunEventScanDoneTimeOut	80	static
ais_fsm.c:3635:6:aisFsmRunEventBGSleepTimeOut	48	static
ais_fsm.c:3675:6:aisFsmRunEventIbssAloneTimeOut	32	static
ais_fsm.c:4025:6:aisFsmRunEventChGrant	80	static
ais_fsm.c:4693:6:aisFsmRunEventChannelTimeout	48	static
ais_fsm.c:3429:6:aisFsmDisconnect	80	static
ais_fsm.c:2121:6:aisFsmStateAbort	48	static
ais_fsm.c:4145:6:aisBssBeaconTimeout	32	static
ais_fsm.c:4192:6:aisBssSecurityChanged	16	static
ais_fsm.c:4214:1:aisDeauthXmitComplete	48	static
ais_fsm.c:3812:6:aisFsmRunEventDeauthTimeout	16	static
ais_fsm.c:3869:6:aisFsmScanRequest	64	static
ais_fsm.c:3945:6:aisFsmScanRequestAdv	96	static
ais_fsm.c:4246:6:aisFsmRunEventRoamingDiscovery	48	static
ais_fsm.c:4575:6:aisFsmFlushRequest	48	static
ais_fsm.c:330:6:aisFsmUninit	64	static
ais_fsm.c:4591:6:aisFsmRunEventRemainOnChannel	32	static
ais_fsm.c:4626:6:aisFsmRunEventCancelRemainOnChannel	48	static
ais_fsm.c:4806:6:aisFsmRunEventSetOkcPmk	32	static
ais_fsm.c:4823:1:aisFuncTxMgmtFrame	48	static
ais_fsm.c:4668:6:aisFsmRunEventMgmtFrameTx	32	static
ais_fsm.c:4899:6:aisFuncValidateRxActionFrame	16	static
ais_fsm.c:4989:1:aisQueryBlackList	64	static
ais_fsm.c:4923:1:aisAddBlacklist	80	static
ais_fsm.c:2033:6:aisFsmRunEventAbort	64	static
ais_fsm.c:4972:6:aisRemoveBlackList	64	static
ais_fsm.c:3018:6:aisUpdateBssInfoForJOIN	80	static
ais_fsm.c:4410:6:aisUpdateBssInfoForRoamingAP	48	static
ais_fsm.c:2264:6:aisFsmRunEventJoinComplete	208	static
ais_fsm.c:3723:6:aisFsmRunEventJoinTimeout	64	static
ais_fsm.c:5012:6:aisRemoveTimeoutBlacklist	96	static
ais_fsm.c:5062:9:aisApOverload	0	static
ais_fsm.c:5077:9:aisCalculateBlackListScore	32	static
ais_fsm.c:5089:6:aisRecordBeaconTimeout	0	static
ais_fsm.c:5110:6:aisRemoveBeaconTimeoutEntry	0	static
ais_fsm.c:5193:6:aisRunEventChnlUtilRsp	80	static
