rlm.c:1377:13:rlmBssReset	32	static
rlm.c:470:13:rlmFillExtCapIE	48	static
rlm.c:851:1:rlmRecBcnFromNeighborForClient	48	static
rlm.c:86:6:rlmFsmEventInit	32	static
rlm.c:110:6:rlmFsmEventUninit	64	static
rlm.c:164:6:rlmReqGenerateExtCapIE	48	static
rlm.c:222:6:rlmRspGenerateExtCapIE	48	static
rlm.c:276:6:rlmRspGenerateErpIE	48	static
rlm.c:325:1:rlmFillHtCapIEByParams	80	static
rlm.c:392:13:rlmFillHtCapIE	48	static
rlm.c:137:6:rlmReqGenerateHtCapIE	48	static
rlm.c:195:6:rlmRspGenerateHtCapIE	48	static
rlm.c:549:8:rlmFillHtOpIeBody	0	static
rlm.c:249:6:rlmRspGenerateHtOpIE	64	static
rlm.c:1190:6:rlmFillSyncCmdParam	48	static
rlm.c:1234:6:rlmSyncOperationParams	80	static
rlm.c:1282:6:rlmProcessAssocReq	48	static
rlm.c:1333:6:rlmBssInitForAPandIbss	32	static
rlm.c:1353:6:rlmBssAborted	32	static
rlm.c:1450:6:rlmProcessChannelSwitchIE	48	static
rlm.c:668:15:rlmRecIeInfoForClient	80	static
rlm.c:1049:6:rlmProcessBcn	112	static
rlm.c:1119:6:rlmProcessAssocRsp	80	static
rlm.c:1425:6:rlmProcessSpecMgtAction	48	static
