rsn.c:2305:16:rsnCheckWpaRsnInfo	32	static
rsn.c:76:9:rsnParseRsnIE	112	static
rsn.c:287:9:rsnParseWpaIE	112	static
rsn.c:518:9:rsnSearchSupportedCipher	48	static
rsn.c:547:9:rsnIsSuitableBSS	32	static
rsn.c:598:9:rsnSearchAKMSuite	48	static
rsn.c:634:9:rsnPerformPolicySelection	144	static
rsn.c:980:6:rsnGenerateWpaNoneIE	80	static
rsn.c:1098:6:rsnGenerateWPAIE	80	static
rsn.c:1319:1:rsnParseCheckForWFAInfoElem	48	static
rsn.c:1361:6:rsnParserCheckForRSNCCMPPSK	144	static
rsn.c:1407:6:rsnGenMicErrorEvent	16	static
rsn.c:1446:6:rsnTkipHandleMICFailure	32	static
rsn.c:1556:6:rsnUpdatePmkidCandidateList	64	static
rsn.c:1506:6:rsnSelectPmkidCandidateList	32	static
rsn.c:1615:9:rsnSearchPmkidEntry	64	static
rsn.c:1200:6:rsnGenerateRSNIE	96	static
rsn.c:1660:9:rsnCheckPmkidCandicate	96	static
rsn.c:1736:6:rsnCheckPmkidCache	32	static
rsn.c:1777:6:rsnGeneratePmkidIndication	128	static
rsn.c:1708:6:rsnIndicatePmkidCand	32	static
rsn.c:1853:6:rsnGenerateWSCIE	32	static
rsn.c:1889:9:rsnCheckBipKeyInstalled	0	static
rsn.c:1907:8:rsnCheckSaQueryTimeout	48	static
rsn.c:1946:6:rsnStartSaQueryTimer	96	static
rsn.c:2062:6:rsnStartSaQuery	16	static
rsn.c:2077:6:rsnStopSaQuery	48	static
rsn.c:2101:6:rsnSaQueryRequest	80	static
rsn.c:2182:6:rsnSaQueryAction	64	static
rsn.c:2247:9:rsnCheckRxMgmt	64	static
rsn.c:2334:9:rsnCheckSecurityModeChanged	32	static
rsn.c:2383:9:rsnParseOsenIE	112	static
