tdls.c:2778:13:TdlsCmdKeyInfoDisplay	128	static
tdls.c:2880:13:TdlsCmdSetupConf	144	static
tdls.c:2919:13:TdlsCmdUapsdConf	144	static
tdls.c:2816:13:TdlsCmdMibParamUpdate	176	static
tdls.c:895:13:TdlsCmdTestPtiTxDoneFail	144	static
tdls.c:288:13:TdlsCmdTestChSwProhibitedBitSet	96	static
tdls.c:1395:13:TdlsCmdTestScanCtrl	144	static
tdls.c:778:13:TdlsCmdTestProhibitedBitSet	96	static
tdls.c:434:13:TdlsCmdTestChSwTimeoutSkip	144	static
tdls.c:741:13:TdlsCmdTestKeepAliveSkip	144	static
tdls.c:1555:13:TdlsCmdTestTxFailSkip	144	static
tdls.c:2738:13:TdlsCmdInfoDisplay	160	static
tdls.c:2678:13:TdlsCmdChSwConf	160	static
tdls.c:1793:13:TdlsCmdTestNullRecv	160	static
tdls.c:816:13:TdlsCmdTestPtiReqRecv	160	static
tdls.c:854:13:TdlsCmdTestPtiRspRecv	160	static
tdls.c:514:13:TdlsCmdTestDataRecv	160	static
tdls.c:389:13:TdlsCmdTestChSwRspRecv	160	static
tdls.c:1595:13:TdlsCmdTestTxTdlsFrame	304	static
tdls.c:1648:13:TdlsCmdTestTxFrame	288	static
tdls.c:3138:1:TdlsLinkHistoryRecord	112	static
tdls.c:2963:1:TdlsInfoDisplay	208	static
tdls.c:614:13:TdlsCmdTestDelay	48	static
tdls.c:472:13:TdlsCmdTestDataContSend	64	static
tdls.c:1829:13:TdlsTimerTestDataContSend	64	static
tdls.c:558:13:TdlsCmdTestDataSend	80	static
tdls.c:251:13:TdlsCmdTestAddPeer	256	static
tdls.c:1977:1:TdlsTestFrameSend	80	static
tdls.c:208:13:TdlsCmdTestRxIndicatePkts	32	static
tdls.c:1134:13:TdlsCmdTestSetupReqRecv	112	static
tdls.c:1433:13:TdlsCmdTestTearDownRecv	176	static
tdls.c:640:13:TdlsCmdTestDiscoveryReqRecv	112	static
tdls.c:928:13:TdlsCmdTestRvFrame	224	static
tdls.c:3094:1:TdlsKeyInfoDisplay	64	static
tdls.c:3347:1:TdlsSetupConf	64	static
tdls.c:2624:1:TdlsChSwConf	64	static
tdls.c:3393:1:TdlsUapsdConf	64	static
tdls.c:3301:1:TdlsMibParamUpdate	64	static
tdls.c:2344:1:TdlsTestPtiTxFail	64	static
tdls.c:2576:1:TdlsTestScanSkip	64	static
tdls.c:2530:1:TdlsTestChSwTimeoutSkip	64	static
tdls.c:2484:1:TdlsTestKeepAliveSkip	64	static
tdls.c:2438:1:TdlsTestTxFailSkip	64	static
tdls.c:2114:1:TdlsTestNullRecv	64	static
tdls.c:2252:1:TdlsTestTearDownRecv	64	static
tdls.c:2160:1:TdlsTestPtiReqRecv	64	static
tdls.c:2206:1:TdlsTestPtiRspRecv	64	static
tdls.c:2298:1:TdlsTestDataRecv	64	static
tdls.c:1884:1:TdlsTestChStReqRecv	64	static
tdls.c:1930:1:TdlsTestChStRspRecv	64	static
tdls.c:4234:13:TdlsexLinkCtrl	144	static
tdls.c:4372:13:TdlsexMgmtCtrl	48	static
tdls.c:3646:6:TdlsexBssExtCapParse	16	static
tdls.c:3701:1:TdlsexCfg80211TdlsMgmt	144	static
tdls.c:2394:1:TdlsTestTdlsFrameSend	64	static
tdls.c:3809:5:TdlsexCfg80211TdlsOper	80	static
tdls.c:1749:13:TdlsCmdTestUpdatePeer	256	static
tdls.c:3892:6:TdlsexCmd	48	static
tdls.c:4061:1:TdlsexLinkHistoryRecord	64	static
tdls.c:4087:6:TdlsexEventHandle	144	static
tdls.c:4130:13:TdlsexKeyHandle	64	static
tdls.c:4180:6:TdlsexInit	16	static
tdls.c:4200:9:TdlsexIsAnyPeerInPowerSave	64	static
tdls.c:4481:13:TdlsexPeerAdd	64	static
tdls.c:4701:13:TdlsexPeerUpdate	64	static
tdls.c:4854:9:TdlsexRxFrameDrop	48	static
tdls.c:4926:6:TdlsexRxFrameHandle	80	static
tdls.c:5027:13:TdlsexStaRecIdxGet	64	static
tdls.c:5137:6:TdlsexTxQuotaCheck	32	static
tdls.c:5189:6:TdlsexUninit	16	static
