scan_fsm.c:157:6:scnSendScanReqExtCh	80	static
scan_fsm.c:260:6:scnSendScanReq	80	static
scan_fsm.c:370:6:scnSendScanReqV2ExtCh	128	static
scan_fsm.c:472:6:scnSendScanReqV3ExtCh	128	static
scan_fsm.c:562:6:scnSendScanReqV2	128	static
scan_fsm.c:784:6:scnFsmHandleScanMsg	32	static
scan_fsm.c:858:6:scnFsmHandleScanMsgV2	80	static
scan_fsm.c:81:6:scnFsmSteps	80	static
scan_fsm.c:673:6:scnFsmMsgStart	48	static
scan_fsm.c:1038:1:scnFsmGenerateScanDoneMsg	96	static
scan_fsm.c:925:6:scnFsmRemovePendingMsg	64	static
scan_fsm.c:718:6:scnFsmMsgAbort	96	static
scan_fsm.c:985:6:scnEventScanDone	48	static
scan_fsm.c:1106:9:scnQuerySparseChannel	48	static
scan_fsm.c:1146:6:scnEventNloDone	32	static
scan_fsm.c:1421:9:scnFsmPSCNAction	80	static
scan_fsm.c:1460:9:scnFsmPSCNSetParam	64	static
scan_fsm.c:1496:9:scnFsmPSCNSetHotlist	80	static
scan_fsm.c:1533:9:scnFsmPSCNAddSWCBssId	96	static
scan_fsm.c:1572:9:scnFsmPSCNSetMacAddr	80	static
scan_fsm.c:1611:1:scnSubCombineNLOtoPSCN	32	static
scan_fsm.c:1636:1:scnSubCombineBatchSCNtoPSCN	32	static
scan_fsm.c:1661:1:scnSubCombineGSCNtoPSCN	64	static
scan_fsm.c:1708:1:scnRemoveFromPSCN	64	static
scan_fsm.c:1750:1:scnCombineParamsIntoPSCN	80	static
scan_fsm.c:1781:6:scnPSCNFsm	64	static
scan_fsm.c:1127:6:scnFsmRunEventNloConReqTimeOut	32	static
scan_fsm.c:1194:1:scnFsmSchedScanRequest	128	static
scan_fsm.c:1351:9:scnFsmSchedScanStopRequest	48	static
scan_fsm.c:1860:9:scnSetGSCNParam	112	static
scan_fsm.c:1925:9:scnSetGSCNConfig	32	static
scan_fsm.c:1945:9:scnFsmGetGSCNResult	160	static
scan_fsm.c:2065:9:scnFsmGSCNResults	80	static
