mt_dump.c:107:13:msdc_mdelay	0	static
mt_dump.c:247:13:simp_msdc_config_clock	0	static
mt_dump.c:2551:5:has_mt_dump_support	0	static
mt_dump.c:2566:13:simp_msdc_hw_init	0	static
mt_dump.c:2589:20:emmc_dump_exit	0	static
mt_dump.c:117:13:simp_msdc_dump_register	96	static
mt_dump.c:231:13:simp_msdc_dump_info	32	static
mt_dump.c:690:12:simp_msdc_cmd	112	static
mt_dump.c:816:21:simp_mmc_get_status	48	static
mt_dump.c:1721:12:simp_msdc_pio_read	128	static
mt_dump.c:1630:12:simp_msdc_pio_write	112	static
mt_dump.c:2361:12:emmc_dump_read	176	static
mt_dump.c:2610:6:get_emmc_dump_info	32	static
mt_dump.c:2632:19:init_get_dump_work	32	static
mt_dump.c:439:21:simp_mmc_hw_reset_for_init.isra.2	32	static
mt_dump.c:388:21:simp_mmc_enable_clk.isra.8	48	static
mt_dump.c:841:21:simp_mmc_send_stop.isra.9	32	static
mt_dump.c:853:12:simp_mmc_send_op_cond.isra.11	80	static
mt_dump.c:300:21:simp_mmc_power_up.isra.15	32	static
mt_dump.c:1823:12:simp_mmc_single_write.isra.22.constprop	64	static
mt_dump.c:286:13:msdc_set_timeout.constprop	0	static
mt_dump.c:552:21:simp_msdc_init.isra.16	48	static
mt_dump.c:1377:21:simple_mmc_attach_sd	80	static
mt_dump.c:1963:12:simp_mmc_init	32	static
mt_dump.c:2576:19:emmc_dump_init	16	static
mt_dump.c:1408:21:simple_mmc_attach_mmc	144	static
mt_dump.c:1543:21:simp_init_emmc	64	static
mt_dump.c:2320:5:card_dump_func_write	112	static
mt_dump.c:1576:21:simp_init_sd	80	static
mt_dump.c:1607:14:reset_boot_up_device	16	static
mt_dump.c:2518:5:card_dump_func_read	80	static
mt_dump.c:1943:5:msdc_init_panic	0	static
mt_dump.c:2604:5:get_emmc_dump_status	0	static
