dbg.c:1933:12:msdc_check_emmc_cache_status	32	static
dbg.c:611:12:emmc_multi_rw_compare_slave	992	static
dbg.c:385:12:sd_multi_rw_compare_slave	1104	static
dbg.c:1885:12:rwThread	80	static
dbg.c:566:12:sd_multi_rw_compare	96	static
dbg.c:2890:12:msdc_tune_flag_proc_read_show	16	static
dbg.c:3347:12:msdc_tune_flag_proc_open	16	static
dbg.c:3334:12:msdc_tune_proc_open	16	static
dbg.c:3306:12:msdc_FT_open	16	static
dbg.c:3294:12:msdc_help_proc_open	16	static
dbg.c:3281:12:msdc_proc_open	16	static
dbg.c:3188:12:msdc_tune_proc_read_show	32	static
dbg.c:2896:12:msdc_debug_proc_read_FT_show	32	static
dbg.c:1635:12:msdc_help_proc_show	64	static
dbg.c:3215:16:msdc_tune_proc_write	64	static
dbg.c:3011:16:msdc_debug_proc_write_FT	48	static
dbg.c:1462:12:smp_test_on_one_host	240	static
dbg.c:1551:12:smp_test_on_all_host	272	static
dbg.c:1953:12:msdc_enable_emmc_cache	48	static
dbg.c:3428:5:msdc_debug_proc_init	48	static
dbg.c:3496:19:msdc_dbg_init	16	static
dbg.c:226:5:msdc_time_calc	32	static
dbg.c:244:6:msdc_sdio_profile	96	static
dbg.c:306:6:msdc_performance	48	static
dbg.c:762:5:emmc_multi_rw_compare	80	static
dbg.c:1440:12:write_read_thread	32	static
dbg.c:1059:6:msdc_ett_hs400	1360	static
dbg.c:1162:5:msdc_ett_set_voltage	32	static
dbg.c:1195:5:msdc_ett_get_voltage	32	static
dbg.c:1228:5:msdc_ett_tunning	656	static
dbg.c:1984:16:msdc_debug_proc_write	128	static
dbg.c:1790:6:msdc_hw_parameter_debug	64	static
dbg.c:1836:12:msdc_debug_proc_show	48	static
