sd.c:1760:13:msdc_sdio_power	0	static
sd.c:2105:13:msdc_set_timeout	0	static
sd.c:2864:13:msdc_pin_reset	32	static
sd.c:3338:12:msdc_can_apply_cache	0	static
sd.c:5361:13:msdc_dma_clear	0	static
sd.c:5810:5:hs400_restore_pad_tune	0	static
sd.c:5821:5:hs400_restore_pb1	0	static
sd.c:5835:5:hs400_restore_ddly0	0	static
sd.c:5846:5:hs400_restore_ddly1	0	static
sd.c:5857:5:hs400_restore_cmd_tune	0	static
sd.c:5871:5:hs400_restore_dat01_tune	0	static
sd.c:5887:5:hs400_restore_dat23_tune	0	static
sd.c:5903:5:hs400_restore_dat45_tune	0	static
sd.c:5919:5:hs400_restore_dat67_tune	0	static
sd.c:5935:5:hs400_restore_ds_tune	0	static
sd.c:7633:5:msdc_execute_tuning	0	static
sd.c:7644:12:msdc_card_busy	0	static
sd.c:7265:13:msdc_set_buswidth	16	static
sd.c:7291:13:msdc_apply_ett_settings	80	static
sd.c:4578:13:msdc_update_cahce_status	32	static
sd.c:1136:5:msdc_hwPowerOn	32	static
sd.c:1162:6:msdc_hwPowerDown	16	static
sd.c:7524:13:msdc_ops_enable_sdio_irq	96	static
sd.c:5374:13:msdc_post_req	80	static
sd.c:5318:13:msdc_pre_req	128	static
sd.c:2192:13:msdc_select_clksrc	112	static
sd.c:9377:12:proc_emmc_vendor_open	16	static
sd.c:9428:20:mt_msdc_exit	32	static
sd.c:3439:19:init_get_cache_work	32	static
sd.c:4304:13:msdc_dma_start	32	static
sd.c:7451:12:msdc_ops_get_cd	32	static
sd.c:637:13:msdc_dump_clock_sts.isra.14	32	static
sd.c:810:5:msdc_get_dma_status	16	static
sd.c:3255:19:msdc_get_host	32	static
sd.c:3400:6:get_emmc_cache_info	32	static
sd.c:9344:12:proc_emmc_vendor_show	32	static
sd.c:1522:13:msdc_pin_pud.isra.17	16	static
sd.c:6575:13:msdc_dump_trans_error	64	static
sd.c:2130:13:msdc_eirq_sdio	32	static
sd.c:1183:12:msdc_ldo_power.part.20	64	static
sd.c:1183:12:msdc_ldo_power	32	static
sd.c:1587:13:msdc_emmc_power	32	static
sd.c:1807:13:msdc_reset_tmo_tune_counter.constprop	32	static
sd.c:1846:13:msdc_reset_crc_tune_counter.constprop	48	static
sd.c:7507:13:msdc_ops_card_event	32	static
sd.c:4493:13:msdc_dma_setup	160	static
sd.c:2900:13:msdc_set_power_mode	48	static
sd.c:8158:13:msdc_deinit_hw	16	static
sd.c:9175:12:msdc_drv_remove	80	static
sd.c:434:6:msdc_dump_padctl	32	static
sd.c:498:6:msdc_dump_register	80	static
sd.c:730:6:msdc_dump_info	80	static
sd.c:894:13:msdc_clr_fifo.part.24	48	static
sd.c:923:13:msdc_reset_hw	48	static
sd.c:3451:21:msdc_command_start.isra.26	96	static
sd.c:937:12:msdc_clk_stable	112	static
sd.c:3001:13:msdc_clksrc_onoff	32	static
sd.c:8322:6:SRC_trigger_signal	48	static
sd.c:8268:13:msdc_timer_pm	48	static
sd.c:3631:21:msdc_command_resp_polling.isra.27	80	static
sd.c:3844:12:msdc_pio_abort.isra.28	32	static
sd.c:1028:6:msdc_set_startbit	0	static
sd.c:1038:6:msdc_set_smpl	80	static
sd.c:2276:13:msdc_set_mclk	96	static
sd.c:7563:12:msdc_ops_switch_volt	96	static
sd.c:4537:13:msdc_restore_info	80	static
sd.c:1241:6:msdc_sd_power_off	32	static
sd.c:1256:6:msdc_set_smt	16	static
sd.c:1287:6:msdc_set_tdsel	16	static
sd.c:1314:6:msdc_set_rdsel	16	static
sd.c:1340:6:msdc_set_rdtdsel_dbg	0	static
sd.c:1407:6:msdc_get_rdtdsel_dbg	0	static
sd.c:1442:6:msdc_set_sr	16	static
sd.c:1473:6:msdc_set_driving	16	static
sd.c:1628:13:msdc_sd_power	32	static
sd.c:2386:12:msdc_power_tuning	144	static
sd.c:5639:12:msdc_lower_freq	112	static
sd.c:1654:13:msdc_sd_power_switch	48	static
sd.c:1955:6:msdc_gate_clock	64	static
sd.c:2001:6:msdc_ungate_clock	64	static
sd.c:7433:12:msdc_ops_get_ro	64	static
sd.c:3148:13:msdc_pm	48	static
sd.c:9284:12:msdc_drv_resume	32	static
sd.c:9219:12:msdc_drv_suspend	80	static
sd.c:7366:13:msdc_ops_set_ios	96	static
sd.c:2015:6:msdc_clk_status	80	static
sd.c:2245:6:msdc_sdio_set_long_timing_delay_by_freq	0	static
sd.c:3825:14:msdc_do_command	48	static
sd.c:6520:12:msdc_get_card_status.isra.34	176	static
sd.c:3366:5:msdc_cache_ctrl	208	static
sd.c:2514:13:msdc_send_stop	160	static
sd.c:5621:12:msdc_app_cmd.isra.35	160	static
sd.c:3871:5:msdc_pio_read	352	static
sd.c:4093:5:msdc_pio_write	352	static
sd.c:5699:5:msdc_tune_cmdrsp	112	static
sd.c:2531:5:msdc_reinit	112	static
sd.c:2822:12:msdc_status_verify.part.40	112	static
sd.c:6087:5:emmc_hs400_tune_rw	32	static
sd.c:6146:5:msdc_tune_read	96	static
sd.c:6378:5:msdc_tune_write	80	static
sd.c:8169:6:msdc_dump_gpd_bd	64	static
sd.c:766:6:msdc_polling_axi_status	80	static
sd.c:4327:13:msdc_dma_stop	64	static
sd.c:6974:13:msdc_tune_async_request	208	static
sd.c:7212:13:msdc_async_tune	16	static
sd.c:7676:20:msdc_irq	96	static
sd.c:7957:13:msdc_check_write_timeout	144	static
sd.c:7225:13:msdc_ops_request	256	static
sd.c:8581:5:msdc_of_parse	96	static
sd.c:8656:12:msdc_drv_probe	112	static
sd.c:9389:6:msdc_proc_emmc_vendor_create	16	static
sd.c:9398:19:mt_msdc_init	48	static
