ddp_ovl.c:1271:14:ovl_get_state_name	0	static
ddp_ovl.c:299:14:ovl_intput_format_name	48	static
ddp_ovl.c:155:22:ovl_input_fmt	32	static
ddp_ovl.c:107:30:ovl_input_fmt_convert	32	static
ddp_ovl.c:333:21:ovl_index	32	static
ddp_ovl.c:351:5:ovl_start	32	static
ddp_ovl.c:378:5:ovl_stop	32	static
ddp_ovl.c:402:5:ovl_reset	64	static
ddp_ovl.c:705:5:ovl_clock_on	32	static
ddp_ovl.c:790:5:ovl_init	16	static
ddp_ovl.c:748:5:ovl_resume	112	static
ddp_ovl.c:724:5:ovl_clock_off	48	static
ddp_ovl.c:796:5:ovl_deinit	16	static
ddp_ovl.c:766:5:ovl_suspend	64	static
ddp_ovl.c:205:21:ovl_input_fmt_bpp	32	static
ddp_ovl.c:263:21:ovl_input_fmt_reg_value.part.4	32	static
ddp_ovl.c:177:21:ovl_input_fmt_byte_swap	32	static
ddp_ovl.c:93:18:ovl_get_status	0	static
ddp_ovl.c:99:6:ovl_set_status	32	static
ddp_ovl.c:390:5:ovl_is_idle	16	static
ddp_ovl.c:427:5:ovl_roi	64	static
ddp_ovl.c:1387:12:ovl_io.part.7	544	static
ddp_ovl.c:1387:12:ovl_io	544	static
ddp_ovl.c:445:5:ovl_layer_switch	64	static
ddp_ovl.c:964:12:ovl_config_l	512	static
ddp_ovl.c:802:14:ddp_ovl_get_cur_addr	0	static
ddp_ovl.c:829:6:ovl_get_address	32	static
ddp_ovl.c:847:6:ovl_get_info	96	static
ddp_ovl.c:947:6:ovl_reset_by_cmdq	32	static
ddp_ovl.c:1141:5:ovl_build_cmdq	48	static
ddp_ovl.c:1169:6:ovl_dump_reg	560	static
ddp_ovl.c:1324:6:ovl_dump_analysis	688	static
ddp_ovl.c:1379:5:ovl_dump	32	static
