mmdvfs_mgr.c:656:12:default_clk_switch_cb	16	static
mmdvfs_mgr.c:612:12:vdec_ctrl_func_checked	32	static
mmdvfs_mgr.c:109:28:mmdvfs_get_default_step	32	static
mmdvfs_mgr.c:132:28:mmdvfs_query	96	static
mmdvfs_mgr.c:623:12:notify_cb_func_checked.constprop	48	static
mmdvfs_mgr.c:227:5:mmdvfs_set_step	112	static
mmdvfs_mgr.c:202:13:mmdvfs_cam_work_handler	48	static
mmdvfs_mgr.c:287:6:mmdvfs_handle_cmd	48	static
mmdvfs_mgr.c:339:6:mmdvfs_notify_scenario_exit	64	static
mmdvfs_mgr.c:364:6:mmdvfs_notify_scenario_enter	32	static
mmdvfs_mgr.c:412:6:mmdvfs_mhl_enable	0	static
mmdvfs_mgr.c:417:6:mmdvfs_mjc_enable	0	static
mmdvfs_mgr.c:422:6:mmdvfs_notify_scenario_concurrency	0	static
mmdvfs_mgr.c:442:6:mmdvfs_mm_clock_switch_notify	0	static
mmdvfs_mgr.c:467:5:mmdvfs_get_mmdvfs_profile	16	static
mmdvfs_mgr.c:396:6:mmdvfs_init	48	static
mmdvfs_mgr.c:502:5:is_mmdvfs_supported	32	static
mmdvfs_mgr.c:519:5:register_mmclk_switch_vdec_ctrl_cb	0	static
mmdvfs_mgr.c:528:5:register_mmclk_switch_cb	0	static
mmdvfs_mgr.c:540:5:mmdvfs_notify_mmclk_switch_request	0	static
mmdvfs_mgr.c:607:5:mmdvfs_set_mmsys_clk	64	static
mmdvfs_mgr.c:677:5:mmdvfs_get_stable_isp_clk	0	static
