ccci_util_lib_sys.c:56:16:ccci_attr_show	16	static
ccci_util_lib_sys.c:68:16:ccci_attr_store	16	static
ccci_util_lib_sys.c:232:16:debug_enable_store	0	static
ccci_util_lib_sys.c:312:16:kcfg_setting_store	0	static
ccci_util_lib_sys.c:320:16:wait_nv_store	16	static
ccci_util_lib_sys.c:186:16:ccci_md1_post_fix_show	32	static
ccci_util_lib_sys.c:250:16:ccci_ft_inf_show	32	static
ccci_util_lib_sys.c:203:16:ccci_dump_event_show	16	static
ccci_util_lib_sys.c:240:16:ccci_lk_load_md_show	16	static
ccci_util_lib_sys.c:195:16:ccci_dump_buff_usage_show	16	static
ccci_util_lib_sys.c:224:16:debug_enable_show	16	static
ccci_util_lib_sys.c:167:16:ccci_md_enable_show	64	static
ccci_util_lib_sys.c:212:16:ccci_version_show	16	static
ccci_util_lib_sys.c:262:16:kcfg_setting_show	80	static
ccci_util_lib_sys.c:130:16:boot_status_store	96	static
ccci_util_lib_sys.c:48:13:ccci_obj_release	16	static
ccci_util_lib_sys.c:91:12:get_md_status.constprop	16	static
ccci_util_lib_sys.c:109:16:boot_status_show	160	static
ccci_util_lib_sys.c:217:6:update_ccci_port_ver	0	static
ccci_util_lib_sys.c:358:5:ccci_sysfs_add_modem	80	static
ccci_util_lib_sys.c:389:5:ccci_common_sysfs_init	48	static
