ccci_util_lib_fo.c:229:21:compatible_convert	48	static
ccci_util_lib_fo.c:481:13:ccci_dump_opt_tbl	64	static
ccci_util_lib_fo.c:564:12:parse_meta_boot_arguments	80	static
ccci_util_lib_fo.c:1598:5:ccci_reserve_mem_of_init	64	static
ccci_util_lib_fo.c:812:13:lk_info_parsing_v1	64	static
ccci_util_lib_fo.c:295:12:find_ccci_tag_inf	256	static
ccci_util_lib_fo.c:694:13:md_mem_info_parsing	224	static
ccci_util_lib_fo.c:939:19:early_init_dt_get_chosen	48	static
ccci_util_lib_fo.c:159:21:get_capability_bit	32	static
ccci_util_lib_fo.c:437:5:ccci_get_opt_val	64	static
ccci_util_lib_fo.c:947:12:collect_lk_boot_arguments	160	static
ccci_util_lib_fo.c:1004:5:get_lk_load_md_info	96	static
ccci_util_lib_fo.c:1048:5:get_md_img_raw_size	0	static
ccci_util_lib_fo.c:1061:5:get_raw_check_hdr	32	static
ccci_util_lib_fo.c:1090:5:modem_run_env_ready	0	static
ccci_util_lib_fo.c:1095:5:get_md_resv_mem_info	0	static
ccci_util_lib_fo.c:1116:5:get_md1_md3_resv_smem_info	0	static
ccci_util_lib_fo.c:1130:14:get_md_smem_align	0	static
ccci_util_lib_fo.c:1135:14:get_modem_is_enabled	0	static
ccci_util_lib_fo.c:1140:5:get_modem_support_cap	32	static
ccci_util_lib_fo.c:1157:6:clear_meta_1st_boot_arg	0	static
ccci_util_lib_fo.c:1163:5:set_modem_support_cap	64	static
ccci_util_lib_fo.c:1178:5:get_md_type_from_lk	0	static
ccci_util_lib_fo.c:1185:12:get_mpu_region_cfg_info	0	static
ccci_util_lib_fo.c:1202:5:ccci_parse_meta_md_setting	32	static
ccci_util_lib_fo.c:1396:14:get_wm_bitmap_for_ubin	16	static
ccci_util_lib_fo.c:1419:5:get_ubin_img_type	0	static
ccci_util_lib_fo.c:1424:5:get_md_img_type	32	static
ccci_util_lib_fo.c:1467:5:get_legacy_md_type	32	static
ccci_util_lib_fo.c:1491:6:ccci_set_rat_str_to_drv	64	static
ccci_util_lib_fo.c:1504:5:ccci_get_rat_str_from_drv	80	static
ccci_util_lib_fo.c:1587:6:ccci_md_mem_reserve	32	static
ccci_util_lib_fo.c:1639:5:ccci_util_fo_init	224	static
