xt_qtaguid.c:1103:1:data_counters_update	0	static
xt_qtaguid.c:176:25:tag_node_tree_search	80	static
xt_qtaguid.c:534:13:put_utd_entry	32	static
xt_qtaguid.c:731:13:iface_stat_fmt_proc_stop	16	static
xt_qtaguid.c:1917:13:qtaguid_ctrl_proc_stop	16	static
xt_qtaguid.c:2724:13:qtaguid_stats_proc_stop	16	static
xt_qtaguid.c:1862:14:qtaguid_ctrl_proc_next	32	static
xt_qtaguid.c:308:13:sock_tag_tree_erase	64	static
xt_qtaguid.c:639:27:get_iface_entry	48	static
xt_qtaguid.c:786:13:iface_create_proc_worker	80	static
xt_qtaguid.c:2939:12:proc_qtaguid_stats_open	16	static
xt_qtaguid.c:2918:12:proc_qtaguid_ctrl_open	16	static
xt_qtaguid.c:2737:12:qtaguid_stats_proc_show	224	static
xt_qtaguid.c:144:13:can_manipulate_uids	32	static
xt_qtaguid.c:892:13:iface_check_stats_reset_and_adjust	272	static
xt_qtaguid.c:736:12:iface_stat_fmt_proc_show	512	static
xt_qtaguid.c:606:16:read_proc_bool	80	static
xt_qtaguid.c:595:16:read_proc_u64	80	static
xt_qtaguid.c:1481:12:proc_iface_stat_fmt_open	32	static
xt_qtaguid.c:726:14:iface_stat_fmt_proc_next	16	static
xt_qtaguid.c:706:14:iface_stat_fmt_proc_start	48	static
xt_qtaguid.c:286:13:sock_tag_tree_insert	16	static
xt_qtaguid.c:199:13:tag_node_tree_insert	64	static
xt_qtaguid.c:1258:25:create_if_tag_stat	48	static
xt_qtaguid.c:562:13:free_tag_ref_from_utd_entry	48	static
xt_qtaguid.c:2634:14:qtaguid_stats_proc_next	48	static
xt_qtaguid.c:2669:14:qtaguid_stats_proc_start	48	static
xt_qtaguid.c:1081:12:ipx_proto.isra.10	48	static
xt_qtaguid.c:827:13:_iface_stat_set_active.part.13	48	static
xt_qtaguid.c:3011:19:qtaguid_mt_init	80	static
xt_qtaguid.c:1815:13:prdebug_full_state.constprop	176	static
xt_qtaguid.c:1926:12:qtaguid_ctrl_proc_show	112	static
xt_qtaguid.c:1063:25:get_sock_stat_nl	32	static
xt_qtaguid.c:1885:14:qtaguid_ctrl_proc_start	48	static
xt_qtaguid.c:850:27:iface_alloc	64	static
xt_qtaguid.c:939:13:iface_stat_create	96	static
xt_qtaguid.c:1237:13:tag_stat_update	80	static
xt_qtaguid.c:2817:12:qtudev_release	128	static
xt_qtaguid.c:1614:13:account_for_uid	96	static
xt_qtaguid.c:1652:13:qtaguid_mt	112	static
xt_qtaguid.c:1126:13:iface_stat_update	272	static
xt_qtaguid.c:1400:12:iface_inet6addr_event_handler	64	static
xt_qtaguid.c:1431:12:iface_inetaddr_event_handler	48	static
xt_qtaguid.c:1375:12:iface_netdev_event_handler	48	static
xt_qtaguid.c:422:22:get_uid_data	48	static
xt_qtaguid.c:2750:12:qtudev_open	64	static
xt_qtaguid.c:486:24:lookup_tag_ref	80	static
xt_qtaguid.c:2504:16:qtaguid_ctrl_proc_write	480	static
