cldma_platform.c:53:6:md_cldma_hw_reset	48	static
cldma_platform.c:72:5:md_cd_get_modem_hw_info	64	static
cldma_platform.c:151:5:md_cd_io_remap_md_side_register	32	static
cldma_platform.c:176:6:md_cd_lock_cldma_clock_src	0	static
cldma_platform.c:181:6:md_cd_lock_modem_clock_src	16	static
cldma_platform.c:186:6:md_cd_dump_md_bootup_status	0	static
cldma_platform.c:190:6:md_cd_dump_debug_register	48	static
cldma_platform.c:215:6:md_cd_check_md_DCM	32	static
cldma_platform.c:224:6:md_cd_check_emi_state	0	static
cldma_platform.c:228:6:ccci_power_off	16	static
cldma_platform.c:238:5:md_cd_power_on	80	static
cldma_platform.c:327:5:md_cd_bootup_cleanup	0	static
cldma_platform.c:332:5:md_cd_let_md_go	32	static
cldma_platform.c:347:5:md_cd_soft_power_off	0	static
cldma_platform.c:352:5:md_cd_soft_power_on	0	static
cldma_platform.c:357:5:md_cd_power_off	80	static
cldma_platform.c:455:6:cldma_dump_register	48	static
cldma_platform.c:503:5:ccci_modem_remove	0	static
cldma_platform.c:508:6:ccci_modem_shutdown	0	static
cldma_platform.c:512:5:ccci_modem_suspend	16	static
cldma_platform.c:520:5:ccci_modem_resume	16	static
cldma_platform.c:528:5:ccci_modem_pm_suspend	16	static
cldma_platform.c:537:5:ccci_modem_pm_resume	16	static
cldma_platform.c:546:5:ccci_modem_pm_restore_noirq	32	static
cldma_platform.c:562:6:ccci_modem_restore_reg	96	static
cldma_platform.c:637:5:ccci_modem_syssuspend	16	static
cldma_platform.c:643:6:ccci_modem_sysresume	16	static
