ahb.c:1325:12:HifAhbBusCntGet	0	static
ahb.c:1339:12:HifAhbBusCntClr	0	static
ahb.c:1479:12:HifAhbPltmSuspend	0	static
ahb.c:1493:12:HifAhbPltmResume	0	static
ahb.c:1419:12:HifAhbPltmProbe	64	static
ahb.c:1276:12:HifAhbRemove	16	static
ahb.c:1119:20:HifAhbISR	32	static
ahb.c:1216:12:HifAhbProbe	32	static
ahb.c:1358:16:HifAhbDmaEnhanceModeConf.constprop	48	static
ahb.c:229:13:glRegisterBus	32	static
ahb.c:261:6:glUnregisterBus	32	static
ahb.c:290:6:glResetHif	32	static
ahb.c:310:6:glSetHifInfo	48	static
ahb.c:408:6:glClearHifInfo	32	static
ahb.c:431:6:glGetChipInfo	32	static
ahb.c:465:9:glIsChipNeedWakelock	0	static
ahb.c:488:9:glBusInit	0	static
ahb.c:502:6:glBusRelease	0	static
ahb.c:519:8:glBusSetIrq	64	static
ahb.c:559:6:glBusFreeIrq	64	static
ahb.c:689:9:kalDevRegRead	48	static
ahb.c:722:9:kalDevRegWrite	48	static
ahb.c:758:1:kalDevPortRead	160	static
ahb.c:942:1:kalDevPortWrite	160	static
ahb.c:1377:6:glSetPowerState	0	static
ahb.c:1460:19:HifAhbPltmRemove	16	static
ahb.c:1527:6:glDumpConnSysCpuInfo	64	static
