keyctl.c:986:12:keyctl_change_reqkey_auth	32	static
keyctl.c:949:13:get_instantiation_keyring.isra.9	32	static
keyctl.c:31:12:key_get_type_from_user.constprop	32	static
keyctl.c:60:1:SyS_add_key	112	static
keyctl.c:164:1:SyS_request_key	96	static
keyctl.c:255:6:keyctl_get_keyring_ID	32	static
keyctl.c:284:6:keyctl_join_session_keyring	32	static
keyctl.c:317:6:keyctl_update_key	64	static
keyctl.c:369:6:keyctl_revoke_key	32	static
keyctl.c:403:6:keyctl_invalidate_key	48	static
keyctl.c:445:6:keyctl_keyring_clear	48	static
keyctl.c:487:6:keyctl_keyring_link	48	static
keyctl.c:522:6:keyctl_keyring_unlink	48	static
keyctl.c:561:6:keyctl_describe_key	64	static
keyctl.c:633:6:keyctl_keyring_search	112	static
keyctl.c:727:6:keyctl_read_key	64	static
keyctl.c:793:6:keyctl_chown_key	80	static
keyctl.c:910:6:keyctl_setperm_key	48	static
keyctl.c:1024:6:keyctl_instantiate_key_common	128	static
keyctl.c:1109:6:keyctl_instantiate_key	32	static
keyctl.c:1135:6:keyctl_instantiate_key_iov	208	static
keyctl.c:1201:6:keyctl_reject_key	80	static
keyctl.c:1181:6:keyctl_negate_key	16	static
keyctl.c:1259:6:keyctl_set_reqkey_keyring	48	static
keyctl.c:1324:6:keyctl_set_timeout	48	static
keyctl.c:1378:6:keyctl_assume_authority	32	static
keyctl.c:1425:6:keyctl_get_security	64	static
keyctl.c:1489:6:keyctl_session_to_parent	64	static
keyctl.c:1583:1:SyS_keyctl	16	static
