keyring.c:131:12:keyring_preparse	0	static
keyring.c:139:13:keyring_free_preparse	0	static
keyring.c:161:12:mult_64x32_and_fold	0	static
keyring.c:424:12:keyring_read_iterator	0	static
keyring.c:1025:12:keyring_detect_cycle_iterator	0	static
keyring.c:1342:13:keyring_gc_select_iterator	0	static
keyring.c:1353:12:keyring_gc_check_iterator	0	static
keyring.c:451:13:keyring_read	48	static
keyring.c:148:12:keyring_instantiate	48	static
keyring.c:385:13:keyring_destroy	32	static
keyring.c:360:13:keyring_free_object	16	static
keyring.c:171:22:hash_key_type_and_desc	96	static
keyring.c:230:22:keyring_get_key_chunk	16	static
keyring.c:272:22:keyring_get_object_key_chunk	16	static
keyring.c:293:12:keyring_diff_objects	48	static
keyring.c:278:13:keyring_compare_object	16	static
keyring.c:1330:13:keyring_revoke	32	static
keyring.c:492:13:keyring_alloc	32	static
keyring.c:516:6:key_default_cmp	16	static
keyring.c:525:12:keyring_search_iterator	48	static
keyring.c:612:13:search_nested_keyrings	240	static
keyring.c:1049:12:keyring_detect_cycle	144	static
keyring.c:403:13:keyring_describe	32	static
keyring.c:1300:5:keyring_clear	32	static
keyring.c:1259:5:key_unlink	48	static
keyring.c:850:11:keyring_search_aux	32	static
keyring.c:889:11:keyring_search	144	static
keyring.c:933:11:find_key_to_update	32	static
keyring.c:976:13:find_keyring_by_name	64	static
keyring.c:1071:5:__key_link_begin	80	static
keyring.c:1142:5:__key_link_check_live_key	16	static
keyring.c:1159:6:__key_link	32	static
keyring.c:1172:6:__key_link_end	32	static
keyring.c:1214:5:key_link	64	static
keyring.c:1368:6:keyring_gc	48	static
