s5k5e2ybmipiraw_Sensor.c:1793:19:close	16	static
s5k5e2ybmipiraw_Sensor.c:1944:19:get_resolution	32	static
s5k5e2ybmipiraw_Sensor.c:1964:19:get_info	32	static
s5k5e2ybmipiraw_Sensor.c:193:19:read_cmos_sensor	32	static
s5k5e2ybmipiraw_Sensor.c:203:13:write_cmos_sensor	32	static
s5k5e2ybmipiraw_Sensor.c:588:13:set_max_framerate	64	static
s5k5e2ybmipiraw_Sensor.c:721:19:set_gain	48	static
s5k5e2ybmipiraw_Sensor.c:1603:18:get_module_id.part.3	64	static
s5k5e2ybmipiraw_Sensor.c:1820:19:preview.isra.5	32	static
s5k5e2ybmipiraw_Sensor.c:2067:19:control	64	static
s5k5e2ybmipiraw_Sensor.c:2260:19:feature_control	128	static
s5k5e2ybmipiraw_Sensor.c:249:6:S5K5E2YB_MIPI_read_otp_wb	240	static
s5k5e2ybmipiraw_Sensor.c:415:6:S5K5E2YB_MIPI_algorithm_otp_wb1	80	static
s5k5e2ybmipiraw_Sensor.c:497:6:S5K5E2YB_MIPI_write_otp_wb	80	static
s5k5e2ybmipiraw_Sensor.c:561:6:S5K5E2YB_MIPI_update_wb_register_from_otp	64	static
s5k5e2ybmipiraw_Sensor.c:1712:19:open	128	static
s5k5e2ybmipiraw_Sensor.c:2391:8:S5K5E2YB_MIPI_RAW_SensorInit	0	static
