ddp_dump.c:564:13:gamma_dump_reg	560	static
ddp_dump.c:309:13:mutex_dump_reg	560	static
ddp_dump.c:594:13:merge_dump_reg	544	static
ddp_dump.c:609:13:split_dump_reg	544	static
ddp_dump.c:619:13:color_dump_reg	560	static
ddp_dump.c:658:13:aal_dump_reg	560	static
ddp_dump.c:692:13:pwm_dump_reg	560	static
ddp_dump.c:727:13:od_dump_reg	544	static
ddp_dump.c:799:13:dsi_dump_reg	576	static
ddp_dump.c:754:13:ccorr_dump_reg	560	static
ddp_dump.c:777:13:dither_dump_reg	560	static
ddp_dump.c:581:13:gamma_dump_analysis	560	static
ddp_dump.c:602:13:merge_dump_analysis	560	static
ddp_dump.c:614:13:split_dump_analysis	544	static
ddp_dump.c:638:13:color_dump_analysis	560	static
ddp_dump.c:677:13:aal_dump_analysis	576	static
ddp_dump.c:746:13:od_dump_analysis	560	static
ddp_dump.c:711:13:pwm_dump_analysis	544	static
ddp_dump.c:856:13:dpi_dump_analysis	560	static
ddp_dump.c:765:13:ccorr_dump_analyze	576	static
ddp_dump.c:787:13:dither_dump_analyze	576	static
ddp_dump.c:33:14:ddp_signal_0	32	static
ddp_dump.c:433:13:mmsys_config_dump_analysis	1136	static
ddp_dump.c:165:7:ddp_get_fmt_name	560	static
ddp_dump.c:342:13:mutex_dump_analysis	1136	static
ddp_dump.c:867:5:ddp_dump_reg	560	static
ddp_dump.c:933:5:ddp_dump_analysis	544	static
