disp_lcm.c:30:5:_lcm_count	0	static
disp_lcm.c:35:5:_is_lcm_inited	32	static
disp_lcm.c:48:13:_get_lcm_params_by_handle	32	static
disp_lcm.c:57:13:_get_lcm_driver_by_handle	32	static
disp_lcm.c:66:6:_dump_lcm_info	160	static
disp_lcm.c:185:5:disp_of_getprop_u32	48	static
disp_lcm.c:208:5:disp_of_getprop_u8	48	static
disp_lcm.c:231:6:parse_lcm_params_dt_node	32	static
disp_lcm.c:458:6:parse_lcm_ops_dt_node	96	static
disp_lcm.c:825:5:check_lcm_node_from_DT	160	static
disp_lcm.c:853:6:load_lcm_resources_from_DT	176	static
disp_lcm.c:894:18:disp_lcm_probe	96	static
disp_lcm.c:1062:13:disp_lcm_get_params	32	static
disp_lcm.c:1072:18:disp_lcm_get_interface_id	32	static
disp_lcm.c:1109:5:disp_lcm_esd_check	48	static
disp_lcm.c:1129:5:disp_lcm_esd_recover	48	static
disp_lcm.c:1153:5:disp_lcm_suspend	48	static
disp_lcm.c:1180:5:disp_lcm_resume	48	static
disp_lcm.c:1210:5:disp_lcm_set_backlight	48	static
disp_lcm.c:1234:5:disp_lcm_ioctl	0	static
disp_lcm.c:1239:5:disp_lcm_is_inited	32	static
disp_lcm.c:1034:5:disp_lcm_init	48	static
disp_lcm.c:1247:14:disp_lcm_ATA	48	static
disp_lcm.c:1269:7:disp_lcm_switch_mode	48	static
disp_lcm.c:1295:5:disp_lcm_is_video_mode	32	static
disp_lcm.c:1082:5:disp_lcm_update	80	static
disp_lcm.c:1335:5:disp_lcm_set_cmd	64	static
