ddp_dsi.c:2620:13:lcm_set_reset_pin	0	static
ddp_dsi.c:2961:5:ddp_dsi_deinit	0	static
ddp_dsi.c:356:19:DSI_SetMode	112	static
ddp_dsi.c:2741:5:ddp_dsi_set_lcm_utils	1072	static
ddp_dsi.c:317:19:DSI_Reset	128	static
ddp_dsi.c:3587:5:ddp_dsi_reset	16	static
ddp_dsi.c:2625:13:lcm_udelay	16	static
ddp_dsi.c:2630:13:lcm_mdelay	16	static
ddp_dsi.c:261:13:_DSI_INTERNAL_IRQ_Handler	80	static
ddp_dsi.c:3785:5:ddp_dsi_is_busy	32	static
ddp_dsi.c:3803:5:ddp_dsi_is_idle	16	static
ddp_dsi.c:69:6:ddp_set_mipi26m.part.1	0	static
ddp_dsi.c:69:6:ddp_set_mipi26m	16	static
ddp_dsi.c:458:12:DSI_DisableClk	0	static
ddp_dsi.c:471:6:DSI_sw_clk_trail	64	static
ddp_dsi.c:501:6:DSI_sw_clk_trail_cmdq	64	static
ddp_dsi.c:524:6:DSI_lane0_ULP_mode	80	static
ddp_dsi.c:559:6:DSI_clk_ULP_mode	80	static
ddp_dsi.c:586:6:DSI_clk_HS_state	16	static
ddp_dsi.c:594:6:DSI_clk_HSLP_mode	48	static
ddp_dsi.c:607:6:DSI_manual_enter_HS	48	static
ddp_dsi.c:611:7:DSI_clk_HS_mode	112	static
ddp_dsi.c:626:13:_dsi_cmd_mode_parse_state	0	static
ddp_dsi.c:664:12:DSI_DumpRegisters	576	static
ddp_dsi.c:783:13:DSI_WaitForNotBusy	176	static
ddp_dsi.c:3235:5:ddp_dsi_stop	112	static
ddp_dsi.c:3860:5:ddp_dsi_build_cmdq	112	static
ddp_dsi.c:756:5:DSI_WaitVMDone	144	static
ddp_dsi.c:849:12:DSI_SleepOut	128	static
ddp_dsi.c:868:12:DSI_Wakeup	176	static
ddp_dsi.c:905:12:DSI_BackupRegisters	112	static
ddp_dsi.c:955:12:DSI_RestoreRegisters	112	static
ddp_dsi.c:1004:12:DSI_BIST_Pattern_Test	128	static
ddp_dsi.c:1046:6:DSI_Config_VDO_Timing	112	static
ddp_dsi.c:1114:6:DSI_Set_LFR	144	static
ddp_dsi.c:1137:6:DSI_LFR_UPDATE	96	static
ddp_dsi.c:1150:5:_dsi_ps_type_to_bpp	32	static
ddp_dsi.c:1167:12:DSI_PS_Control	160	static
ddp_dsi.c:1223:12:DSI_TXRX_Control	144	static
ddp_dsi.c:1281:5:MIPITX_IsEnabled	0	static
ddp_dsi.c:2853:5:ddp_dsi_init	128	static
ddp_dsi.c:1295:6:DSI_PHY_clk_setting	144	static
ddp_dsi.c:3595:5:ddp_dsi_power_on	80	static
ddp_dsi.c:1565:6:DSI_PHY_TIMCONFIG	224	static
ddp_dsi.c:1730:6:DSI_PHY_clk_switch	96	static
ddp_dsi.c:3703:5:ddp_dsi_power_off	48	static
ddp_dsi.c:1793:12:DSI_EnableClk	0	static
ddp_dsi.c:1805:12:DSI_Start	48	static
ddp_dsi.c:1827:6:DSI_Set_VM_CMD	112	static
ddp_dsi.c:1847:12:DSI_EnableVM_CMD	112	static
ddp_dsi.c:1866:10:DSI_dcs_read_lcm_reg_v2	256	static
ddp_dsi.c:2721:14:DSI_dcs_read_lcm_reg_v2_wrapper_DSI0	16	static
ddp_dsi.c:2726:14:DSI_dcs_read_lcm_reg_v2_wrapper_DSI1	16	static
ddp_dsi.c:2731:14:DSI_dcs_read_lcm_reg_v2_wrapper_DSIDUAL	16	static
ddp_dsi.c:2040:6:DSI_set_null	176	static
ddp_dsi.c:2661:6:DSI_set_null_Wrapper_DSI0	16	static
ddp_dsi.c:2666:6:DSI_set_null_Wrapper_DSI1	16	static
ddp_dsi.c:2671:6:DSI_set_null_Wrapper_DSIDual	16	static
ddp_dsi.c:2088:6:DSI_set_cmdq_V2	176	static
ddp_dsi.c:2646:6:DSI_set_cmdq_V2_DSI0	16	static
ddp_dsi.c:2651:6:DSI_set_cmdq_V2_DSI1	16	static
ddp_dsi.c:2656:6:DSI_set_cmdq_V2_DSIDual	16	static
ddp_dsi.c:2676:6:DSI_set_cmdq_V2_Wrapper_DSI0	16	static
ddp_dsi.c:2681:6:DSI_set_cmdq_V2_Wrapper_DSI1	16	static
ddp_dsi.c:2686:6:DSI_set_cmdq_V2_Wrapper_DSIDual	16	static
ddp_dsi.c:2284:6:DSI_set_cmdq_subV3	176	static
ddp_dsi.c:2464:6:DSI_set_cmdq_V3	80	static
ddp_dsi.c:2691:6:DSI_set_cmdq_V3_Wrapper_DSI0	16	static
ddp_dsi.c:2696:6:DSI_set_cmdq_V3_Wrapper_DSI1	16	static
ddp_dsi.c:2701:6:DSI_set_cmdq_V3_Wrapper_DSIDual	16	static
ddp_dsi.c:2481:6:DSI_set_cmdq	144	static
ddp_dsi.c:2706:6:DSI_set_cmdq_wrapper_DSI0	16	static
ddp_dsi.c:2711:6:DSI_set_cmdq_wrapper_DSI1	16	static
ddp_dsi.c:2716:6:DSI_set_cmdq_wrapper_DSIDual	16	static
ddp_dsi.c:3573:5:ddp_dsi_trigger	96	static
ddp_dsi.c:2559:6:DSI_set_rar	112	static
ddp_dsi.c:2640:13:lcm_rar	32	static
ddp_dsi.c:2577:6:_copy_dsi_params	16	static
ddp_dsi.c:3127:5:ddp_dsi_config	208	static
ddp_dsi.c:2584:5:DSI_Send_ROI	112	static
ddp_dsi.c:3206:5:ddp_dsi_start	48	static
ddp_dsi.c:2836:6:DSI_ChangeClk	80	static
ddp_dsi.c:2966:6:_dump_dsi_params	48	static
ddp_dsi.c:3280:5:dsi_enable_irq	64	static
ddp_dsi.c:3288:5:ddp_dsi_switch_lcm_mode	96	static
ddp_dsi.c:3329:5:ddp_dsi_switch_mode	128	static
ddp_dsi.c:3415:5:ddp_dsi_clk_on	48	static
ddp_dsi.c:3444:5:ddp_dsi_clk_off	32	static
ddp_dsi.c:3474:5:ddp_dsi_ioctl	80	static
ddp_dsi.c:3824:6:dsi_analysis	128	static
ddp_dsi.c:3853:5:ddp_dsi_dump	48	static
ddp_dsi.c:4226:7:get_dsi_params_handle	0	static
ddp_dsi.c:4235:10:PanelMaster_get_TE_status	0	static
ddp_dsi.c:4243:10:PanelMaster_get_CC	16	static
ddp_dsi.c:4251:6:PanelMaster_set_CC	48	static
ddp_dsi.c:4620:9:DSI_ssc_enable	16	static
ddp_dsi.c:4268:6:PanelMaster_DSI_set_timing	32	static
ddp_dsi.c:4647:10:PanelMaster_get_dsi_timing	32	static
ddp_dsi.c:4773:14:PanelMaster_set_PM_enable	0	static
ddp_dsi.c:4779:5:DSI_set_roi	64	static
ddp_dsi.c:4787:5:DSI_check_roi	128	static
ddp_dsi.c:4824:6:DSI_ForceConfig	0	static
