ddp_dpi.c:156:13:lcm_set_reset_pin	0	static
ddp_dpi.c:163:13:lcm_send_cmd	0	static
ddp_dpi.c:170:13:lcm_send_data	0	static
ddp_dpi.c:677:5:ddp_dpi_start	0	static
ddp_dpi.c:718:5:ddp_dpi_is_busy	0	static
ddp_dpi.c:725:5:ddp_dpi_is_idle	16	static
ddp_dpi.c:828:5:ddp_dpi_build_cmdq	0	static
ddp_dpi.c:660:5:ddp_dpi_reset	48	static
ddp_dpi.c:807:5:ddp_dpi_set_lcm_utils	32	static
ddp_dpi.c:151:13:lcm_mdelay	16	static
ddp_dpi.c:146:13:lcm_udelay	16	static
ddp_dpi.c:833:5:ddp_dpi_dump	576	static
ddp_dpi.c:557:5:ddp_dpi_power_on	32	static
ddp_dpi.c:753:5:ddp_dpi_init	32	static
ddp_dpi.c:581:5:ddp_dpi_power_off	32	static
ddp_dpi.c:682:5:ddp_dpi_trigger	48	static
ddp_dpi.c:205:17:ddp_dpi_ConfigPclk	96	static
ddp_dpi.c:345:17:ddp_dpi_ConfigDE	64	static
ddp_dpi.c:355:17:ddp_dpi_ConfigVsync	96	static
ddp_dpi.c:393:17:ddp_dpi_ConfigHsync	96	static
ddp_dpi.c:415:17:ddp_dpi_ConfigDualEdge	64	static
ddp_dpi.c:433:17:ddp_dpi_ConfigBG	80	static
ddp_dpi.c:696:5:ddp_dpi_stop	64	static
ddp_dpi.c:798:5:ddp_dpi_deinit	32	static
ddp_dpi.c:470:17:ddp_dpi_ConfigSize	48	static
ddp_dpi.c:606:5:ddp_dpi_config	64	static
ddp_dpi.c:549:17:ddp_dpi_EnableColorBar	0	static
ddp_dpi.c:857:6:ddp_dpi_change_io_driving	560	static
ddp_dpi.c:918:5:ddp_dpi_ioctl	48	static
ddp_dpi.c:983:17:DPI_EnableColorBar	0	static
ddp_dpi.c:991:17:DPI_DisableColorBar	0	static
ddp_dpi.c:998:17:ddp_dpi_EnableColorBar_16	0	static
ddp_dpi.c:1006:17:ddp_dpi_EnableColorBar_0	0	static
ddp_dpi.c:1042:5:_Enable_Interrupt	0	static
