ddp_path.c:82:5:ddp_path_init	0	static
ddp_path.c:105:7:ddp_get_scenario_name	32	static
ddp_path.c:140:5:ddp_is_scenario_on_primary	48	static
ddp_path.c:171:7:ddp_get_mutex_sof_name	32	static
ddp_path.c:188:7:ddp_get_mode_name	32	static
ddp_path.c:201:12:ddp_get_module_num_l	32	static
ddp_path.c:215:13:ddp_connect_path_l	144	static
ddp_path.c:314:13:ddp_check_path_l	832	static
ddp_path.c:433:13:ddp_disconnect_path_l	96	static
ddp_path.c:481:18:ddp_get_mutex_sof	64	static
ddp_path.c:521:12:ddp_mutex_set_l	240	static
ddp_path.c:570:13:ddp_check_mutex_l	608	static
ddp_path.c:601:12:ddp_mutex_enable_l	64	static
ddp_path.c:608:5:ddp_mutex_hw_dcm_on	80	static
ddp_path.c:617:5:ddp_mutex_hw_dcm_off	80	static
ddp_path.c:626:5:ddp_get_module_num	32	static
ddp_path.c:631:13:ddp_print_scenario	560	static
ddp_path.c:643:12:ddp_find_module_index	48	static
ddp_path.c:696:18:ddp_get_dst_module	48	static
ddp_path.c:657:5:ddp_set_dst_module	48	static
ddp_path.c:711:6:ddp_get_scenario_list	16	static
ddp_path.c:716:5:ddp_is_module_in_scenario	32	static
ddp_path.c:728:5:ddp_insert_module	48	static
ddp_path.c:769:5:ddp_remove_module	64	static
ddp_path.c:796:6:ddp_connect_path	32	static
ddp_path.c:810:6:ddp_disconnect_path	32	static
ddp_path.c:826:6:ddp_check_path	32	static
ddp_path.c:841:6:ddp_check_mutex	32	static
ddp_path.c:847:5:ddp_mutex_set	48	static
ddp_path.c:856:5:ddp_mutex_Interrupt_enable	96	static
ddp_path.c:870:5:ddp_mutex_Interrupt_disable	96	static
ddp_path.c:878:5:ddp_mutex_reset	96	static
ddp_path.c:887:5:ddp_mutex_add_module	64	static
ddp_path.c:902:5:ddp_mutex_remove_module	64	static
ddp_path.c:918:5:ddp_mutex_clear	96	static
ddp_path.c:929:5:ddp_mutex_enable	32	static
ddp_path.c:934:5:ddp_mutex_disenable	64	static
ddp_path.c:941:5:ddp_check_engine_status	32	static
ddp_path.c:949:5:ddp_path_top_clock_on	48	static
ddp_path.c:973:5:ddp_path_top_clock_off	16	static
ddp_path.c:998:5:ddp_path_lp_top_clock_on	16	static
ddp_path.c:1013:5:ddp_path_lp_top_clock_off	16	static
ddp_path.c:1030:5:ddp_insert_config_allow_rec	48	static
ddp_path.c:1049:5:ddp_insert_config_dirty_rec	48	static
ddp_path.c:1066:5:disp_get_dst_module	32	static
