mtk_disp_mgr.c:120:12:mtk_disp_mgr_open	0	static
mtk_disp_mgr.c:125:16:mtk_disp_mgr_read	0	static
mtk_disp_mgr.c:130:12:mtk_disp_mgr_release	0	static
mtk_disp_mgr.c:135:12:mtk_disp_mgr_flush	0	static
mtk_disp_mgr.c:2240:12:mtk_disp_mgr_remove	0	static
mtk_disp_mgr.c:2245:13:mtk_disp_mgr_shutdown	0	static
mtk_disp_mgr.c:2250:12:mtk_disp_mgr_suspend	0	static
mtk_disp_mgr.c:2255:12:mtk_disp_mgr_resume	0	static
mtk_disp_mgr.c:2272:13:mtk_disp_mgr_device_release	0	static
mtk_disp_mgr.c:2304:20:mtk_disp_mgr_exit	32	static
mtk_disp_mgr.c:2194:12:mtk_disp_mgr_probe	48	static
mtk_disp_mgr.c:140:12:mtk_disp_mgr_mmap	64	static
mtk_disp_mgr.c:2290:19:mtk_disp_mgr_init	32	static
mtk_disp_mgr.c:173:5:disp_get_session_number	0	static
mtk_disp_mgr.c:216:5:_session_inited	0	static
mtk_disp_mgr.c:239:5:disp_create_session	64	static
mtk_disp_mgr.c:352:6:release_session_buffer	64	static
mtk_disp_mgr.c:307:5:disp_destroy_session	64	static
mtk_disp_mgr.c:402:5:_ioctl_create_session	96	static
mtk_disp_mgr.c:459:5:_ioctl_destroy_session	80	static
mtk_disp_mgr.c:491:7:disp_session_mode_spy	0	static
mtk_disp_mgr.c:505:5:_ioctl_trigger_session	128	static
mtk_disp_mgr.c:608:5:_ioctl_prepare_present_fence	112	static
mtk_disp_mgr.c:665:5:_ioctl_prepare_buffer	128	static
mtk_disp_mgr.c:748:13:_disp_format_spy	0	static
mtk_disp_mgr.c:1370:12:set_primary_buffer	768	static
mtk_disp_mgr.c:1134:12:set_memory_buffer	928	static
mtk_disp_mgr.c:1493:5:_ioctl_set_input_buffer	272	static
mtk_disp_mgr.c:1575:5:_ioctl_set_output_buffer	544	static
mtk_disp_mgr.c:1724:5:_ioctl_get_info	112	static
mtk_disp_mgr.c:1760:5:_ioctl_get_is_driver_suspend	48	static
mtk_disp_mgr.c:1776:5:_ioctl_get_display_caps	96	static
mtk_disp_mgr.c:1820:5:_ioctl_wait_vsync	80	static
mtk_disp_mgr.c:1862:5:_ioctl_set_vsync	48	static
mtk_disp_mgr.c:1878:5:_ioctl_insert_session_buffers	48	static
mtk_disp_mgr.c:1893:5:_ioctl_screen_freeze	48	static
mtk_disp_mgr.c:1968:5:set_session_mode	48	static
mtk_disp_mgr.c:1981:5:_ioctl_set_session_mode	80	static
mtk_disp_mgr.c:2077:6:mtk_disp_mgr_ioctl	32	static
mtk_disp_mgr.c:2160:13:mtk_disp_mgr_compat_ioctl	16	static
mtk_disp_mgr.c:1994:13:_session_ioctl_spy	0	static
