primary_display.c:637:12:primary_display_is_secure_path	0	static
primary_display.c:4185:14:cmdqDdpClockOn	0	static
primary_display.c:4191:14:cmdqDdpClockOff	0	static
primary_display.c:4218:14:cmdqDdpResetEng	0	static
primary_display.c:1974:13:_cmdq_flush_config_handle_mira	32	static
primary_display.c:3432:20:_esd_check_ext_te_irq_handler	32	static
primary_display.c:965:12:_config_rdma_input_data	48	static
primary_display.c:2340:12:config_display_m4u_port	80	static
primary_display.c:6675:12:config_wdma_output	48	static
primary_display.c:4516:12:_Interface_fence_release_callback	32	static
primary_display.c:2390:35:allocat_decouple_buffer	144	static
primary_display.c:4267:13:_MUTEX_INTERNAL_IRQ_Handler	0	static
primary_display.c:213:38:_get_context	32	static
primary_display.c:294:25:primary_get_state	16	static
primary_display.c:278:13:_primary_path_lock	32	static
primary_display.c:1944:13:_cmdq_reset_config_handle	16	static
primary_display.c:298:25:primary_set_state	48	static
primary_display.c:1619:29:_DISP_CmdModeTimer_handler	48	static
primary_display.c:1952:13:_cmdq_flush_config_handle	48	static
primary_display.c:4504:13:_wdma_fence_release_callback	48	static
primary_display.c:285:13:_primary_path_unlock.isra.2	16	static
primary_display.c:4836:12:_present_fence_release_worker_thread	64	static
primary_display.c:4228:13:_RDMA0_INTERNAL_IRQ_Handler	32	static
primary_display.c:1386:25:_get_dst_module_by_lcm	16	static
primary_display.c:1905:13:_cmdq_stop_trigger_loop	16	static
primary_display.c:3037:12:_convert_disp_input_to_rdma.part.12	272	static
primary_display.c:5097:12:init_cmdq_slots.constprop	48	static
primary_display.c:410:12:_disp_primary_path_dsi_clock_off.part.18.constprop	48	static
primary_display.c:393:12:_disp_primary_path_dsi_clock_on.part.17.constprop	48	static
primary_display.c:4403:12:primary_display_frame_update_kthread	128	static
primary_display.c:4360:13:primary_display_frame_update_irq_callback	64	static
primary_display.c:150:6:enqueue_buffer	0	static
primary_display.c:159:6:reset_buffer	0	static
primary_display.c:167:28:dequeue_buffer	16	static
primary_display.c:189:28:find_buffer_by_mva	0	static
primary_display.c:253:31:primary_display_path_lock	32	static
primary_display.c:261:6:primary_display_path_unlock	16	static
primary_display.c:316:6:primary_display_wait_state	96	static
primary_display.c:324:6:primary_display_wait_not_state	96	static
primary_display.c:1132:6:primary_display_idlemgr_kick	0	static
primary_display.c:1136:6:primary_display_idlemgr_enter_idle	0	static
primary_display.c:1141:6:primary_display_idlemgr_leave_idle	0	static
primary_display.c:1256:9:decouple_rdma_worker_callback	96	static
primary_display.c:1577:5:_should_trigger_interface	16	static
primary_display.c:1585:5:_should_config_ovl_input	16	static
primary_display.c:1595:5:_should_config_ovl_to_memory	240	static
primary_display.c:1632:5:_init_vsync_fake_monitor	32	static
primary_display.c:1653:6:disp_set_sodi	0	static
primary_display.c:1829:6:disp_spm_enter_cg_mode	16	static
primary_display.c:1834:6:disp_spm_enter_power_down_mode	16	static
primary_display.c:2324:13:session_mode_spy	0	static
primary_display.c:2861:5:disp_fmt_to_hw_fmt	32	static
primary_display.c:2957:12:_convert_disp_input_to_ovl	272	static
primary_display.c:3037:12:_convert_disp_input_to_rdma	48	static
primary_display.c:3153:5:_trigger_ovl_to_memory	80	static
primary_display.c:3178:5:_trigger_ovl_to_memory_mirror	80	static
primary_display.c:3248:14:_need_do_esd_check	16	static
primary_display.c:3298:5:_esd_check_config_handle_cmd	32	static
primary_display.c:3330:6:primary_display_esd_cust_bycmdq	0	static
primary_display.c:3335:5:primary_display_esd_cust_get	0	static
primary_display.c:3344:5:_esd_check_config_handle_vdo	48	static
primary_display.c:3440:5:primary_display_switch_esd_mode	64	static
primary_display.c:4122:6:disp_update_trigger_time	16	static
primary_display.c:5026:5:primary_display_switch_wdma_dump	32	static
primary_display.c:5041:5:primary_display_set_frame_buffer_address	48	static
primary_display.c:5057:15:primary_display_get_frame_buffer_mva_address	16	static
primary_display.c:5062:15:primary_display_get_frame_buffer_va_address	16	static
primary_display.c:5067:5:primary_display_get_session_mode	16	static
primary_display.c:5072:5:is_dim_layer	0	static
primary_display.c:5079:7:primary_get_dpmgr_handle	16	static
primary_display.c:5516:5:primary_display_deinit	16	static
primary_display.c:5530:5:primary_display_wait_for_idle	32	static
primary_display.c:5542:5:primary_display_wait_for_dump	0	static
primary_display.c:5626:14:primary_display_get_ticket	16	static
primary_display.c:5677:5:primary_suspend_release_fence	48	static
primary_display.c:5873:5:primary_display_get_lcm_index	32	static
primary_display.c:6235:5:primary_display_start	48	static
primary_display.c:6255:5:primary_display_stop	48	static
primary_display.c:6379:6:primary_display_update_present_fence	0	static
primary_display.c:6721:5:primary_display_config_output	80	static
primary_display.c:7223:5:init_ext_decouple_buffers	0	static
primary_display.c:7240:5:deinit_ext_decouple_buffers	0	static
primary_display.c:7459:5:primary_display_is_alive	32	static
primary_display.c:7472:5:primary_display_is_sleepd_nolock	16	static
primary_display.c:7483:5:primary_display_is_sleepd	32	static
primary_display.c:7499:5:primary_display_get_width	16	static
primary_display.c:8129:10:DISP_GetScreenWidth	16	static
primary_display.c:7513:5:primary_display_get_height	16	static
primary_display.c:6557:12:primary_display_ovl2mem_callback	96	static
primary_display.c:8135:10:DISP_GetScreenHeight	16	static
primary_display.c:5084:15:get_dim_layer_mva_addr	48	static
primary_display.c:2457:12:init_decouple_buffers	80	static
primary_display.c:7528:5:primary_display_get_original_width	16	static
primary_display.c:7542:5:primary_display_get_original_height	16	static
primary_display.c:7556:5:primary_display_get_bpp	0	static
primary_display.c:7561:5:primary_display_get_dc_bpp	0	static
primary_display.c:7566:6:primary_display_set_max_layer	32	static
primary_display.c:7679:5:primary_display_get_pages	0	static
primary_display.c:7685:5:primary_display_is_video_mode	16	static
primary_display.c:2000:6:_cmdq_insert_wait_frame_done_token_mira	32	static
primary_display.c:746:5:primary_display_cmdq_set_reg	64	static
primary_display.c:778:12:_switch_mmsys_clk	96	static
primary_display.c:427:5:_disp_primary_path_set_vfp	64	static
primary_display.c:1918:13:_cmdq_set_config_handle_dirty	16	static
primary_display.c:1988:13:_cmdq_insert_wait_frame_done_token	16	static
primary_display.c:3262:14:_need_register_eint	16	static
primary_display.c:3971:6:primary_display_esd_check_enable	32	static
primary_display.c:6208:5:primary_display_ipoh_restore	32	static
primary_display.c:3279:14:_need_wait_esd_eof	16	static
primary_display.c:1873:13:_cmdq_start_trigger_loop	16	static
primary_display.c:6119:5:primary_display_resume_ovl2mem	48	static
primary_display.c:6227:5:primary_display_ipoh_recover	48	static
primary_display.c:3858:5:primary_display_esd_recovery	48	static
primary_display.c:4284:6:primary_display_sodi_rule_init	16	static
primary_display.c:4250:13:_WDMA0_INTERNAL_IRQ_Handler	16	static
primary_display.c:4331:5:primary_display_change_lcm_resolution	64	static
primary_display.c:1931:13:_cmdq_set_config_handle_dirty_mira	32	static
primary_display.c:4694:12:decouple_fence_release_kthread	144	static
primary_display.c:4890:5:primary_display_capture_framebuffer_wdma	160	static
primary_display.c:5110:5:primary_display_init	144	static
primary_display.c:2094:12:_DL_switch_to_DC_fast	192	static
primary_display.c:2227:12:_DC_switch_to_DL_fast	608	static
primary_display.c:7253:5:primary_display_switch_mode	96	static
primary_display.c:7382:5:primary_display_switch_mode_nolock	80	static
primary_display.c:463:5:primary_display_save_power_for_idle	80	static
primary_display.c:608:6:_disp_primary_path_exit_idle	48	static
primary_display.c:892:5:primary_display_set_secondary_display	16	static
primary_display.c:651:12:_disp_primary_path_idle_detect_thread	144	static
primary_display.c:627:6:disp_exit_idle_ex	32	static
primary_display.c:4128:12:_disp_primary_path_check_trigger	64	static
primary_display.c:7143:5:primary_display_user_cmd	64	static
primary_display.c:1158:5:primary_display_get_debug_state	112	static
primary_display.c:1427:5:_should_wait_path_idle	16	static
primary_display.c:7080:5:primary_display_config_interface_input	64	static
primary_display.c:1446:5:_should_update_lcm	16	static
primary_display.c:1466:5:_should_start_path	16	static
primary_display.c:1487:5:_should_trigger_path	16	static
primary_display.c:1509:5:_should_set_cmdq_dirty	32	static
primary_display.c:1528:5:_should_flush_cmdq_config_handle	32	static
primary_display.c:1543:5:_should_reset_cmdq_config_handle	32	static
primary_display.c:6599:5:primary_display_mem_out_trigger	48	static
primary_display.c:1562:5:_should_insert_wait_frame_done_token	32	static
primary_display.c:3065:5:_trigger_display_interface	80	static
primary_display.c:5887:5:primary_display_resume	48	static
primary_display.c:5584:5:primary_display_wait_for_vsync	48	static
primary_display.c:7691:5:primary_display_is_decouple_mode	16	static
primary_display.c:7696:5:primary_display_is_mirror_mode	16	static
primary_display.c:7701:5:primary_display_is_ovl1to2_handle	32	static
primary_display.c:7709:5:primary_display_diagnose	16	static
primary_display.c:4197:14:cmdqDdpDumpInfo	32	static
primary_display.c:7723:13:primary_display_cmdq_enabled	0	static
primary_display.c:7728:5:primary_display_switch_cmdq_cpu	32	static
primary_display.c:7740:5:primary_display_manual_lock	16	static
primary_display.c:878:5:primary_display_switch_mmsys_clk	64	static
primary_display.c:7746:5:primary_display_manual_unlock	16	static
primary_display.c:7752:6:primary_display_reset	16	static
primary_display.c:7757:14:primary_display_get_fps	32	static
primary_display.c:7768:5:primary_display_force_set_vsync_fps	48	static
primary_display.c:7790:5:primary_display_insert_session_buf	80	static
primary_display.c:7804:5:primary_display_enable_path_cg	48	static
primary_display.c:7908:5:_set_backlight_by_cmdq	64	static
primary_display.c:7947:5:_set_backlight_by_cpu	48	static
primary_display.c:7996:5:primary_display_setbacklight	64	static
primary_display.c:8074:5:primary_display_set_cmd	80	static
primary_display.c:8141:10:DISP_GetActiveHeight	16	static
primary_display.c:8156:10:DISP_GetActiveWidth	16	static
primary_display.c:7571:5:primary_display_get_info	32	static
primary_display.c:8170:13:DISP_GetLcmPara	16	static
primary_display.c:8183:13:DISP_GetLcmDrv	16	static
primary_display.c:8197:5:primary_display_capture_framebuffer_decouple	112	static
primary_display.c:8280:5:primary_display_capture_framebuffer_ovl	112	static
primary_display.c:8496:10:DISP_GetPanelBPP	0	static
primary_display.c:8529:10:DISP_GetScreenBpp	0	static
primary_display.c:8534:10:DISP_GetPages	0	static
primary_display.c:8539:10:DISP_GetFBRamSize	32	static
primary_display.c:8546:10:DISP_GetVRamSize	0	static
primary_display.c:8580:10:DISP_GetVRamSizeBoot	16	static
primary_display.c:8619:5:disp_hal_allocate_framebuffer	64	static
primary_display.c:8664:5:primary_display_remap_irq_event_map	0	static
primary_display.c:8669:14:primary_display_get_option	32	static
primary_display.c:5547:5:primary_display_release_fence_fake	48	static
primary_display.c:3532:5:primary_display_esd_check	112	static
primary_display.c:3769:12:primary_display_esd_check_worker_kthread	128	static
primary_display.c:4563:12:_ovl_fence_release_callback	352	static
primary_display.c:6391:5:primary_display_trigger	96	static
primary_display.c:4764:12:_olv_wdma_fence_release_callback	32	static
primary_display.c:4529:12:_ovl_ext_fence_release_callback	80	static
primary_display.c:6525:5:primary_display_memory_trigger	32	static
primary_display.c:7039:5:primary_display_config_input_multiple	176	static
primary_display.c:6323:5:primary_display_merge_session_cmd	96	static
primary_display.c:8455:5:primary_display_capture_framebuffer	128	static
primary_display.c:8691:5:primary_display_get_debug_info	0	static
primary_display.c:8715:5:primary_display_check_path	0	static
primary_display.c:8845:5:primary_display_lcm_ATA	48	static
primary_display.c:8874:5:fbconfig_get_esd_check_test	64	static
primary_display.c:8915:5:Panel_Master_dsi_config_entry	80	static
primary_display.c:8998:5:primary_display_switch_dst_mode	16	static
primary_display.c:9079:6:primary_display_reset_ovl_by_cmdq	32	static
primary_display.c:9131:5:primary_display_te_test	64	static
primary_display.c:9280:5:primary_display_roi_test	48	static
primary_display.c:9307:5:primary_display_resolution_test	144	static
primary_display.c:9407:5:primary_display_check_test	48	static
primary_display.c:9486:5:display_vsync_switch_to_dsi	32	static
primary_display.c:9510:5:display_enter_tui	64	static
primary_display.c:9553:5:display_exit_tui	32	static
primary_display.c:9609:5:display_freeze_mode	64	static
primary_display.c:5709:5:primary_display_suspend	64	static
