timer.c:133:26:snd_timer_find	0	static
timer.c:379:15:snd_timer_resolution	16	static
timer.c:621:13:snd_timer_reschedule	0	static
timer.c:1362:13:snd_timer_user_copy_id	0	static
timer.c:1983:21:snd_timer_user_poll	32	static
timer.c:1070:13:snd_timer_free_system	16	static
timer.c:102:35:snd_timer_instance_new	48	static
timer.c:847:12:snd_timer_free	48	static
timer.c:872:12:snd_timer_dev_free	16	static
timer.c:991:5:snd_timer_global_free	16	static
timer.c:235:5:snd_timer_open	96	static
timer.c:878:12:snd_timer_dev_register	48	static
timer.c:393:13:snd_timer_notify1	64	static
timer.c:477:12:snd_timer_start_slave	64	static
timer.c:425:12:snd_timer_start1	80	static
timer.c:545:12:snd_timer_stop_slave	64	static
timer.c:501:12:snd_timer_stop1	64	static
timer.c:652:13:snd_timer_tasklet	80	static
timer.c:800:5:snd_timer_new	64	static
timer.c:979:5:snd_timer_global_new	48	static
timer.c:923:12:snd_timer_dev_disconnect	64	static
timer.c:996:5:snd_timer_global_register	64	static
timer.c:1180:13:snd_timer_user_interrupt	48	static
timer.c:1905:12:snd_timer_user_fasync	16	static
timer_compat.c:35:12:snd_timer_user_info_compat	256	static
timer.c:1913:16:snd_timer_user_read	176	static
timer.c:1045:12:snd_timer_s_stop	32	static
timer.c:1026:12:snd_timer_s_start	16	static
timer.c:2024:19:alsa_timer_init	64	static
timer.c:1104:13:snd_timer_proc_read	96	static
timer.c:570:5:snd_timer_start	16	static
timer.c:596:5:snd_timer_continue	16	static
timer.c:585:5:snd_timer_stop	16	static
timer.c:311:5:snd_timer_close	64	static
timer.c:1335:12:snd_timer_user_release	32	static
timer.c:607:5:snd_timer_pause	16	static
timer.c:692:6:snd_timer_interrupt	96	static
timer.c:1016:13:snd_timer_s_function	16	static
timer.c:944:6:snd_timer_notify	96	static
timer.c:1212:13:snd_timer_user_append_to_tqueue	0	static
timer.c:1224:13:snd_timer_user_ccallback	80	static
timer.c:1249:13:snd_timer_user_tinterrupt	112	static
timer.c:1308:12:snd_timer_user_open	48	static
timer.c:1893:13:snd_timer_user_ioctl	208	static
timer_compat.c:109:13:snd_timer_user_ioctl_compat	144	static
timer.c:1167:20:snd_timer_proc_done	16	static
timer.c:2042:20:alsa_timer_exit	32	static
