wmt_plat_alps.c:227:13:wmt_plat_func_ctrl	16	static
wmt_plat_alps.c:233:13:wmt_plat_thermal_ctrl	16	static
wmt_plat_alps.c:243:14:wmt_plat_deep_idle_ctrl	16	static
wmt_plat_alps.c:278:6:wmt_plat_irq_cb_reg	0	static
wmt_plat_alps.c:284:6:wmt_plat_aif_cb_reg	0	static
wmt_plat_alps.c:290:6:wmt_plat_func_ctrl_cb_reg	0	static
wmt_plat_alps.c:296:6:wmt_plat_thermal_ctrl_cb_reg	0	static
wmt_plat_alps.c:302:6:wmt_plat_deep_idle_ctrl_cb_reg	0	static
wmt_plat_alps.c:576:7:wmt_plat_bgf_eint_ctrl	0	static
wmt_plat_alps.c:620:14:wmt_plat_gps_sync_ctrl	0	static
wmt_plat_alps.c:771:7:wmt_plat_i2s_ctrl	0	static
wmt_plat_alps.c:904:24:wmt_plat_get_emi_phy_add	0	static
wmt_plat_alps.c:932:8:wmt_plat_read_cpupcr	0	static
wmt_plat_alps.c:359:7:wmt_plat_deinit	32	static
wmt_plat_alps.c:473:7:wmt_plat_eirq_ctrl	64	static
wmt_plat_alps.c:267:13:wmt_plat_bgf_irq_isr	16	static
wmt_plat_alps.c:688:14:wmt_plat_gps_lna_ctrl	48	static
wmt_plat_alps.c:819:7:wmt_plat_wake_lock_ctrl	64	static
wmt_plat_alps.c:898:8:wmt_plat_get_emi_virt_add	16	static
wmt_plat_alps.c:911:8:wmt_plat_jtag_flag_ctrl	16	static
wmt_plat_alps.c:975:8:wmt_plat_force_trigger_assert	32	static
wmt_plat_alps.c:1049:8:wmt_plat_get_soc_chipid	32	static
wmt_plat_alps.c:561:7:wmt_plat_gpio_ctrl	32	static
wmt_plat_alps.c:171:7:wmt_plat_audio_ctrl	48	static
wmt_plat_alps.c:1059:7:wmt_plat_get_tdm_antsel_index	16	static
wmt_plat_alps.c:443:7:wmt_plat_pwr_ctrl	32	static
wmt_plat_alps.c:874:7:wmt_plat_soc_paldo_ctrl	32	static
wmt_plat_alps.c:959:7:wmt_plat_set_host_dump_state	32	static
wmt_plat_alps.c:1016:7:wmt_plat_update_host_sync_num	16	static
wmt_plat_alps.c:1034:7:wmt_plat_get_dump_info	48	static
wmt_plat_alps.c:308:8:wmt_plat_soc_co_clock_flag_get	0	static
wmt_plat_alps.c:319:7:wmt_plat_soc_init	112	static
wmt_plat_alps.c:938:8:wmt_plat_read_dmaregs	0	static
wmt_plat_alps.c:1066:7:wmt_plat_set_dbg_mode	16	static
wmt_plat_alps.c:1070:6:wmt_plat_set_dynamic_dumpmem	16	static
