mtk_wcn_consys_hw.c:333:14:mtk_wmt_remove	0	static
mtk_wcn_consys_hw.c:1106:5:reserve_memory_consys_fn	32	static
mtk_wcn_consys_hw.c:287:14:mtk_wmt_probe	48	static
mtk_wcn_consys_hw.c:278:8:mtk_wcn_consys_jtag_flag_ctrl	32	static
mtk_wcn_consys_hw.c:338:7:mtk_wcn_consys_hw_reg_ctrl	80	static
mtk_wcn_consys_hw.c:784:7:mtk_wcn_consys_hw_gpio_ctrl	48	static
mtk_wcn_consys_hw.c:824:7:mtk_wcn_consys_hw_pwr_on	32	static
mtk_wcn_consys_hw.c:844:7:mtk_wcn_consys_hw_pwr_off	48	static
mtk_wcn_consys_hw.c:857:7:mtk_wcn_consys_hw_rst	48	static
mtk_wcn_consys_hw.c:924:7:mtk_wcn_consys_hw_bt_paldo_ctrl	32	static
mtk_wcn_consys_hw.c:964:7:mtk_wcn_consys_hw_wifi_paldo_ctrl	32	static
mtk_wcn_consys_hw.c:1004:7:mtk_wcn_consys_hw_vcn28_ctrl	32	static
mtk_wcn_consys_hw.c:1035:7:mtk_wcn_consys_hw_state_show	0	static
mtk_wcn_consys_hw.c:1040:7:mtk_wcn_consys_hw_restore	48	static
mtk_wcn_consys_hw.c:1117:7:mtk_wcn_consys_hw_init	48	static
mtk_wcn_consys_hw.c:1213:7:mtk_wcn_consys_hw_deinit	32	static
mtk_wcn_consys_hw.c:1227:8:mtk_wcn_consys_emi_virt_addr_get	48	static
mtk_wcn_consys_hw.c:1241:8:mtk_wcn_consys_soc_chipid	0	static
mtk_wcn_consys_hw.c:1247:17:mtk_wcn_consys_get_pinctrl	0	static
mtk_wcn_consys_hw.c:1252:7:mtk_wcn_consys_set_dbg_mode	32	static
mtk_wcn_consys_hw.c:1271:7:mtk_wcn_consys_set_dynamic_dump	32	static
