mtkfb.c:342:5:mtkfb_get_backlight_pwm	0	static
mtkfb.c:835:12:mtkfb_soft_cursor	0	static
mtkfb.c:2074:13:_mtkfb_draw_block	0	static
mtkfb.c:276:5:mtkfb_set_backlight_level	48	static
mtkfb.c:286:5:mtkfb_set_backlight_mode	64	static
mtkfb.c:315:5:mtkfb_set_backlight_pwm	64	static
mtkfb.c:2465:6:mtkfb_is_suspend	16	static
mtkfb.c:615:12:mtkfb_check_var	80	static
mtkfb.c:2454:12:mtkfb_suspend	16	static
mtkfb.c:2602:5:mtkfb_pm_freeze	16	static
mtkfb.c:2608:5:mtkfb_pm_restore_noirq	32	static
mtkfb.c:1776:13:mtkfb_free_resources	64	static
mtkfb.c:2438:12:mtkfb_remove	16	static
mtkfb.c:1584:12:mtkfb_blank	32	static
mtkfb.c:2730:20:mtkfb_cleanup	16	static
mtkfb.c:2545:12:mtkfb_resume	16	static
mtkfb.c:219:12:mtkfb_release	32	static
mtkfb.c:206:12:mtkfb_open	32	static
mtkfb.c:366:12:_convert_fb_layer_to_disp_input	64	static
mtkfb.c:749:12:mtkfb_set_par	208	static
mtkfb.c:1653:12:mtkfb_fbinfo_init	224	static
mtkfb.c:349:6:mtkfb_waitVsync	32	static
mtkfb.c:1833:12:fb_early_init_dt_get_chosen	48	static
mtkfb.c:2592:5:mtkfb_pm_resume	16	static
mtkfb.c:235:12:mtkfb_setcolreg	32	static
mtkfb.c:481:12:mtkfb_pan_display_impl	64	static
mtkfb.c:1572:12:mtkfb_pan_display_proxy	16	static
mtkfb.c:2471:5:mtkfb_ipoh_restore	32	static
mtkfb.c:2582:5:mtkfb_pm_suspend	16	static
mtkfb.c:2495:13:mtkfb_shutdown	16	static
mtkfb.c:126:6:mtkfb_log_enable	16	static
mtkfb.c:848:6:mtkfb_dump_layer_info	0	static
mtkfb.c:1732:6:DISP_memset_io	0	static
mtkfb.c:1811:6:disp_get_fb_address	0	static
mtkfb.c:1929:5:_parse_tag_videolfb	112	static
mtkfb.c:1962:13:mtkfb_get_fb_base	16	static
mtkfb.c:1969:8:mtkfb_get_fb_size	16	static
mtkfb.c:1977:7:mtkfb_find_lcm_driver	32	static
mtkfb.c:2236:12:mtkfb_probe	144	static
mtkfb.c:2013:14:mtkfb_fm_auto_test	208	static
mtkfb.c:853:12:mtkfb_ioctl	240	static
mtkfb.c:1319:12:mtkfb_compat_ioctl	224	static
mtkfb.c:2150:5:pan_display_test	112	static
mtkfb.c:2487:5:mtkfb_ipo_init	16	static
mtkfb.c:2703:12:mtkfb_init	16	static
mtkfb.c:2512:6:mtkfb_clear_lcm	0	static
mtkfb.c:2671:5:mtkfb_get_debug_state	112	static
