mt_dramc.c:123:6:mt_dramfreq_setfreq_registerCB	0	static
mt_dramc.c:135:12:check_dramc_base_addr	0	static
mt_dramc.c:151:7:mt_dramc_base_get	0	static
mt_dramc.c:157:7:mt_dramc_nao_base_get	0	static
mt_dramc.c:163:7:mt_ddrphy_base_get	0	static
mt_dramc.c:1503:16:complex_mem_test_store	0	static
mt_dramc.c:1523:16:DFS_APDMA_TEST_store	0	static
mt_dramc.c:1549:16:read_dram_data_rate_store	0	static
mt_dramc.c:1596:12:dram_remove	0	static
mt_dramc.c:1442:5:dram_dummy_read_reserve_mem_of_init	48	static
mt_dramc.c:1747:20:dram_test_exit	16	static
mt_dramc.c:1579:12:dram_probe	32	static
mt_dramc.c:129:6:mt_dramfreq_setfreq_notify	16	static
mt_dramc.c:170:6:pmic_voltage_read	32	static
mt_dramc.c:186:6:pmic_Vcore_adjust	16	static
mt_dramc.c:218:6:pmic_Vmem_adjust	16	static
mt_dramc.c:236:6:pmic_Vmem_Cal_adjust	16	static
mt_dramc.c:255:6:pmic_HQA_NoSSC_Voltage_adjust	16	static
mt_dramc.c:297:6:pmic_HQA_Voltage_adjust	16	static
mt_dramc.c:461:5:Binning_DRAM_complex_mem_test	32	static
mt_dramc.c:1492:16:complex_mem_test_show	32	static
mt_dramc.c:831:14:ucDram_Register_Read	32	static
mt_dramc.c:95:5:get_ddr_type	16	static
mt_dramc.c:846:6:ucDram_Register_Write	32	static
mt_dramc.c:1241:19:dt_scan_dram_info	64	static
mt_dramc.c:859:14:dram_support_1600_freq	32	static
mt_dramc.c:877:5:dram_fh_steps_freq	32	static
mt_dramc.c:957:5:dram_can_support_fh	16	static
mt_dramc.c:1204:16:freq_hopping_test_show	32	static
mt_dramc.c:978:5:dram_do_dfs_by_fh	48	static
mt_dramc.c:1217:16:freq_hopping_test_store	48	static
mt_dramc.c:1066:6:pasr_is_valid	16	static
mt_dramc.c:1086:14:Round_Operation	0	static
mt_dramc.c:1101:5:get_dram_data_rate	64	static
mt_dramc.c:1544:16:read_dram_data_rate_show	32	static
mt_dramc.c:1673:19:dram_test_init	48	static
mt_dramc.c:1153:14:DRAM_MRR	32	static
mt_dramc.c:1175:14:read_dram_temperature	16	static
mt_dramc.c:1295:5:DFS_APDMA_early_init	32	static
mt_dramc.c:1317:5:DFS_APDMA_Init	0	static
mt_dramc.c:1323:5:DFS_APDMA_Enable	16	static
mt_dramc.c:1392:5:DFS_APDMA_END	0	static
mt_dramc.c:1399:6:DFS_APDMA_dummy_read_preinit	16	static
mt_dramc.c:1404:6:DFS_APDMA_dummy_read_deinit	0	static
mt_dramc.c:1408:6:dma_dummy_read_for_vcorefs	48	static
mt_dramc.c:1510:16:DFS_APDMA_TEST_show	32	static
mt_dramc.c:1476:14:is_one_pll_mode	0	static
