bma4xy.c:152:20:bma4xy_init	48	static
bma4xy.c:235:20:bma4xy_get_config_stream_header	80	static
bma4xy.c:279:21:bma4xy_dma_write	48	static
bma4xy.c:315:20:bma4xy_write_reg	16	static
bma4xy.c:344:20:bma4xy_read_reg	48	static
bma4xy.c:181:20:bma4xy_config_stream_data	80	static
bma4xy.c:375:20:bma4xy_get_error_status	48	static
bma4xy.c:427:20:bma4xy_get_status	48	static
bma4xy.c:478:20:bma4xy_read_accel_xyz	48	static
bma4xy.c:533:20:bma4xy_get_sensor_time	48	static
bma4xy.c:579:20:bma4xy_get_temperature	48	static
bma4xy.c:618:20:bma4xy_read_interrupt_status	48	static
bma4xy.c:659:20:bma4xy_get_accel_conf	48	static
bma4xy.c:724:20:bma4xy_get_accel_output_data_rate	48	static
bma4xy.c:1041:20:bma4xy_get_accel_bw	48	static
bma4xy.c:1105:20:bma4xy_set_accel_bw	48	static
bma4xy.c:1154:20:bma4xy_get_accel_under_sampling_parameter	48	static
bma4xy.c:1195:20:bma4xy_set_accel_under_sampling_parameter	48	static
bma4xy.c:808:20:bma4xy_set_accel_output_data_rate	64	static
bma4xy.c:1248:20:bma4xy_get_accel_range	48	static
bma4xy.c:1288:20:bma4xy_set_accel_range	48	static
bma4xy.c:1335:20:bma4xy_set_advance_power_save	48	static
bma4xy.c:1375:20:bma4xy_get_advance_power_save	48	static
bma4xy.c:1410:20:bma4xy_set_fifo_self_wakeup	48	static
bma4xy.c:1452:20:bma4xy_get_fifo_self_wakeup	48	static
bma4xy.c:1485:20:bma4xy_set_accel_enable	48	static
bma4xy.c:1525:20:bma4xy_set_mag_enable	48	static
bma4xy.c:1568:20:bma4xy_get_mag_enable	48	static
bma4xy.c:1604:20:bma4xy_get_accel_enable	48	static
bma4xy.c:1650:20:bma4xy_get_interrupt_output	48	static
bma4xy.c:1717:20:bma4xy_set_interrupt_output	64	static
bma4xy.c:1798:20:bma4xy_get_interrupt_level	48	static
bma4xy.c:1867:20:bma4xy_set_interrupt_level	64	static
bma4xy.c:1948:20:bma4xy_set_interrupt_trigger	64	static
bma4xy.c:2028:20:bma4xy_get_interrupt_trigger	48	static
bma4xy.c:2096:20:bma4xy_set_output_enable	64	static
bma4xy.c:2178:20:bma4xy_get_output_enable	48	static
bma4xy.c:2250:20:bma4xy_get_input_enable	48	static
bma4xy.c:2315:20:bma4xy_set_input_enable	64	static
bma4xy.c:2396:20:bma4xy_get_intr_data_rdy	48	static
bma4xy.c:2460:20:bma4xy_set_intr_data_rdy	48	static
bma4xy.c:2562:20:bma4xy_set_uc_config	64	static
bma4xy.c:2648:20:bma4xy_get_uc_config	48	static
bma4xy.c:2702:20:bma4xy_get_spi3	48	static
bma4xy.c:2742:20:bma4xy_set_spi3	48	static
bma4xy.c:2792:20:bma4xy_get_target_page	48	static
bma4xy.c:2829:20:bma4xy_set_target_page	48	static
bma4xy.c:2881:20:bma4xy_get_paging_enable	48	static
bma4xy.c:2918:20:bma4xy_set_paging_enable	48	static
bma4xy.c:2972:20:bma4xy_set_command_register	32	static
bma4xy.c:3003:20:bma4xy_set_pullup_configuration	48	static
bma4xy.c:3044:20:bma4xy_set_i2c_device_addr	48	static
bma4xy.c:3094:20:bma4xy_set_mag_manual_enable	64	static
bma4xy.c:3149:20:bma4xy_set_aux_if_mode	48	static
bma4xy.c:3193:20:bma4xy_get_mag_read_addr	48	static
bma4xy.c:3228:20:bma4xy_set_mag_read_addr	32	static
bma4xy.c:3259:20:bma4xy_get_mag_write_addr	48	static
bma4xy.c:3295:20:bma4xy_set_mag_write_addr	32	static
bma4xy.c:3329:20:bma4xy_get_mag_write_data	48	static
bma4xy.c:3363:20:bma4xy_set_mag_write_data	32	static
bma4xy.c:3409:20:bma4xy_set_mag_output_data_rate	48	static
bma4xy.c:3464:20:bma4xy_set_mag_offset	48	static
bma4xy.c:3523:20:bma4xy_read_bmm150_mag_trim	80	static
bma4xy.c:3750:20:bma4xy_read_mag_xyzr	48	static
bma4xy.c:3839:20:bma4xy_set_mag_burst	48	static
bma4xy.c:3881:20:bma4xy_get_mag_burst	48	static
bma4xy.c:3940:20:bma4xy_set_bmm150_mag_presetmode	48	static
bma4xy.c:4091:20:bma4xy_get_mag_manual_enable	48	static
bma4xy.c:4191:5:bma4xy_bmm150_mag_compensate_X	0	static
bma4xy.c:4235:5:bma4xy_bmm150_mag_compensate_Y	0	static
bma4xy.c:4285:5:bma4xy_bmm150_mag_compensate_Z	0	static
bma4xy.c:4138:20:bma4xy_bmm150_mag_compensate_xyz	64	static
bma4xy.c:4160:20:bma4xy_bmm150_mag_compensate_xyz_raw	48	static
bma4xy.c:4318:20:bma4xy_bmm150_mag_interface_init	64	static
bma4xy.c:4479:20:bma4xy_set_intr_fifo_wm	64	static
bma4xy.c:4555:20:bma4xy_get_intr_fifo_full	48	static
bma4xy.c:4619:20:bma4xy_set_intr_fifo_full	64	static
bma4xy.c:4701:20:bma4xy_get_intr_fifo_wm	48	static
bma4xy.c:5507:20:bma4xy_get_stat1_fifo_wm_intr	48	static
bma4xy.c:5549:20:bma4xy_get_stat1_fifo_full_intr	48	static
bma4xy.c:5584:20:bma4xy_read_fifo_data	16	static
bma4xy.c:5616:20:bma4xy_set_fifo_accel_enable	48	static
bma4xy.c:5666:20:bma4xy_get_fifo_accel_enable	48	static
bma4xy.c:5703:20:bma4xy_set_fifo_mag_enable	48	static
bma4xy.c:5755:20:bma4xy_get_fifo_mag_enable	48	static
bma4xy.c:5791:20:bma4xy_set_fifo_header_enable	48	static
bma4xy.c:5844:20:bma4xy_get_fifo_header_enable	48	static
bma4xy.c:5884:20:bma4xy_get_fifo_tag_intr1_enable	48	static
bma4xy.c:5922:20:bma4xy_set_fifo_tag_intr1_enable	64	static
bma4xy.c:5977:20:bma4xy_get_fifo_tag_intr2_enable	48	static
bma4xy.c:6015:20:bma4xy_set_fifo_tag_intr2_enable	64	static
bma4xy.c:6072:20:bma4xy_get_fifo_stop_on_full	48	static
bma4xy.c:6107:20:bma4xy_set_fifo_stop_on_full	48	static
bma4xy.c:6158:20:bma4xy_get_fifo_time_enable	48	static
bma4xy.c:6196:20:bma4xy_set_fifo_time_enable	48	static
bma4xy.c:6243:20:bma4xy_get_fifo_wm	48	static
bma4xy.c:6280:20:bma4xy_set_fifo_wm	32	static
bma4xy.c:6316:20:bma4xy_get_accel_fifo_filter_data	48	static
bma4xy.c:6355:20:bma4xy_set_accel_fifo_filter_data	48	static
bma4xy.c:6404:20:bma4xy_get_fifo_down_accel	48	static
bma4xy.c:6439:20:bma4xy_set_fifo_down_accel	48	static
bma4xy.c:6482:20:bma4xy_fifo_length	48	static
bma4xy.c:6536:20:bma4xy_second_if_mag_compensate_xyz	48	static
bma4xy.c:6617:20:bma4xy_switch_page	48	static
bma4xy.c:6650:20:bma4xy_enable_sec_interface	48	static
bma4xy.c:6830:20:bma4xy_bst_akm_set_powermode	48	static
bma4xy.c:6992:20:bma4xy_read_mag_xyz	48	static
bma4xy.c:7093:20:bma4xy_get_if_mode	48	static
bma4xy.c:7131:20:bma4xy_get_pullup_configuration	48	static
bma4xy.c:7171:20:bma4xy_set_if_mode	48	static
bma4xy.c:6700:20:bma4xy_bst_akm_mag_interface_init	80	static
bma4xy.c:7270:20:bma4xy_get_mag_power_mode_stat	48	static
bma4xy.c:7215:20:bma4xy_set_mag_interface_normal	64	static
bma4xy.c:6904:20:bma4xy_set_bst_akm_and_secondary_if_powermode	48	static
bma4xy.c:7328:20:bma4xy_get_mag_output_data_rate	48	static
bma4xy.c:7367:20:bma4xy_get_mag_offset	48	static
bma4xy.c:7406:20:bma4xy_get_accel_data_rdy	48	static
bma4xy.c:7443:20:bma4xy_get_mag_data_rdy	48	static
bma4xy.c:7662:20:bma4xy_bmm150_mag_wakeup	64	static
bma4xy.c:7498:20:bma4xy_bmm150_mag_set_power_mode	48	static
bma4xy.c:7598:20:bma4xy_set_bmm150_mag_and_secondary_if_power_mode	48	static
bma4xy.c:7710:20:bma4xy_get_i2c_device_addr	48	static
bma4xy.c:7747:20:bma4xy_get_uc_status	48	static
bma4xy.c:7790:20:bma4xy_set_offset_comp	48	static
bma4xy.c:7836:20:bma4xy_get_offset_comp	48	static
bma4xy.c:7877:20:validate_user_input	0	static
bma4xy.c:7930:20:bma4xy_configure_accel_foc	112	static
bma4xy.c:8147:20:bma4xy_get_accel_selftest_enable	48	static
bma4xy.c:8183:20:bma4xy_set_accel_selftest_enable	48	static
bma4xy.c:8232:20:bma4xy_get_accel_selftest_sign	48	static
bma4xy.c:8268:20:bma4xy_set_accel_selftest_sign	48	static
bma4xy.c:8319:20:bma4xy_get_accel_selftest_amp	48	static
bma4xy.c:8357:20:bma4xy_set_accel_selftest_amp	48	static
bma4xy.c:8454:20:bma4xy_selftest_config	32	static
bma4xy.c:8479:20:bma4xy_set_accel_selftest_config	32	static
bma4xy.c:8506:20:bma4xy_validate_selftest	16	static
bma4xy.c:8399:20:bma4xy_perform_accel_selftest	96	static
bma4xy.c:8550:20:bma4xy_remap_axes	96	static
bma4xy.c:8612:20:bma4xy_anymotion_enable_axis	96	static
bma4xy.c:8656:20:bma4xy_anymotion_set_threshold	96	static
bma4xy.c:8706:20:bma4xy_anymotion_get_threshold	80	static
bma4xy.c:8750:20:bma4xy_anymotion_set_duration	96	static
bma4xy.c:8803:20:bma4xy_anymotion_get_duration	80	static
bma4xy.c:8849:20:bma4xy_anymotion_nomotion_selection	96	static
bma4xy.c:8895:20:bma4xy_step_counter_enable	96	static
bma4xy.c:8941:20:bma4xy_step_detector_enable	96	static
bma4xy.c:8985:20:bma4xy_step_counter_set_watermark	96	static
bma4xy.c:9038:20:bma4xy_step_counter_get_watermark	80	static
bma4xy.c:9074:20:bma4xy_reset_step_counter	80	static
bma4xy.c:9117:20:bma4xy_step_counter_output	48	static
bma4xy.c:9164:20:bma4xy_stepcounter_get_parameter	96	static
bma4xy.c:9253:20:bma4xy_stepcounter_set_parameter	96	static
bma4xy.c:9341:20:bma4xy_significant_motion_enable	96	static
bma4xy.c:9383:20:bma4xy_significant_motion_set_threshold	96	static
bma4xy.c:9425:20:bma4xy_significant_motion_get_threshold	80	static
bma4xy.c:9458:20:bma4xy_significant_motion_set_prooftime	96	static
bma4xy.c:9500:20:bma4xy_significant_motion_get_prooftime	80	static
bma4xy.c:9536:20:bma4xy_significant_motion_set_skiptime	96	static
bma4xy.c:9582:20:bma4xy_significant_motion_get_skiptime	80	static
bma4xy.c:9621:20:bma4xy_tilt_enable	96	static
bma4xy.c:9662:20:bma4xy_tilt_set_threshold	96	static
bma4xy.c:9703:20:bma4xy_tilt_get_threshold	80	static
bma4xy.c:9743:20:bma4xy_glance_enable	96	static
bma4xy.c:9789:20:bma4xy_pickup_enable	96	static
bma4xy.c:9835:20:bma4xy_wakeup_enable	96	static
bma4xy.c:11642:20:bma4xy_setup_fifo	64	static
bma4xy.c:11735:20:bma4xy_set_interrupt_mode	32	static
bma4xy.c:11770:20:bma4xy_get_interrupt_mode	48	static
bma4xy.c:11786:20:bma4xy_bst_akm09916_compensate_xyz	48	static
