bma4xy_driver.c:2753:12:bma4xy_release	0	static
bma4xy_driver.c:3227:16:store_firlen_value	0	static
bma4xy_driver.c:3572:12:gsensor_open_report_data	0	static
bma4xy_driver.c:3843:20:BMA4xy_exit	16	static
bma4xy_driver.c:2891:13:bma4xy_compat_ioctl	32	static
bma4xy_driver.c:564:12:BMA4XY_ReadCalibration	32	static
bma4xy_driver.c:1584:16:bma4xy_store_reg_val	208	static
bma4xy_driver.c:544:12:BMA4XY_ResetCalibration	0	static
bma4xy_driver.c:616:12:BMA4XY_WriteCalibration	80	static
bma4xy_driver.c:704:12:BMA4XY_SetPowerMode	48	static
bma4xy_driver.c:3829:19:BMA4xy_init	48	static
bma4xy_driver.c:3821:12:gsensor_remove	16	static
bma4xy_driver.c:2985:12:bma4xy_i2c_resume	32	static
bma4xy_driver.c:2971:12:bma4xy_i2c_suspend	32	static
bma4xy_driver.c:346:11:bma4xy_i2c_write_wrapper	128	static
bma4xy_driver.c:3221:16:show_firlen_value	16	static
bma4xy_driver.c:3771:12:bma4xy_i2c_remove	64	static
bma4xy_driver.c:1030:16:bma4xy_store_config_function	64	static
bma4xy_driver.c:3114:16:store_cali_value	80	static
bma4xy_driver.c:3065:13:read_cali_value	208	static
bma4xy_driver.c:3108:16:read_cali_value_test	32	static
bma4xy_driver.c:3580:12:gsensor_enable_nodata	48	static
bma4xy_driver.c:1554:16:bma4xy_show_reg_val	208	static
bma4xy_driver.c:1346:16:bma4xy_show_load_config_stream	16	static
bma4xy_driver.c:1667:16:bma4xy_show_avail_sensor	16	static
bma4xy_driver.c:943:16:bma4xy_show_selftest	16	static
bma4xy_driver.c:860:16:bma4xy_show_acc_value	48	static
bma4xy_driver.c:3304:16:show_chip_orientation	32	static
bma4xy_driver.c:1698:16:bma4xy_store_sig_motion_threadhold	48	static
bma4xy_driver.c:1728:16:bma4xy_store_sig_motion_skiptime	48	static
bma4xy_driver.c:825:16:bma4xy_store_acc_op_mode	64	static
bma4xy_driver.c:1939:16:bma4xy_store_anymotion_nomotion_sel	48	static
bma4xy_driver.c:1923:16:bma4xy_store_anymotion_duration	48	static
bma4xy_driver.c:1911:16:bma4xy_show_anymotion_duration	64	static
bma4xy_driver.c:1895:16:bma4xy_store_anymotion_threshold	48	static
bma4xy_driver.c:1883:16:bma4xy_show_anymotion_threshold	64	static
bma4xy_driver.c:1789:16:bma4xy_store_tilt_threshold	48	static
bma4xy_driver.c:1777:16:bma4xy_show_tilt_threshold	64	static
bma4xy_driver.c:1861:16:bma4xy_store_step_counter_reset	64	static
bma4xy_driver.c:1845:16:bma4xy_store_step_counter_watermark	48	static
bma4xy_driver.c:1834:16:bma4xy_show_step_counter_watermark	64	static
bma4xy_driver.c:1807:16:bma4xy_show_step_counter_val	64	static
bma4xy_driver.c:1758:16:bma4xy_store_sig_motion_prooftime	48	static
bma4xy_driver.c:1745:16:bma4xy_show_sig_motion_prooftime	64	static
bma4xy_driver.c:1715:16:bma4xy_show_sig_motion_skiptime	64	static
bma4xy_driver.c:1685:16:bma4xy_show_sig_motion_threadhold	64	static
bma4xy_driver.c:1655:16:bma4xy_show_config_stream_version	48	static
bma4xy_driver.c:1316:16:bma4xy_store_int_mapping	48	static
bma4xy_driver.c:1198:16:bma4xy_show_fifo_length	64	static
bma4xy_driver.c:978:16:bma4xy_store_foc	48	static
bma4xy_driver.c:951:16:bma4xy_store_selftest	48	static
bma4xy_driver.c:1225:16:bma4xy_show_fifo_acc_enable	64	static
bma4xy_driver.c:900:16:bma4xy_show_acc_odr	64	static
bma4xy_driver.c:871:16:bma4xy_show_acc_range	64	static
bma4xy_driver.c:813:16:bma4xy_show_acc_op_mode	64	static
bma4xy_driver.c:3287:16:show_power_status_value	48	static
bma4xy_driver.c:3315:16:store_chip_orientation	64	static
bma4xy_driver.c:2580:13:bma4xy_delay_sigmo_work_func	32	static
bma4xy_driver.c:2602:20:bma4xy_irq_handle	32	static
bma4xy_driver.c:916:16:bma4xy_store_acc_odr	48	static
bma4xy_driver.c:3025:16:show_cali_value	96	static
bma4xy_driver.c:1174:16:bma4xy_store_axis_remapping	48	static
bma4xy_driver.c:762:13:bma4xy_i2c_delay.part.10	16	static
bma4xy_driver.c:762:13:bma4xy_i2c_delay	16	static
bma4xy_driver.c:1210:16:bma4xy_store_fifo_flush	48	static
bma4xy_driver.c:1237:16:bma4xy_store_fifo_acc_enable	64	static
bma4xy_driver.c:2742:12:bma4xy_open	16	static
bma4xy_driver.c:215:12:bma4xy_i2c_read	96	static
bma4xy_driver.c:286:11:bma4xy_i2c_read_wrapper	144	static
bma4xy_driver.c:1257:16:bma4xy_show_int_enable	64	static
bma4xy_driver.c:1293:16:bma4xy_show_int_mapping	64	static
bma4xy_driver.c:794:16:bma4xy_show_chip_id	64	static
bma4xy_driver.c:742:12:BMA4XY_SetBWRate	48	static
bma4xy_driver.c:3610:12:gsensor_set_delay	32	static
bma4xy_driver.c:883:16:bma4xy_store_acc_range	48	static
bma4xy_driver.c:966:16:bma4xy_show_foc	16	static
bma4xy_driver.c:461:12:BMA4XY_ReadSensorData.isra.19	96	static
bma4xy_driver.c:3141:16:show_do_calibration	368	static
bma4xy_driver.c:3638:12:gsensor_get_data	320	static
bma4xy_driver.c:1535:16:bma4xy_store_reg_sel	32	static
bma4xy_driver.c:1006:16:bma4xy_show_config_function	80	static
bma4xy_driver.c:1523:16:bma4xy_show_reg_sel	16	static
bma4xy_driver.c:1641:16:bma4xy_show_driver_version	16	static
bma4xy_driver.c:3266:16:show_status_value	16	static
bma4xy_driver.c:3232:16:show_trace_value	16	static
bma4xy_driver.c:3012:16:show_sensordata_value.part.26	16	static
bma4xy_driver.c:3012:16:show_sensordata_value	288	static
bma4xy_driver.c:2998:16:show_chipinfo_value.part.27	16	static
bma4xy_driver.c:1274:16:bma4xy_store_int_enable	48	static
bma4xy_driver.c:1495:16:bma4xy_show_fifo_data_out_frame	64	static
bma4xy_driver.c:3247:16:store_trace_value	64	static
bma4xy_driver.c:3809:12:gsensor_local_init	32	static
bma4xy_driver.c:2682:12:bma4xy_init_client	112	static
bma4xy_driver.c:3656:12:bma4xy_i2c_probe	176	static
bma4xy_driver.c:2998:16:show_chipinfo_value	304	static
bma4xy_driver.c:2759:13:bma4xy_unlocked_ioctl	320	static
bma4xy_driver.c:770:10:bma4xy_get_alarm_timestamp	16	static
bma4xy_driver.c:1355:5:bma4xy_init_after_config_stream_load	64	static
bma4xy_driver.c:1395:5:bma4xy_init_fifo_config	32	static
bma4xy_driver.c:1408:5:bma4xy_update_config_stream	48	static
bma4xy_driver.c:1467:6:bma4xy_load_config_stream	32	static
bma4xy_driver.c:1445:16:bma4xy_store_load_config_stream	48	static
bma4xy_driver.c:2367:5:bma4xy_reinit_after_error_interrupt	48	static
bma4xy_driver.c:2555:13:bma4xy_irq_work_func	48	static
