systracker_interface.c:130:5:systracker_remove	16	static
systracker_interface.c:137:5:systracker_suspend	16	static
systracker_interface.c:620:16:tracker_swtrst_show	0	static
systracker_interface.c:625:16:tracker_swtrst_store	0	static
systracker_interface.c:732:16:tracker_entry_dump_store	0	static
systracker_interface.c:748:16:tracker_last_status_store	0	static
systracker_interface.c:795:20:systracker_exit	0	static
systracker_interface.c:189:13:tracker_print	48	static
systracker_interface.c:527:16:tracker_run_show	16	static
systracker_interface.c:551:16:enable_wp_show	16	static
systracker_interface.c:575:16:set_wp_address_show	16	static
systracker_interface.c:739:16:tracker_last_status_show	16	static
systracker_interface.c:165:6:save_entry	0	static
systracker_interface.c:229:13:systracker_isr	48	static
systracker_interface.c:288:5:systracker_watchpoint_enable	32	static
systracker_interface.c:305:5:systracker_watchpoint_disable	16	static
systracker_interface.c:556:16:enable_wp_store	48	static
systracker_interface.c:320:6:systracker_reset	16	static
systracker_interface.c:372:6:systracker_enable	32	static
systracker_interface.c:122:5:systracker_probe	32	static
systracker_interface.c:151:5:systracker_resume	16	static
systracker_interface.c:380:6:enable_systracker	16	static
systracker_interface.c:393:6:systracker_disable	16	static
systracker_interface.c:532:16:tracker_run_store	48	static
systracker_interface.c:401:5:systracker_hook_fault	16	static
systracker_interface.c:759:19:systracker_init	48	static
systracker_interface.c:410:5:systracker_test_init	16	static
systracker_interface.c:420:30:get_mt_systracker_drv	0	static
systracker_interface.c:425:5:tracker_dump	160	static
systracker_interface.c:605:16:tracker_entry_dump_show	32	static
systracker_interface.c:580:5:systracker_set_watchpoint_addr	16	static
systracker_interface.c:590:16:set_wp_address_store	48	static
