battery_common_fg_20.c:638:12:wireless_get_property	0	static
battery_common_fg_20.c:655:12:ac_get_property	0	static
battery_common_fg_20.c:672:12:usb_get_property	0	static
battery_common_fg_20.c:895:12:battery_set_property	0	static
battery_common_fg_20.c:959:12:battery_property_is_writeable	0	static
battery_common_fg_20.c:1989:16:store_Pump_Express	0	static
battery_common_fg_20.c:3902:12:adc_cali_open	0	static
battery_common_fg_20.c:3907:12:adc_cali_release	0	static
battery_common_fg_20.c:4892:13:battery_shutdown	0	static
battery_common_fg_20.c:5123:12:cmd_open	0	static
battery_common_fg_20.c:5553:20:battery_exit	0	static
battery_common_fg_20.c:1941:16:store_Charger_Type	32	static
battery_common_fg_20.c:1895:16:store_FG_SW_CoulombCounter	32	static
battery_common_fg_20.c:1871:16:store_FG_Battery_CurrentConsumption	32	static
battery_common_fg_20.c:1848:16:store_Charger_TopOff_Value	32	static
battery_common_fg_20.c:1826:16:store_Power_Off_Voltage	32	static
battery_common_fg_20.c:1805:16:store_Power_On_Voltage	32	static
battery_common_fg_20.c:1783:16:store_ADC_Channel_Is_Calibration	32	static
battery_common_fg_20.c:1760:16:store_ADC_Channel_13_Offset	32	static
battery_common_fg_20.c:1737:16:store_ADC_Channel_12_Offset	32	static
battery_common_fg_20.c:1714:16:store_ADC_Channel_11_Offset	32	static
battery_common_fg_20.c:1691:16:store_ADC_Channel_10_Offset	32	static
battery_common_fg_20.c:1668:16:store_ADC_Channel_9_Offset	32	static
battery_common_fg_20.c:1645:16:store_ADC_Channel_8_Offset	32	static
battery_common_fg_20.c:1622:16:store_ADC_Channel_7_Offset	32	static
battery_common_fg_20.c:1599:16:store_ADC_Channel_6_Offset	32	static
battery_common_fg_20.c:1576:16:store_ADC_Channel_5_Offset	32	static
battery_common_fg_20.c:1553:16:store_ADC_Channel_4_Offset	32	static
battery_common_fg_20.c:1530:16:store_ADC_Channel_3_Offset	32	static
battery_common_fg_20.c:1507:16:store_ADC_Channel_2_Offset	32	static
battery_common_fg_20.c:1484:16:store_ADC_Channel_1_Offset	32	static
battery_common_fg_20.c:1461:16:store_ADC_Channel_0_Offset	32	static
battery_common_fg_20.c:1437:16:store_ADC_Channel_13_Slope	32	static
battery_common_fg_20.c:1414:16:store_ADC_Channel_12_Slope	32	static
battery_common_fg_20.c:1391:16:store_ADC_Channel_11_Slope	32	static
battery_common_fg_20.c:1368:16:store_ADC_Channel_10_Slope	32	static
battery_common_fg_20.c:1346:16:store_ADC_Channel_9_Slope	32	static
battery_common_fg_20.c:1324:16:store_ADC_Channel_8_Slope	32	static
battery_common_fg_20.c:1302:16:store_ADC_Channel_7_Slope	32	static
battery_common_fg_20.c:1280:16:store_ADC_Channel_6_Slope	32	static
battery_common_fg_20.c:1258:16:store_ADC_Channel_5_Slope	32	static
battery_common_fg_20.c:1236:16:store_ADC_Channel_4_Slope	32	static
battery_common_fg_20.c:1214:16:store_ADC_Channel_3_Slope	32	static
battery_common_fg_20.c:1192:16:store_ADC_Channel_2_Slope	32	static
battery_common_fg_20.c:1170:16:store_ADC_Channel_1_Slope	32	static
battery_common_fg_20.c:1148:16:store_ADC_Channel_0_Slope	32	static
battery_common_fg_20.c:1126:16:store_ADC_Charger_Voltage	32	static
battery_common_fg_20.c:579:6:wake_up_bat3	32	static
battery_common_fg_20.c:588:16:bat_log_write	48	static
battery_common_fg_20.c:702:12:battery_get_property	32	static
battery_common_fg_20.c:5477:13:battery_init_work_callback	32	static
battery_common_fg_20.c:5408:12:mt_batteryNotify_dts_probe	32	static
battery_common_fg_20.c:5357:12:battery_dts_probe	32	static
battery_common_fg_20.c:5235:12:mt_batteryNotify_probe	48	static
battery_common_fg_20.c:5183:16:safety_timer_cmd_write	96	static
battery_common_fg_20.c:5143:16:power_path_cmd_write	96	static
battery_common_fg_20.c:4938:16:store_BN_TestMode	64	static
battery_common_fg_20.c:4914:16:store_BatteryNotify	64	static
battery_common_fg_20.c:2006:16:store_FAKE_UI_SOC	48	static
battery_common_fg_20.c:4932:16:show_BN_TestMode	48	static
battery_common_fg_20.c:4907:16:show_BatteryNotify	48	static
battery_common_fg_20.c:1998:16:show_FAKE_UI_SOC	32	static
battery_common_fg_20.c:1954:16:show_Pump_Express	32	static
battery_common_fg_20.c:1931:16:show_Charger_Type	48	static
battery_common_fg_20.c:1906:16:show_Charging_CallState	48	static
battery_common_fg_20.c:1861:16:show_FG_Battery_CurrentConsumption	48	static
battery_common_fg_20.c:1838:16:show_Charger_TopOff_Value	32	static
battery_common_fg_20.c:1817:16:show_Power_Off_Voltage	32	static
battery_common_fg_20.c:1796:16:show_Power_On_Voltage	32	static
battery_common_fg_20.c:1773:16:show_ADC_Channel_Is_Calibration	48	static
battery_common_fg_20.c:1750:16:show_ADC_Channel_13_Offset	48	static
battery_common_fg_20.c:1727:16:show_ADC_Channel_12_Offset	48	static
battery_common_fg_20.c:1704:16:show_ADC_Channel_11_Offset	48	static
battery_common_fg_20.c:1681:16:show_ADC_Channel_10_Offset	48	static
battery_common_fg_20.c:1658:16:show_ADC_Channel_9_Offset	48	static
battery_common_fg_20.c:1635:16:show_ADC_Channel_8_Offset	48	static
battery_common_fg_20.c:1612:16:show_ADC_Channel_7_Offset	48	static
battery_common_fg_20.c:1589:16:show_ADC_Channel_6_Offset	48	static
battery_common_fg_20.c:1566:16:show_ADC_Channel_5_Offset	48	static
battery_common_fg_20.c:1543:16:show_ADC_Channel_4_Offset	48	static
battery_common_fg_20.c:1520:16:show_ADC_Channel_3_Offset	48	static
battery_common_fg_20.c:1497:16:show_ADC_Channel_2_Offset	48	static
battery_common_fg_20.c:1474:16:show_ADC_Channel_1_Offset	48	static
battery_common_fg_20.c:1451:16:show_ADC_Channel_0_Offset	48	static
battery_common_fg_20.c:1427:16:show_ADC_Channel_13_Slope	48	static
battery_common_fg_20.c:1404:16:show_ADC_Channel_12_Slope	48	static
battery_common_fg_20.c:1381:16:show_ADC_Channel_11_Slope	48	static
battery_common_fg_20.c:1358:16:show_ADC_Channel_10_Slope	48	static
battery_common_fg_20.c:1336:16:show_ADC_Channel_9_Slope	48	static
battery_common_fg_20.c:1314:16:show_ADC_Channel_8_Slope	48	static
battery_common_fg_20.c:1292:16:show_ADC_Channel_7_Slope	48	static
battery_common_fg_20.c:1270:16:show_ADC_Channel_6_Slope	48	static
battery_common_fg_20.c:1248:16:show_ADC_Channel_5_Slope	48	static
battery_common_fg_20.c:1226:16:show_ADC_Channel_4_Slope	48	static
battery_common_fg_20.c:1204:16:show_ADC_Channel_3_Slope	48	static
battery_common_fg_20.c:1182:16:show_ADC_Channel_2_Slope	48	static
battery_common_fg_20.c:1160:16:show_ADC_Channel_1_Slope	48	static
battery_common_fg_20.c:1138:16:show_ADC_Channel_0_Slope	48	static
battery_common_fg_20.c:1119:16:show_ADC_Charger_Voltage	48	static
battery_common_fg_20.c:5169:16:safety_timer_cmd_read	320	static
battery_common_fg_20.c:5129:16:power_path_cmd_read	320	static
battery_common_fg_20.c:5028:12:proc_utilization_open	16	static
battery_common_fg_20.c:5092:12:proc_utilization_open_cur_stop	16	static
battery_common_fg_20.c:5016:12:proc_utilization_show	32	static
battery_common_fg_20.c:4983:16:battery_cmd_write	96	static
battery_common_fg_20.c:5039:16:current_cmd_write	96	static
battery_common_fg_20.c:4881:12:battery_remove	16	static
battery_common_fg_20.c:1885:16:show_FG_SW_CoulombCounter	48	static
battery_common_fg_20.c:2517:21:mt_battery_average_method	64	static
battery_common_fg_20.c:4320:13:__batt_parse_node	48	static
battery_common_fg_20.c:5077:12:current_cmd_read	48	static
battery_common_fg_20.c:563:6:wake_up_bat	48	static
battery_common_fg_20.c:3690:13:adc_cali_ioctl	80	static
battery_common_fg_20.c:4016:22:charger_hv_detect_sw_workaround	32	static
battery_common_fg_20.c:5321:12:battery_pm_restore_noirq	16	static
battery_common_fg_20.c:5312:12:battery_pm_restore	16	static
battery_common_fg_20.c:5303:12:battery_pm_freeze	16	static
battery_common_fg_20.c:5294:12:battery_pm_resume	16	static
battery_common_fg_20.c:5285:12:battery_pm_suspend	16	static
battery_common_fg_20.c:5496:19:battery_init	32	static
battery_common_fg_20.c:1912:16:store_Charging_CallState	32	static
battery_common_fg_20.c:5097:16:discharging_cmd_write	96	static
battery_common_fg_20.c:429:6:mt_battery_update_time	64	static
battery_common_fg_20.c:449:14:mt_battery_get_duration_time	0	static
battery_common_fg_20.c:454:17:mt_battery_get_duration_time_act	0	static
battery_common_fg_20.c:459:6:charging_suspend_enable	32	static
battery_common_fg_20.c:467:6:charging_suspend_disable	32	static
battery_common_fg_20.c:475:5:read_tbat_value	0	static
battery_common_fg_20.c:480:5:get_charger_detect_status	32	static
battery_common_fg_20.c:501:10:upmu_is_chr_det	32	static
battery_common_fg_20.c:615:5:init_proc_log	16	static
battery_common_fg_20.c:1088:6:mt_battery_set_init_vol	0	static
battery_common_fg_20.c:1095:5:battery_get_qns_current	0	static
battery_common_fg_20.c:2179:6:update_charger_info	16	static
battery_common_fg_20.c:2273:15:bat_is_kpoc	0	static
battery_common_fg_20.c:2288:10:pmic_chrdet_status	32	static
battery_common_fg_20.c:2301:10:bat_is_charger_exist	16	static
battery_common_fg_20.c:2307:10:bat_is_charging_full	0	static
battery_common_fg_20.c:2325:14:bat_get_ui_percentage	0	static
battery_common_fg_20.c:2349:5:get_bat_charging_current_level	32	static
battery_common_fg_20.c:2359:12:do_batt_temp_state_machine	32	static
battery_common_fg_20.c:2410:15:BAT_Get_Battery_Voltage	16	static
battery_common_fg_20.c:2534:6:mt_battery_GetBatteryData	224	static
battery_common_fg_20.c:3018:6:mt_battery_notify_check	64	static
battery_common_fg_20.c:3109:6:mt_battery_update_status	48	static
battery_common_fg_20.c:3660:5:bat_update_thread	96	static
battery_common_fg_20.c:3128:14:mt_charger_type_detection	64	static
battery_common_fg_20.c:3200:13:mt_battery_charger_detect_check	48	static
battery_common_fg_20.c:3184:6:mt_charger_enable_DP_voltage	64	static
battery_common_fg_20.c:3191:14:mt_get_charger_type	0	static
battery_common_fg_20.c:3414:6:update_battery_2nd_info	32	static
battery_common_fg_20.c:3431:6:do_chrdet_int_task	64	static
battery_common_fg_20.c:3649:6:bat_thread_wakeup	48	static
battery_common_fg_20.c:4047:22:battery_kthread_hrtimer_func	16	static
battery_common_fg_20.c:3680:6:bat_update_thread_wakeup	32	static
battery_common_fg_20.c:3920:6:check_battery_exist	64	static
battery_common_fg_20.c:3555:6:BAT_thread	64	static
battery_common_fg_20.c:3600:5:bat_routine_thread	112	static
battery_common_fg_20.c:4788:13:battery_timer_resume	96	static
battery_common_fg_20.c:5438:12:battery_pm_event	48	static
battery_common_fg_20.c:3959:5:charger_hv_detect_sw_thread_handler	144	static
battery_common_fg_20.c:4026:6:charger_hv_detect_sw_workaround_init	48	static
battery_common_fg_20.c:4054:6:battery_kthread_hrtimer_init	32	static
battery_common_fg_20.c:4133:5:__batt_init_cust_data_from_cust_header	0	static
battery_common_fg_20.c:4535:5:batt_init_cust_data	32	static
battery_common_fg_20.c:4546:12:battery_probe	80	static
