switch_charging.c:785:21:charging_full_check	32	static
switch_charging.c:1089:13:mtk_select_cv.part.7	80	static
switch_charging.c:121:14:get_cv_voltage	0	static
switch_charging.c:149:6:BATTERY_SetUSBState	32	static
switch_charging.c:167:14:get_charging_setting_current	0	static
switch_charging.c:172:5:mtk_get_dynamic_cv	0	static
switch_charging.c:278:12:do_jeita_state_machine	64	static
switch_charging.c:523:6:get_usb_current_unlimited	0	static
switch_charging.c:531:6:set_usb_current_unlimited	0	static
switch_charging.c:538:14:set_chr_input_current_limit	64	static
switch_charging.c:674:5:mtk_chr_reset_aicr_upper_bound	0	static
switch_charging.c:680:5:set_chr_boost_current_limit	32	static
switch_charging.c:690:5:set_chr_enable_otg	32	static
switch_charging.c:699:5:mtk_chr_get_tchr	48	static
switch_charging.c:714:5:mtk_chr_get_soc	0	static
switch_charging.c:726:5:mtk_chr_get_ui_soc	0	static
switch_charging.c:739:5:mtk_chr_get_vbat	0	static
switch_charging.c:751:5:mtk_chr_get_ibat	0	static
switch_charging.c:757:5:mtk_chr_get_vbus	0	static
switch_charging.c:768:5:mtk_chr_get_aicr	48	static
switch_charging.c:779:5:mtk_chr_is_charger_exist	0	static
switch_charging.c:827:6:select_charging_current	48	static
switch_charging.c:917:6:select_charging_current_bcct	0	static
switch_charging.c:995:13:mtk_select_ichg_aicr	80	static
switch_charging.c:621:14:set_bat_charging_current_limit	48	static
switch_charging.c:1202:13:pchr_turn_on_charging	48	static
switch_charging.c:1252:12:BAT_PreChargeModeAction	64	static
switch_charging.c:1329:12:BAT_ConstantCurrentModeAction	64	static
switch_charging.c:1400:12:BAT_BatteryFullAction	64	static
switch_charging.c:1499:12:BAT_BatteryHoldAction	48	static
switch_charging.c:1519:12:BAT_BatteryHoldDemoAction	48	static
switch_charging.c:1541:12:BAT_BatteryStatusFailAction	32	static
switch_charging.c:1606:6:mt_battery_charging_algorithm	48	static
