mtk_cooler_cam.c:161:12:mtk_cl_cam_get_max_state	0	static
mtk_cooler_cam.c:167:12:mtk_cl_cam_get_cur_state	0	static
mtk_cooler_cam.c:290:12:mtk_cl_cam_urgent_get_max_state	0	static
mtk_cooler_cam.c:296:12:mtk_cl_cam_urgent_get_cur_state	0	static
mtk_cooler_cam.c:276:12:_cl_cam_status_open	32	static
mtk_cooler_cam.c:113:12:_cl_cam_open	32	static
mtk_cooler_cam.c:227:12:_mtk_cl_cam_pid_open	32	static
mtk_cooler_cam.c:249:16:_cl_cam_status_write	160	static
mtk_cooler_cam.c:86:16:_cl_cam_write	288	static
mtk_cooler_cam.c:199:16:_mtk_cl_cam_pid_write	288	static
mtk_cooler_cam.c:128:12:cam_send_signal	176	static
mtk_cooler_cam.c:173:12:mtk_cl_cam_set_cur_state	0	static
mtk_cooler_cam.c:268:12:_cl_cam_status_read	32	static
mtk_cooler_cam.c:105:12:_cl_cam_read	32	static
mtk_cooler_cam.c:218:12:_mtk_cl_cam_pid_read	32	static
mtk_cooler_cam.c:451:20:mtk_cooler_cam_exit	48	static
mtk_cooler_cam.c:302:12:mtk_cl_cam_urgent_set_cur_state	48	static
mtk_cooler_cam.c:390:19:mtk_cooler_cam_init	112	static
