zram_drv.c:583:16:comp_algorithm_store	64	static
zram_drv.c:570:16:comp_algorithm_show	48	static
zram_drv.c:541:16:max_comp_streams_store	64	static
zram_drv.c:460:16:max_comp_streams_show	48	static
zram_drv.c:504:16:mem_used_max_show	48	static
zram_drv.c:473:16:mem_limit_show	48	static
zram_drv.c:443:16:mem_used_total_show	48	static
zram_drv.c:1531:1:zram_attr_compr_data_size_show	16	static
zram_drv.c:434:16:orig_data_size_show	16	static
zram_drv.c:1530:1:zram_attr_zero_pages_show	16	static
zram_drv.c:1529:1:zram_attr_notify_free_show	16	static
zram_drv.c:1528:1:zram_attr_invalid_io_show	16	static
zram_drv.c:1527:1:zram_attr_failed_writes_show	16	static
zram_drv.c:1526:1:zram_attr_failed_reads_show	16	static
zram_drv.c:1525:1:zram_attr_num_writes_show	16	static
zram_drv.c:1524:1:zram_attr_num_reads_show	16	static
zram_drv.c:421:16:initstate_show	48	static
zram_drv.c:413:16:disksize_show	16	static
zram_drv.c:518:16:mem_used_max_store	64	static
zram_drv.c:486:16:mem_limit_store	80	static
zram_drv.c:394:16:compact_store	48	static
zram_drv.c:1307:16:disksize_store	80	static
zram_drv.c:1725:12:zraminfo_proc_open	16	static
zram_drv.c:847:12:zram_decompress_page	96	static
zram_drv.c:1738:19:zram_init	112	static
zram_drv.c:1667:12:zraminfo_proc_show	144	static
zram_drv.c:752:13:zram_free_page	48	static
zram_drv.c:1488:13:zram_slot_free_notify	80	static
zram_drv.c:1196:12:zram_bvec_rw.isra.15	128	static
zram_drv.c:1465:13:zram_make_request	144	static
zram_drv.c:1259:13:zram_reset_device	64	static
zram_drv.c:1787:20:zram_exit	64	static
zram_drv.c:1368:16:reset_store	80	static
zram_drv.c:1656:15:zram_mlog	16	static
