tcpci_timer.c:295:29:tcpc_timer_drp_src_toggle	32	static
tcpci_timer.c:285:29:tcpc_timer_wakeup	32	static
tcpci_timer.c:275:29:tcpc_timer_pddebounce	32	static
tcpci_timer.c:265:29:tcpc_timer_ccdebounce	32	static
tcpci_timer.c:255:29:tcpc_timer_try_drp_trywait	32	static
tcpci_timer.c:245:29:tcpc_timer_try_drp_try	32	static
tcpci_timer.c:235:29:tcpc_timer_rt_low_power_mode	32	static
tcpci_timer.c:225:29:tcpc_timer_rt_auto_discharge	32	static
tcpci_timer.c:215:29:tcpc_timer_rt_not_legacy	32	static
tcpci_timer.c:205:29:tcpc_timer_rt_legacy	32	static
tcpci_timer.c:195:29:tcpc_timer_rt_role_swap_stop	32	static
tcpci_timer.c:185:29:tcpc_timer_rt_role_swap_start	32	static
tcpci_timer.c:175:29:tcpc_timer_rt_vsafe0v_tout	32	static
tcpci_timer.c:165:29:tcpc_timer_rt_vsafe0v_delay	32	static
tcpci_timer.c:467:12:tcpc_timer_thread	144	static
tcpci_timer.c:360:6:tcpc_enable_timer	96	static
tcpci_timer.c:391:6:tcpc_disable_timer	48	static
tcpci_timer.c:348:6:tcpc_restart_timer	48	static
tcpci_timer.c:407:6:tcpc_timer_reset	48	static
tcpci_timer.c:421:6:tcpc_reset_typec_debounce_timer	80	static
tcpci_timer.c:428:6:tcpc_reset_typec_try_timer	80	static
tcpci_timer.c:497:5:tcpci_timer_init	48	static
tcpci_timer.c:524:5:tcpci_timer_deinit	64	static
