m4u_hw.c:1737:13:m4u_isr_restart	16	static
m4u_hw.c:795:12:larb_clock_on	32	static
m4u_hw.c:957:6:smi_common_clock_off	32	static
m4u_hw.c:860:12:larb_clock_off	32	static
m4u_hw.c:484:21:imu_pfh_tag_to_va.isra.0	0	static
m4u_hw.c:929:6:smi_common_clock_on	32	static
m4u_hw.c:126:12:m4u_dump_rs_info.constprop	240	static
m4u_hw.c:40:5:m4u_invalid_tlb	80	static
m4u_hw.c:100:6:m4u_invalid_tlb_by_range	16	static
m4u_hw.c:211:5:mau_start_monitor	96	static
m4u_hw.c:242:5:config_mau	144	static
m4u_hw.c:294:5:mau_get_config_info	64	static
m4u_hw.c:318:5:__mau_dump_status	144	static
m4u_hw.c:355:5:mau_dump_status	48	static
m4u_hw.c:365:5:m4u_dump_reg	176	static
m4u_hw.c:386:14:m4u_get_main_descriptor	32	static
m4u_hw.c:401:14:m4u_get_main_tag	16	static
m4u_hw.c:408:6:m4u_get_main_tlb	48	static
m4u_hw.c:414:14:m4u_get_pfh_tlb	48	static
m4u_hw.c:434:14:m4u_get_pfh_tag	32	static
m4u_hw.c:442:14:m4u_get_pfh_descriptor	32	static
m4u_hw.c:450:5:m4u_dump_main_tlb	96	static
m4u_hw.c:467:5:m4u_dump_invalid_main_tlb	80	static
m4u_hw.c:1781:13:MTK_M4U_isr.part.5	240	static
m4u_hw.c:1781:13:MTK_M4U_isr	16	static
m4u_hw.c:497:5:m4u_dump_pfh_tlb	160	static
m4u_hw.c:539:5:m4u_get_pfh_tlb_all	160	static
m4u_hw.c:582:5:m4u_confirm_main_range_invalidated	112	static
m4u_hw.c:628:5:m4u_confirm_range_invalidated	144	static
m4u_hw.c:698:5:m4u_confirm_main_all_invalid	64	static
m4u_hw.c:714:5:m4u_confirm_pfh_all_invalid	80	static
m4u_hw.c:732:5:m4u_confirm_all_invalidated	32	static
m4u_hw.c:747:5:m4u_power_on	0	static
m4u_hw.c:752:5:m4u_power_off	0	static
m4u_hw.c:942:6:smi_larb0_clock_on	32	static
m4u_hw.c:967:6:smi_larb0_clock_off	32	static
m4u_hw.c:980:5:m4u_insert_seq_range	112	static
m4u_hw.c:1058:5:m4u_invalid_seq_range_by_id	80	static
m4u_hw.c:1195:5:m4u_config_port	160	static
m4u_hw.c:1243:6:m4u_port_array_init	0	static
m4u_hw.c:1248:5:m4u_port_array_add	16	static
m4u_hw.c:1263:5:m4u_config_port_array	192	static
m4u_hw.c:1350:6:m4u_get_perf_counter	48	static
m4u_hw.c:1361:5:m4u_monitor_start	32	static
m4u_hw.c:1389:5:m4u_monitor_stop	64	static
m4u_hw.c:1414:6:m4u_print_perf_counter	80	static
m4u_hw.c:1430:6:__M4U_RESTORE	0	static
m4u_hw.c:1432:5:m4u_reg_backup	176	static
m4u_hw.c:1491:5:m4u_reg_restore	144	static
m4u_hw.c:1551:6:m4u_larb_backup	48	static
m4u_hw.c:1577:6:m4u_larb_restore	48	static
m4u_hw.c:1604:6:m4u_print_port_status	96	static
m4u_hw.c:1675:5:m4u_register_reclaim_callback	16	static
m4u_hw.c:1685:5:m4u_unregister_reclaim_callback	16	static
m4u_hw.c:1696:5:m4u_reclaim_notify	64	static
m4u_hw.c:1706:5:m4u_register_fault_callback	16	static
m4u_hw.c:1717:5:m4u_unregister_fault_callback	16	static
m4u_hw.c:1728:5:m4u_enable_tf	0	static
m4u_hw.c:1966:15:m4u_get_domain_by_port	0	static
m4u_hw.c:1971:15:m4u_get_domain_by_id	0	static
m4u_hw.c:1976:5:m4u_get_domain_nr	0	static
m4u_hw.c:1981:5:m4u_reg_init	112	static
m4u_hw.c:2106:5:m4u_domain_init	48	static
m4u_hw.c:2121:5:m4u_reset	32	static
m4u_hw.c:2129:5:m4u_hw_init	144	static
m4u_hw.c:2222:5:m4u_hw_deinit	16	static
m4u_hw.c:2234:5:m4u_dump_reg_for_smi_hang_issue	16	static
