mtk_tc_D1.c:367:14:temperature_to_raw_room	32	static
mtk_tc_D1.c:199:6:get_thermal_slope_intercept	48	static
mtk_tc_D1.c:791:12:read_tc_raw_and_temp	32	static
mtk_tc_D1.c:151:1:mt_ptp_lock	16	static
mtk_tc_D1.c:157:1:mt_ptp_unlock	16	static
mtk_tc_D1.c:164:5:tscpu_thermal_clock_on	48	static
mtk_tc_D1.c:182:5:tscpu_thermal_clock_off	32	static
mtk_tc_D1.c:269:6:mtkts_dump_cali_info	32	static
mtk_tc_D1.c:285:6:tscpu_thermal_cal_prepare	48	static
mtk_tc_D1.c:338:6:tscpu_thermal_cal_prepare_2	0	static
mtk_tc_D1.c:464:5:get_immediate_cpu_wrap	32	static
mtk_tc_D1.c:474:5:get_immediate_gpu_wrap	32	static
mtk_tc_D1.c:484:5:get_immediate_lte_wrap	32	static
mtk_tc_D1.c:500:5:get_immediate_ts1_wrap	32	static
mtk_tc_D1.c:511:5:get_immediate_ts2_wrap	32	static
mtk_tc_D1.c:522:5:get_immediate_ts3_wrap	32	static
mtk_tc_D1.c:806:6:tscpu_thermal_read_bank_temp	64	static
mtk_tc_D1.c:855:5:tscpu_thermal_fast_init	0	static
mtk_tc_D1.c:947:5:tscpu_switch_bank	0	static
mtk_tc_D1.c:605:13:tscpu_thermal_all_bank_interrupt_handler	96	static
mtk_tc_D1.c:970:6:tscpu_thermal_initial_all_bank	112	static
mtk_tc_D1.c:981:6:tscpu_config_all_tc_hw_protect	96	static
mtk_tc_D1.c:1034:6:tscpu_reset_thermal	0	static
mtk_tc_D1.c:1048:5:tscpu_read_temperature_info	48	static
mtk_tc_D1.c:1070:5:tscpu_get_curr_temp	16	static
mtk_tc_D1.c:1077:5:get_io_reg_base	48	static
