mt_soc_codec_63xx.c:198:13:GetDLStatus	0	static
mt_soc_codec_63xx.c:1026:12:mt63xx_codec_prepare	0	static
mt_soc_codec_63xx.c:1041:12:mt6323_codec_trigger	0	static
mt_soc_codec_63xx.c:2320:12:Audio_Speaker_Class_Get	0	static
mt_soc_codec_63xx.c:2352:12:Audio_Speaker_Pga_Gain_Get	0	static
mt_soc_codec_63xx.c:2661:12:Aud_Clk_Buf_Get	0	static
mt_soc_codec_63xx.c:2737:13:GetAdcStatus	0	static
mt_soc_codec_63xx.c:3607:12:Audio_ADC3_Get	0	static
mt_soc_codec_63xx.c:3613:12:Audio_ADC3_Set	0	static
mt_soc_codec_63xx.c:3619:12:Audio_ADC4_Get	0	static
mt_soc_codec_63xx.c:3625:12:Audio_ADC4_Set	0	static
mt_soc_codec_63xx.c:3690:12:Audio_ADC3_Sel_Get	0	static
mt_soc_codec_63xx.c:3696:12:Audio_ADC3_Sel_Set	0	static
mt_soc_codec_63xx.c:3702:12:Audio_ADC4_Sel_Get	0	static
mt_soc_codec_63xx.c:3708:12:Audio_ADC4_Sel_Set	0	static
mt_soc_codec_63xx.c:3852:12:Audio_PGA3_Get	0	static
mt_soc_codec_63xx.c:3858:12:Audio_PGA3_Set	0	static
mt_soc_codec_63xx.c:3864:12:Audio_PGA4_Get	0	static
mt_soc_codec_63xx.c:3870:12:Audio_PGA4_Set	0	static
mt_soc_codec_63xx.c:3901:12:Audio_MicSource2_Get	0	static
mt_soc_codec_63xx.c:3907:12:Audio_MicSource2_Set	0	static
mt_soc_codec_63xx.c:3913:12:Audio_MicSource3_Get	0	static
mt_soc_codec_63xx.c:3919:12:Audio_MicSource3_Set	0	static
mt_soc_codec_63xx.c:3926:12:Audio_MicSource4_Get	0	static
mt_soc_codec_63xx.c:3932:12:Audio_MicSource4_Set	0	static
mt_soc_codec_63xx.c:4238:12:Audio_Vow_State_Set	0	static
mt_soc_codec_63xx.c:4614:12:mt6331_codec_remove	16	static
mt_soc_codec_63xx.c:2452:12:Audio_AuxAdcData_Set	16	static
mt_soc_codec_63xx.c:2345:12:Audio_Speaker_OcFlag_Set	16	static
mt_soc_codec_63xx.c:4264:12:Pmic_Loopback_Get	32	static
mt_soc_codec_63xx.c:4327:12:SineTable_UL2_Get	32	static
mt_soc_codec_63xx.c:4405:12:Voice_Call_DAC_DAC_HS_Set	16	static
mt_soc_codec_63xx.c:4397:12:Voice_Call_DAC_DAC_HS_Get	32	static
mt_soc_codec_63xx.c:4382:12:ADC_LOOP_DAC_HP_Set	32	static
mt_soc_codec_63xx.c:4375:12:ADC_LOOP_DAC_HP_Get	32	static
mt_soc_codec_63xx.c:4361:12:ADC_LOOP_DAC_HS_Set	32	static
mt_soc_codec_63xx.c:4354:12:ADC_LOOP_DAC_HS_Get	32	static
mt_soc_codec_63xx.c:4341:12:SineTable_DAC_HP_Set	16	static
mt_soc_codec_63xx.c:4334:12:SineTable_DAC_HP_Get	32	static
mt_soc_codec_63xx.c:4229:12:Audio_Vow_State_Get	32	static
mt_soc_codec_63xx.c:4221:12:Audio_Vow_Cfg5_Set	32	static
mt_soc_codec_63xx.c:4212:12:Audio_Vow_Cfg5_Get	32	static
mt_soc_codec_63xx.c:4204:12:Audio_Vow_Cfg4_Set	32	static
mt_soc_codec_63xx.c:4195:12:Audio_Vow_Cfg4_Get	32	static
mt_soc_codec_63xx.c:4187:12:Audio_Vow_Cfg3_Set	32	static
mt_soc_codec_63xx.c:4178:12:Audio_Vow_Cfg3_Get	32	static
mt_soc_codec_63xx.c:4170:12:Audio_Vow_Cfg2_Set	32	static
mt_soc_codec_63xx.c:4161:12:Audio_Vow_Cfg2_Get	32	static
mt_soc_codec_63xx.c:4153:12:Audio_Vow_Cfg1_Set	32	static
mt_soc_codec_63xx.c:4144:12:Audio_Vow_Cfg1_Get	32	static
mt_soc_codec_63xx.c:4136:12:Audio_Vow_Cfg0_Set	32	static
mt_soc_codec_63xx.c:4127:12:Audio_Vow_Cfg0_Get	32	static
mt_soc_codec_63xx.c:4113:12:Audio_Vow_MIC_Type_Select_Set	32	static
mt_soc_codec_63xx.c:4105:12:Audio_Vow_MIC_Type_Select_Get	32	static
mt_soc_codec_63xx.c:4083:12:Audio_Vow_Digital_Func_Switch_Set	32	static
mt_soc_codec_63xx.c:4075:12:Audio_Vow_Digital_Func_Switch_Get	32	static
mt_soc_codec_63xx.c:3776:12:Audio_PreAmp2_Get	32	static
mt_soc_codec_63xx.c:4054:12:Audio_Vow_ADC_Func_Switch_Set	32	static
mt_soc_codec_63xx.c:4046:12:Audio_Vow_ADC_Func_Switch_Get	32	static
mt_soc_codec_63xx.c:4032:12:Audio_Adc_Power_Mode_Set	32	static
mt_soc_codec_63xx.c:4024:12:Audio_Adc_Power_Mode_Get	32	static
mt_soc_codec_63xx.c:4011:12:Audio_Mic4_Mode_Select_Set	32	static
mt_soc_codec_63xx.c:4003:12:Audio_Mic4_Mode_Select_Get	32	static
mt_soc_codec_63xx.c:3990:12:Audio_Mic3_Mode_Select_Set	32	static
mt_soc_codec_63xx.c:3982:12:Audio_Mic3_Mode_Select_Get	32	static
mt_soc_codec_63xx.c:3968:12:Audio_Mic2_Mode_Select_Set	32	static
mt_soc_codec_63xx.c:3960:12:Audio_Mic2_Mode_Select_Get	32	static
mt_soc_codec_63xx.c:3947:12:Audio_Mic1_Mode_Select_Set	32	static
mt_soc_codec_63xx.c:3939:12:Audio_Mic1_Mode_Select_Get	32	static
mt_soc_codec_63xx.c:3884:12:Audio_MicSource1_Set	32	static
mt_soc_codec_63xx.c:3876:12:Audio_MicSource1_Get	32	static
mt_soc_codec_63xx.c:3827:12:Audio_PGA2_Get	32	static
mt_soc_codec_63xx.c:3801:12:Audio_PGA1_Get	32	static
mt_soc_codec_63xx.c:3661:12:Audio_ADC2_Sel_Get	32	static
mt_soc_codec_63xx.c:3631:12:Audio_ADC1_Sel_Get	32	static
mt_soc_codec_63xx.c:3733:12:Audio_PreAmp1_Get	32	static
mt_soc_codec_63xx.c:3561:12:Audio_ADC2_Get	32	static
mt_soc_codec_63xx.c:3515:12:Audio_ADC1_Get	32	static
mt_soc_codec_63xx.c:2653:12:Audio_Hp_Impedance_Set	16	static
mt_soc_codec_63xx.c:2644:12:Audio_Hp_Impedance_Get	32	static
mt_soc_codec_63xx.c:2487:12:Lineout_PGAL_Get	32	static
mt_soc_codec_63xx.c:2516:12:Lineout_PGAR_Get	32	static
mt_soc_codec_63xx.c:2545:12:Handset_PGA_Get	32	static
mt_soc_codec_63xx.c:2610:12:Headset_PGAR_Get	32	static
mt_soc_codec_63xx.c:2577:12:Headset_PGAL_Get	32	static
mt_soc_codec_63xx.c:2270:12:Headset_Speaker_Amp_Get	32	static
mt_soc_codec_63xx.c:1804:12:Speaker_Amp_Get	32	static
mt_soc_codec_63xx.c:1682:12:Voice_Amp_Get	32	static
mt_soc_codec_63xx.c:1544:12:Audio_AmpL_Get	32	static
mt_soc_codec_63xx.c:1574:12:Audio_AmpR_Get	32	static
mt_soc_codec_63xx.c:512:13:Apply_Speaker_Gain	32	static
mt_soc_codec_63xx.c:4627:12:mt6331_write	32	static
mt_soc_codec_63xx.c:2327:12:Audio_Speaker_Pga_Gain_Set	32	static
mt_soc_codec_63xx.c:3785:12:Audio_PreAmp2_Set	48	static
mt_soc_codec_63xx.c:3836:12:Audio_PGA2_Set	32	static
mt_soc_codec_63xx.c:3810:12:Audio_PGA1_Set	32	static
mt_soc_codec_63xx.c:3668:12:Audio_ADC2_Sel_Set	48	static
mt_soc_codec_63xx.c:3638:12:Audio_ADC1_Sel_Set	48	static
mt_soc_codec_63xx.c:3742:12:Audio_PreAmp1_Set	48	static
mt_soc_codec_63xx.c:935:13:SetDCcoupleNP	32	static
mt_soc_codec_63xx.c:2494:12:Lineout_PGAL_Set	32	static
mt_soc_codec_63xx.c:2523:12:Lineout_PGAR_Set	32	static
mt_soc_codec_63xx.c:2554:12:Handset_PGA_Set	32	static
mt_soc_codec_63xx.c:2620:12:Headset_PGAR_Set	32	static
mt_soc_codec_63xx.c:2586:12:Headset_PGAL_Set	32	static
mt_soc_codec_63xx.c:1400:13:HeadsetVoloumeSet	48	static
mt_soc_codec_63xx.c:1368:13:HeadsetVoloumeRestore	32	static
mt_soc_codec_63xx.c:2099:12:Receiver_Speaker_Switch_Get	32	static
mt_soc_codec_63xx.c:2028:12:Ext_Speaker_Amp_Get	32	static
mt_soc_codec_63xx.c:306:13:ClsqEnable	48	static
mt_soc_codec_63xx.c:331:13:Topck_Enable	48	static
mt_soc_codec_63xx.c:356:13:NvregEnable	48	static
mt_soc_codec_63xx.c:2311:12:Audio_Speaker_Class_Set	48	static
mt_soc_codec_63xx.c:427:6:Auddrv_Read_Efuse_HPOffset	96	static
mt_soc_codec_63xx.c:4704:19:mtk_mt6331_codec_init	16	static
mt_soc_codec_63xx.c:4672:12:mtk_mt6331_codec_dev_remove	32	static
mt_soc_codec_63xx.c:4654:12:mtk_mt6331_codec_dev_probe	32	static
mt_soc_codec_63xx.c:4620:21:mt6331_read	32	static
mt_soc_codec_63xx.c:2390:12:Audio_Speaker_Current_Sensing_Peak_Detector_Get	32	static
mt_soc_codec_63xx.c:2371:12:Audio_Speaker_Current_Sensing_Get	32	static
mt_soc_codec_63xx.c:2337:12:Audio_Speaker_OcFlag_Get	32	static
mt_soc_codec_63xx.c:4729:20:mtk_mt6331_codec_exit	16	static
mt_soc_codec_63xx.c:1009:12:mt63xx_codec_startup	0	static
mt_soc_codec_63xx.c:2378:12:Audio_Speaker_Current_Sensing_Peak_Detector_Set	16	static
mt_soc_codec_63xx.c:2359:12:Audio_Speaker_Current_Sensing_Set	16	static
mt_soc_codec_63xx.c:4248:12:SineTable_UL2_Set	16	static
mt_soc_codec_63xx.c:2109:12:Receiver_Speaker_Switch_Set	48	static
mt_soc_codec_63xx.c:2036:12:Ext_Speaker_Amp_Set	48	static
mt_soc_codec_63xx.c:271:6:audckbufEnable	48	static
mt_soc_codec_63xx.c:1346:13:TurnOffDacPower	16	static
mt_soc_codec_63xx.c:4271:12:Pmic_Loopback_Set	32	static
mt_soc_codec_63xx.c:2668:12:Aud_Clk_Buf_Set	16	static
mt_soc_codec_63xx.c:410:6:vow_irq_handler	0	static
mt_soc_codec_63xx.c:524:6:setOffsetTrimMux	32	static
mt_soc_codec_63xx.c:530:6:setOffsetTrimBufferGain	16	static
mt_soc_codec_63xx.c:538:6:SetHplTrimOffset	32	static
mt_soc_codec_63xx.c:548:6:SetHprTrimOffset	32	static
mt_soc_codec_63xx.c:558:6:EnableTrimbuffer	16	static
mt_soc_codec_63xx.c:839:6:setHpGainZero	16	static
mt_soc_codec_63xx.c:845:6:SetSdmLevel	16	static
mt_soc_codec_63xx.c:970:8:GetULFrequency	32	static
mt_soc_codec_63xx.c:991:8:ULSampleRateTransform	0	static
mt_soc_codec_63xx.c:3047:13:TurnOnADcPowerDmic	48	static
mt_soc_codec_63xx.c:1275:8:GetDLNewIFFrequency	16	static
mt_soc_codec_63xx.c:1313:13:TurnOnDacPower	32	static
mt_soc_codec_63xx.c:1430:13:Audio_Amp_Change.isra.16	64	static
mt_soc_codec_63xx.c:712:6:OpenAnalogHeadphone	32	static
mt_soc_codec_63xx.c:1553:12:Audio_AmpL_Set	48	static
mt_soc_codec_63xx.c:1583:12:Audio_AmpR_Set	48	static
mt_soc_codec_63xx.c:1605:13:Voice_Amp_Change.part.17	16	static
mt_soc_codec_63xx.c:1605:13:Voice_Amp_Change	16	static
mt_soc_codec_63xx.c:1691:12:Voice_Amp_Set	48	static
mt_soc_codec_63xx.c:1711:13:Speaker_Amp_Change	32	static
mt_soc_codec_63xx.c:210:6:SetAnalogSuspend	48	static
mt_soc_codec_63xx.c:1812:12:Speaker_Amp_Set	32	static
mt_soc_codec_63xx.c:573:6:OpenTrimBufferHardware	16	static
mt_soc_codec_63xx.c:637:6:OpenAnalogTrimHardware	16	static
mt_soc_codec_63xx.c:731:6:OpenHeadPhoneImpedanceSetting	32	static
mt_soc_codec_63xx.c:2279:12:Headset_Speaker_Amp_Set	32	static
mt_soc_codec_63xx.c:2422:5:Audio_AuxAdcData_Get_ext	32	static
mt_soc_codec_63xx.c:2438:12:Audio_AuxAdcData_Get	32	static
mt_soc_codec_63xx.c:2722:6:SetMicPGAGain	32	static
mt_soc_codec_63xx.c:2762:13:TurnOnADcPowerACC	64	static
mt_soc_codec_63xx.c:3136:13:TurnOnADcPowerDCC	64	static
mt_soc_codec_63xx.c:3570:12:Audio_ADC2_Set	48	static
mt_soc_codec_63xx.c:3524:12:Audio_ADC1_Set	48	static
mt_soc_codec_63xx.c:4526:6:InitCodecDefault	16	static
mt_soc_codec_63xx.c:4566:12:mt6331_codec_probe	64	static
