AudDrv_Clk.c:368:6:AudDrv_Clk_On	64	static
AudDrv_Clk.c:478:6:AudDrv_Clk_Off	48	static
AudDrv_Clk.c:1246:6:AudDrv_I2S_Clk_Off	48	static
AudDrv_Clk.c:552:6:AudDrv_ANA_Clk_On	32	static
AudDrv_Clk.c:564:6:AudDrv_ANA_Clk_Off	32	static
AudDrv_Clk.c:1204:6:AudDrv_I2S_Clk_On	48	static
AudDrv_Clk.c:161:6:AudDrv_Clk_probe	80	static
AudDrv_Clk.c:231:6:AudDrv_Clk_Deinit	32	static
AudDrv_Clk.c:247:6:AudDrv_Clk_AllOn	32	static
AudDrv_Clk.c:257:6:Auddrv_Bus_Init	32	static
AudDrv_Clk.c:280:6:AudDrv_Clk_Power_On	48	static
AudDrv_Clk.c:290:6:AudDrv_Clk_Power_Off	0	static
AudDrv_Clk.c:306:6:AudDrv_AUDINTBUS_Sel	48	static
AudDrv_Clk.c:597:6:AudDrv_ADC_Clk_On	64	static
AudDrv_Clk.c:639:6:AudDrv_ADC_Clk_Off	48	static
AudDrv_Clk.c:679:6:AudDrv_ADC2_Clk_On	32	static
AudDrv_Clk.c:692:6:AudDrv_ADC2_Clk_Off	32	static
AudDrv_Clk.c:719:6:AudDrv_ADC3_Clk_On	32	static
AudDrv_Clk.c:731:6:AudDrv_ADC3_Clk_Off	32	static
AudDrv_Clk.c:760:6:AudDrv_APLL22M_Clk_On	64	static
AudDrv_Clk.c:874:6:AudDrv_APLL22M_Clk_Off	64	static
AudDrv_Clk.c:954:6:AudDrv_APLL24M_Clk_On	64	static
AudDrv_Clk.c:1120:6:AudDrv_APLL24M_Clk_Off	64	static
AudDrv_Clk.c:1286:6:AudDrv_Core_Clk_On	48	static
AudDrv_Clk.c:1329:6:AudDrv_Core_Clk_Off	48	static
AudDrv_Clk.c:1354:6:AudDrv_APLL1Tuner_Clk_On	48	static
AudDrv_Clk.c:1392:6:AudDrv_APLL1Tuner_Clk_Off	48	static
AudDrv_Clk.c:1418:6:AudDrv_APLL2Tuner_Clk_On	48	static
AudDrv_Clk.c:1457:6:AudDrv_APLL2Tuner_Clk_Off	48	static
AudDrv_Clk.c:1492:6:AudDrv_HDMI_Clk_On	32	static
AudDrv_Clk.c:1502:6:AudDrv_HDMI_Clk_Off	32	static
AudDrv_Clk.c:1528:6:AudDrv_Suspend_Clk_Off	64	static
AudDrv_Clk.c:1660:6:AudDrv_Suspend_Clk_On	80	static
AudDrv_Clk.c:1908:6:AudDrv_Emi_Clk_On	32	static
AudDrv_Clk.c:1923:6:AudDrv_Emi_Clk_Off	32	static
