mt_soc_afe_control.c:2120:13:SetIrqEnable	48	static
mt_soc_afe_control.c:3922:13:dump_irq_manager	64	static
mt_soc_afe_control.c:4000:31:get_min_period_user	48	static
mt_soc_afe_control.c:210:13:CheckSize	32	static
mt_soc_afe_control.c:2175:13:SetIrqMcuCounter	32	static
mt_soc_afe_control.c:4027:12:check_and_update_irq	48	static
mt_soc_afe_control.c:245:6:AfeControlMutexLock	16	static
mt_soc_afe_control.c:250:6:AfeControlMutexUnLock	16	static
mt_soc_afe_control.c:255:6:AfeControlSramLock	16	static
mt_soc_afe_control.c:260:6:AfeControlSramUnLock	16	static
mt_soc_afe_control.c:265:14:GetSramState	0	static
mt_soc_afe_control.c:270:6:SetSramState	0	static
mt_soc_afe_control.c:276:6:ClearSramState	0	static
mt_soc_afe_control.c:282:14:GetPLaybackSramFullSize	0	static
mt_soc_afe_control.c:293:14:GetPLaybackSramPartial	0	static
mt_soc_afe_control.c:301:14:GetPLaybackDramSize	0	static
mt_soc_afe_control.c:307:8:GetCaptureSramSize	0	static
mt_soc_afe_control.c:315:8:GetCaptureDramSize	0	static
mt_soc_afe_control.c:321:6:SetFMEnableFlag	0	static
mt_soc_afe_control.c:326:6:SetOffloadEnableFlag	0	static
mt_soc_afe_control.c:331:6:SetOffloadSWMode	0	static
mt_soc_afe_control.c:336:6:ConditionEnterSuspend	0	static
mt_soc_afe_control.c:346:6:get_internalmd_status	16	static
mt_soc_afe_control.c:431:6:SetExternalModemStatus	32	static
mt_soc_afe_control.c:504:6:ResetAfeControl	16	static
mt_soc_afe_control.c:535:6:Register_Aud_Irq	32	static
mt_soc_afe_control.c:636:8:GetApllbySampleRate	0	static
mt_soc_afe_control.c:647:6:SetckSel	32	static
mt_soc_afe_control.c:741:8:SetCLkMclk	48	static
mt_soc_afe_control.c:778:6:SetCLkBclk	0	static
mt_soc_afe_control.c:805:6:EnableI2SDivPower	16	static
mt_soc_afe_control.c:816:6:EnableApll1	32	static
mt_soc_afe_control.c:854:6:EnableApll2	32	static
mt_soc_afe_control.c:671:6:EnableALLbySampleRate	32	static
mt_soc_afe_control.c:707:6:DisableALLbySampleRate	32	static
mt_soc_afe_control.c:910:6:SetVOWStatus	64	static
mt_soc_afe_control.c:939:6:EnableAfe	48	static
mt_soc_afe_control.c:1025:8:SampleRateTransform	0	static
mt_soc_afe_control.c:1063:6:SetSampleRate	32	static
mt_soc_afe_control.c:1119:6:SetChannels	16	static
mt_soc_afe_control.c:1169:6:Set2ndI2SOut	32	static
mt_soc_afe_control.c:1154:6:Set2ndI2SOutAttribute	32	static
mt_soc_afe_control.c:1186:6:Set2ndI2SOutEnable	16	static
mt_soc_afe_control.c:1197:6:SetDaiBt	0	static
mt_soc_afe_control.c:1210:6:SetDaiBtEnable	32	static
mt_soc_afe_control.c:1251:6:GetMrgI2SEnable	0	static
mt_soc_afe_control.c:1257:6:SetMrgI2SEnable	48	static
mt_soc_afe_control.c:1329:6:Set2ndI2SAdcIn	0	static
mt_soc_afe_control.c:1336:6:SetI2SAdcIn	32	static
mt_soc_afe_control.c:1380:6:EnableSideGenHw	48	static
mt_soc_afe_control.c:1520:6:SetSideGenSampleRate	32	static
mt_soc_afe_control.c:1535:6:Set2ndI2SAdcEnable	0	static
mt_soc_afe_control.c:1542:6:SetI2SAdcEnable	32	static
mt_soc_afe_control.c:1560:6:Set2ndI2SEnable	16	static
mt_soc_afe_control.c:1568:6:CleanPreDistortion	16	static
mt_soc_afe_control.c:1578:6:SetDLSrc2	16	static
mt_soc_afe_control.c:1623:6:SetI2SDacOut	48	static
mt_soc_afe_control.c:1643:6:SetHwDigitalGainMode	48	static
mt_soc_afe_control.c:1665:6:SetHwDigitalGainEnable	32	static
mt_soc_afe_control.c:1691:6:SetHwDigitalGain	48	static
mt_soc_afe_control.c:1711:6:SetModemPcmConfig	96	static
mt_soc_afe_control.c:1831:6:SetModemPcmEnable	32	static
mt_soc_afe_control.c:1876:6:EnableSideToneFilter	112	static
mt_soc_afe_control.c:1956:6:SetMemoryPathEnable	32	static
mt_soc_afe_control.c:1990:6:GetMemoryPathEnable	0	static
mt_soc_afe_control.c:2024:6:SetI2SDacEnable	16	static
mt_soc_afe_control.c:2040:6:SetI2SADDAEnable	16	static
mt_soc_afe_control.c:2061:6:GetI2SDacEnable	0	static
mt_soc_afe_control.c:2067:6:checkDllinkMEMIfStatus	0	static
mt_soc_afe_control.c:2078:6:checkUplinkMEMIfStatus	0	static
mt_soc_afe_control.c:2089:6:SetHDMIChannels	16	static
mt_soc_afe_control.c:2098:6:SetHDMIEnable	16	static
mt_soc_afe_control.c:2107:6:SetHDMIConnection	0	static
mt_soc_afe_control.c:2114:6:SetConnection	16	static
mt_soc_afe_control.c:2201:6:SetMemDuplicateWrite	16	static
mt_soc_afe_control.c:2235:6:Set2ndI2SIn	32	static
mt_soc_afe_control.c:2219:6:Set2ndI2SInConfig	64	static
mt_soc_afe_control.c:2262:6:Set2ndI2SInEnable	32	static
mt_soc_afe_control.c:2272:6:SetI2SASRCConfig	32	static
mt_soc_afe_control.c:2302:6:SetI2SASRCEnable	16	static
mt_soc_afe_control.c:2315:6:SetMemIfFetchFormatPerSample	16	static
mt_soc_afe_control.c:2392:6:SetoutputConnectionFormat	32	static
mt_soc_afe_control.c:2425:6:SetHDMIBCLK	32	static
mt_soc_afe_control.c:2441:8:GetHDMIApLLSource	32	static
mt_soc_afe_control.c:2401:6:SetHDMIMCLK	64	static
mt_soc_afe_control.c:2447:6:SetHDMIApLL	32	static
mt_soc_afe_control.c:2464:6:SetHDMIdatalength	32	static
mt_soc_afe_control.c:2473:6:SetHDMIsamplerate	48	static
mt_soc_afe_control.c:2520:6:SetTDMLrckWidth	16	static
mt_soc_afe_control.c:2527:6:SetTDMbckcycle	16	static
mt_soc_afe_control.c:2534:6:SetTDMChannelsSdata	16	static
mt_soc_afe_control.c:2541:6:SetTDMDatalength	16	static
mt_soc_afe_control.c:2548:6:SetTDMI2Smode	16	static
mt_soc_afe_control.c:2555:6:SetTDMLrckInverse	16	static
mt_soc_afe_control.c:2562:6:SetTDMBckInverse	16	static
mt_soc_afe_control.c:2569:6:SetTDMEnable	16	static
mt_soc_afe_control.c:2584:5:AudDrv_Allocate_DL1_Buffer	48	static
mt_soc_afe_control.c:2645:5:AudDrv_Allocate_mem_Buffer	112	static
mt_soc_afe_control.c:2708:20:Get_Mem_ControlT	16	static
mt_soc_afe_control.c:2718:6:SetMemifSubStream	64	static
mt_soc_afe_control.c:2753:6:ClearMemBlock	32	static
mt_soc_afe_control.c:2773:6:RemoveMemifSubStream	80	static
mt_soc_afe_control.c:2841:6:Auddrv_Dl1_Spinlock_lock	32	static
mt_soc_afe_control.c:2846:6:Auddrv_Dl1_Spinlock_unlock	16	static
mt_soc_afe_control.c:2852:6:Auddrv_Dl2_Spinlock_lock	32	static
mt_soc_afe_control.c:2857:6:Auddrv_Dl2_Spinlock_unlock	16	static
mt_soc_afe_control.c:2864:6:Auddrv_UL1_Spinlock_lock	32	static
mt_soc_afe_control.c:2869:6:Auddrv_UL1_Spinlock_unlock	16	static
mt_soc_afe_control.c:2874:6:Auddrv_HDMI_Interrupt_Handler	0	static
mt_soc_afe_control.c:2880:6:Auddrv_AWB_Interrupt_Handler	96	static
mt_soc_afe_control.c:2985:6:Auddrv_DAI_Interrupt_Handler	64	static
mt_soc_afe_control.c:3061:6:Auddrv_DL1_Interrupt_Handler	64	static
mt_soc_afe_control.c:3161:6:Auddrv_DL2_Interrupt_Handler	64	static
mt_soc_afe_control.c:3284:24:Get_Mem_Buffer	32	static
mt_soc_afe_control.c:385:6:OpenAfeDigitaldl1	32	static
mt_soc_afe_control.c:3317:6:Auddrv_UL1_Interrupt_Handler	64	static
mt_soc_afe_control.c:3409:12:Get_Mem_CopySizeByStream	48	static
mt_soc_afe_control.c:3457:6:Set_Mem_CopySizeByStream	64	static
mt_soc_afe_control.c:3478:6:Auddrv_UL2_Interrupt_Handler	64	static
mt_soc_afe_control.c:564:13:AudDrv_IRQ_handler	48	static
mt_soc_afe_control.c:3554:6:BackUp_Audio_Register	32	static
mt_soc_afe_control.c:3750:6:Restore_Audio_Register	0	static
mt_soc_afe_control.c:3756:14:Align64ByteSize	0	static
mt_soc_afe_control.c:3766:6:SetOffloadCbk	16	static
mt_soc_afe_control.c:3778:6:ClrOffloadCbk	32	static
mt_soc_afe_control.c:3794:6:Enable4pin_I2S0_I2S3	48	static
mt_soc_afe_control.c:3841:6:AudDrv_checkDLISRStatus	448	static
mt_soc_afe_control.c:4056:5:init_irq_manager	32	static
mt_soc_afe_control.c:447:6:InitAfeControl	48	static
mt_soc_afe_control.c:4067:5:irq_add_user	112	static
mt_soc_afe_control.c:4118:5:irq_remove_user	80	static
mt_soc_afe_control.c:4159:5:irq_update_user	64	static
