mt_soc_offload_gdma.c:694:12:mtk_compr_offload_gdma_get_params	0	static
mt_soc_offload_gdma.c:767:12:mtk_compr_offload_gdma_get_codec_caps	0	static
mt_soc_offload_gdma.c:777:12:mtk_compr_offload_gdma_set_metadata	0	static
mt_soc_offload_gdma.c:787:12:mtk_compr_offload_gdma_get_metadata	0	static
mt_soc_offload_gdma.c:797:12:mtk_compr_offload_gdma_mmap	0	static
mt_soc_offload_gdma.c:887:12:mtk_compr_offload_gdma_pointer	0	static
mt_soc_offload_gdma.c:987:12:mtk_asoc_offload_gdma_new	0	static
mt_soc_offload_gdma.c:750:12:mtk_compr_offload_gdma_get_caps	16	static
mt_soc_offload_gdma.c:325:6:mtk_compr_offload_gdma_int_setVolume	16	static
mt_soc_offload_gdma.c:287:12:mtk_compr_offload_gdma_int_copy	48	static
mt_soc_offload_gdma.c:1074:19:mtk_soc_offload_gdma_init	16	static
mt_soc_offload_gdma.c:1044:12:mtk_offload_gdma_remove	32	static
mt_soc_offload_gdma.c:1019:12:mtk_offload_gdma_probe	32	static
mt_soc_offload_gdma.c:704:12:mtk_compr_offload_gdma_set_params	48	static
mt_soc_offload_gdma.c:995:12:mtk_asoc_offload_gdma_probe	16	static
mt_soc_offload_gdma.c:1097:20:mtk_soc_offload_gdma_exit	16	static
mt_soc_offload_gdma.c:863:12:mtk_compr_offload_gdma_trigger	64	static
mt_soc_offload_gdma.c:159:5:mtk_compr_offload_gdma_read	80	static
mt_soc_offload_gdma.c:330:6:mtk_compr_offload_gdma_int_wakelock	48	static
mt_soc_offload_gdma.c:804:5:mtk_compr_offload_gdma_copy	64	static
mt_soc_offload_gdma.c:565:12:mtk_compr_offload_gdma_free	48	static
mt_soc_offload_gdma.c:628:12:mtk_compr_offload_gdma_open	64	static
