mt_soc_pcm_fm_i2s_awb.c:520:21:mtk_fm_i2s_capture_pcm_page	16	static
mt_soc_pcm_fm_i2s_awb.c:509:12:mtk_capture_pcm_silence	16	static
mt_soc_pcm_fm_i2s_awb.c:169:12:mtk_fm_i2s_awb_pcm_prepare	16	static
mt_soc_pcm_fm_i2s_awb.c:565:12:mtk_asoc_fm_i2s_awb_pcm_new	16	static
mt_soc_pcm_fm_i2s_awb.c:632:20:mtk_soc_fm_i2s_awb_platform_exit	16	static
mt_soc_pcm_fm_i2s_awb.c:582:12:mtk_fm_i2s_awb_remove	32	static
mt_soc_pcm_fm_i2s_awb.c:549:12:mtk_fm_i2s_awb_probe	32	static
mt_soc_pcm_fm_i2s_awb.c:358:12:mtk_fm_i2s_awb_pcm_copy	96	static
mt_soc_pcm_fm_i2s_awb.c:192:26:mtk_awb_pcm_pointer	32	static
mt_soc_pcm_fm_i2s_awb.c:333:12:mtk_capture_fm_i2s_pcm_trigger	64	static
mt_soc_pcm_fm_i2s_awb.c:269:12:mtk_fm_i2s_capture_pcm_hw_free	32	static
mt_soc_pcm_fm_i2s_awb.c:317:12:mtk_fm_i2s_awb_pcm_close	16	static
mt_soc_pcm_fm_i2s_awb.c:283:12:mtk_fm_i2s_awb_pcm_open	48	static
mt_soc_pcm_fm_i2s_awb.c:572:12:mtk_afe_fm_i2s_awb_probe	32	static
mt_soc_pcm_fm_i2s_awb.c:612:19:mtk_soc_fm_i2s_awb_platform_init	16	static
mt_soc_pcm_fm_i2s_awb.c:235:12:mtk_mgrrx_awb_pcm_hw_params	64	static
