mt_soc_pcm_hdmi.c:1092:21:mtk_pcm_page	16	static
mt_soc_pcm_hdmi.c:502:26:mtk_pcm_hdmi_pointer	48	static
mt_soc_pcm_hdmi.c:1195:19:mtk_hdmi_soc_platform_init	16	static
mt_soc_pcm_hdmi.c:1165:12:mtk_afe_remove	32	static
mt_soc_pcm_hdmi.c:1119:12:mtk_hdmi_probe	48	static
mt_soc_pcm_hdmi.c:945:12:mtk_pcm_hdmi_copy	80	static
mt_soc_pcm_hdmi.c:334:12:Audio_hdmi_SideGen_Get	32	static
mt_soc_pcm_hdmi.c:930:12:mtk_pcm_hdmi_trigger	48	static
mt_soc_pcm_hdmi.c:700:12:mtk_pcm_hdmi_prepare	48	static
mt_soc_pcm_hdmi.c:611:12:mtk_pcm_hdmi_hw_free	16	static
mt_soc_pcm_hdmi.c:671:12:mtk_pcm_hdmi_close	16	static
mt_soc_pcm_hdmi.c:632:12:mtk_pcm_hdmi_open	64	static
mt_soc_pcm_hdmi.c:1146:12:mtk_afe_hdmi_probe	80	static
mt_soc_pcm_hdmi.c:1217:20:mtk_hdmi_soc_platform_exit	16	static
mt_soc_pcm_hdmi.c:1082:12:mtk_pcm_hdmi_silence	16	static
mt_soc_pcm_hdmi.c:570:12:mtk_pcm_hdmi_hw_params	64	static
mt_soc_pcm_hdmi.c:1137:12:mtk_asoc_pcm_hdmi_new	16	static
mt_soc_pcm_hdmi.c:342:12:Audio_hdmi_SideGen_Set	64	static
