mt_soc_pcm_voice_md2.c:89:6:get_voice_md2_status	0	static
mt_soc_pcm_voice_md2.c:246:12:mtk_voice_md2_pcm_copy	0	static
mt_soc_pcm_voice_md2.c:262:21:mtk_pcm_page	0	static
mt_soc_pcm_voice_md2.c:402:12:mtk_voice_md2_pm_ops_resume	48	static
mt_soc_pcm_voice_md2.c:381:12:mtk_voice_md2_pm_ops_suspend	48	static
mt_soc_pcm_voice_md2.c:253:12:mtk_voice_md2_pcm_silence	16	static
mt_soc_pcm_voice_md2.c:233:12:mtk_voice_md2_trigger	16	static
mt_soc_pcm_voice_md2.c:308:12:mtk_pcm_hw_params	16	static
mt_soc_pcm_voice_md2.c:358:12:mtk_soc_voice_md2_new	16	static
mt_soc_pcm_voice_md2.c:366:12:mtk_voice_md2_platform_probe	16	static
mt_soc_pcm_voice_md2.c:459:19:mtk_soc_voice_md2_platform_init	16	static
mt_soc_pcm_voice_md2.c:372:12:mtk_voice_md2_remove	32	static
mt_soc_pcm_voice_md2.c:342:12:mtk_voice_md2_probe	32	static
mt_soc_pcm_voice_md2.c:317:12:mtk_voice_md2_hw_free	16	static
mt_soc_pcm_voice_md2.c:197:12:mtk_voice_md2_close	32	static
mt_soc_pcm_voice_md2.c:141:12:mtk_voice_md2_pcm_open	48	static
mt_soc_pcm_voice_md2.c:482:20:mtk_soc_voice_md2_platform_exit	16	static
mt_soc_pcm_voice_md2.c:268:12:mtk_voice1_ext_prepare	112	static
