mt_soc_pcm_routing.c:925:12:mtk_routing_pcm_close	0	static
mt_soc_pcm_routing.c:942:12:mtk_routing_pcm_copy	0	static
mt_soc_pcm_routing.c:974:12:mtk_routing_pcm_hw_params	0	static
mt_soc_pcm_routing.c:961:21:mtk_routing_pcm_page	16	static
mt_soc_pcm_routing.c:950:12:mtk_routing_pcm_silence	16	static
mt_soc_pcm_routing.c:929:12:mtk_routing_pcm_trigger	16	static
mt_soc_pcm_routing.c:968:12:mtk_routing_pcm_prepare	16	static
mt_soc_pcm_routing.c:1024:12:mtk_asoc_routing_pcm_new	16	static
mt_soc_pcm_routing.c:854:12:Afe_Anc_Get	32	static
mt_soc_pcm_routing.c:537:12:AudioI2S1_Setting_Get	32	static
mt_soc_pcm_routing.c:570:12:Audio_Ipoh_Setting_Set	32	static
mt_soc_pcm_routing.c:562:12:Audio_Ipoh_Setting_Get	32	static
mt_soc_pcm_routing.c:514:12:AudioDebug_Setting_Get	16	static
mt_soc_pcm_routing.c:590:12:Audio_Mode_Set	32	static
mt_soc_pcm_routing.c:582:12:Audio_Mode_Get	32	static
mt_soc_pcm_routing.c:384:12:Audio_SideTone_Get	32	static
mt_soc_pcm_routing.c:368:12:Audio_SideGen_Amplitude_Set	32	static
mt_soc_pcm_routing.c:361:12:Audio_SideGen_Amplitude_Get	16	static
mt_soc_pcm_routing.c:301:12:Audio_SideGen_SampleRate_Get	32	static
mt_soc_pcm_routing.c:150:12:Audio_SideGen_Get	32	static
mt_soc_pcm_routing.c:1137:19:mtk_soc_routing_platform_init	16	static
mt_soc_pcm_routing.c:1047:12:mtk_afe_routing_remove	32	static
mt_soc_pcm_routing.c:1008:12:mtk_afe_routing_probe	32	static
mt_soc_pcm_routing.c:983:12:mtk_routing_pcm_hw_free	16	static
mt_soc_pcm_routing.c:890:12:mtk_routing_pcm_open	48	static
mt_soc_pcm_routing.c:1033:12:mtk_afe_routing_platform_probe	32	static
mt_soc_pcm_routing.c:605:12:Audio_DL2_DataTransfer	16	static
mt_soc_pcm_routing.c:521:12:AudioI2S1_Setting_Set	32	static
mt_soc_pcm_routing.c:420:12:AudioDebug_Setting_Set	32	static
mt_soc_pcm_routing.c:793:12:Audio_Hpr_Offset_Set	32	static
mt_soc_pcm_routing.c:759:12:Audio_Hpl_Offset_Set	32	static
mt_soc_pcm_routing.c:626:13:GetAudioTrimOffset	48	static
mt_soc_pcm_routing.c:772:12:Audio_Hpr_Offset_Get	48	static
mt_soc_pcm_routing.c:738:12:Audio_Hpl_Offset_Get	48	static
mt_soc_pcm_routing.c:392:12:Audio_SideTone_Set	32	static
mt_soc_pcm_routing.c:309:12:Audio_SideGen_SampleRate_Set	32	static
mt_soc_pcm_routing.c:158:12:Audio_SideGen_Set	32	static
mt_soc_pcm_routing.c:1161:20:mtk_soc_routing_platform_exit	16	static
mt_soc_pcm_routing.c:1081:12:mtk_routing_pm_ops_resume	32	static
mt_soc_pcm_routing.c:1095:12:mtk_pm_ops_resume_ipo	32	static
mt_soc_pcm_routing.c:1055:12:mtk_routing_pm_ops_suspend	32	static
mt_soc_pcm_routing.c:1074:12:mtk_pm_ops_suspend_ipo	32	static
mt_soc_pcm_routing.c:145:5:Get_Audio_Mode	0	static
mt_soc_pcm_routing.c:846:6:EnAble_Anc_Path	16	static
mt_soc_pcm_routing.c:862:12:Afe_Anc_Set	32	static
