mt_soc_pcm_dl1_i2s0.c:460:12:mtk_pcm_i2s0_hw_free	0	static
mt_soc_pcm_dl1_i2s0.c:533:12:mtk_pcm_i2s0_prepare	0	static
mt_soc_pcm_dl1_i2s0.c:750:21:mtk_i2s0_pcm_page	16	static
mt_soc_pcm_dl1_i2s0.c:740:12:mtk_pcm_i2s0_silence	16	static
mt_soc_pcm_dl1_i2s0.c:796:12:mtk_asoc_pcm_i2s0_new	16	static
mt_soc_pcm_dl1_i2s0.c:843:19:mtk_i2s0_soc_platform_init	16	static
mt_soc_pcm_dl1_i2s0.c:813:12:mtk_i2s0_remove	32	static
mt_soc_pcm_dl1_i2s0.c:777:12:mtk_i2s0_probe	48	static
mt_soc_pcm_dl1_i2s0.c:603:12:mtk_pcm_i2s0_copy	80	static
mt_soc_pcm_dl1_i2s0.c:386:26:mtk_pcm_i2s0_pointer	64	static
mt_soc_pcm_dl1_i2s0.c:320:12:Audio_i2s0_ExtCodec_EchoRef_Set	32	static
mt_soc_pcm_dl1_i2s0.c:312:12:Audio_i2s0_ExtCodec_EchoRef_Get	32	static
mt_soc_pcm_dl1_i2s0.c:275:12:Audio_i2s0_hdoutput_Get	32	static
mt_soc_pcm_dl1_i2s0.c:90:12:Audio_i2s0_SideGen_Get	32	static
mt_soc_pcm_dl1_i2s0.c:588:12:mtk_pcm_i2s0_trigger	48	static
mt_soc_pcm_dl1_i2s0.c:283:12:Audio_i2s0_hdoutput_Set	32	static
mt_soc_pcm_dl1_i2s0.c:435:12:mtk_pcm_i2s0_hw_params	32	static
mt_soc_pcm_dl1_i2s0.c:523:12:mtk_pcm_i2s0_close	32	static
mt_soc_pcm_dl1_i2s0.c:472:12:mtk_pcm_i2s0_open	64	static
mt_soc_pcm_dl1_i2s0.c:805:12:mtk_afe_i2s0_probe	32	static
mt_soc_pcm_dl1_i2s0.c:98:12:Audio_i2s0_SideGen_Set	64	static
mt_soc_pcm_dl1_i2s0.c:866:20:mtk_i2s0_soc_platform_exit	16	static
