mt_gpt.c:114:27:id_to_dev	0	static
mt_gpt.c:125:20:noop	0	static
mt_gpt.c:248:13:__gpt_set_mode	0	static
mt_gpt.c:437:13:clkevt_handler	16	static
mt_gpt.c:746:5:gpt_check_irq	0	static
mt_gpt.c:755:5:gpt_check_and_ack_irq	0	static
mt_gpt.c:769:14:gpt_boot_time	0	static
mt_gpt.c:137:13:task_sched	32	static
mt_gpt.c:190:20:gpt_handler	48	static
mt_gpt.c:206:13:__gpt_enable_irq.isra.0	0	static
mt_gpt.c:211:13:__gpt_disable_irq.isra.1	0	static
mt_gpt.c:234:13:__gpt_get_cnt	0	static
mt_gpt.c:726:5:gpt_get_cnt	64	static
mt_gpt.c:241:13:__gpt_get_cmp	0	static
mt_gpt.c:710:5:gpt_get_cmp	64	static
mt_gpt.c:284:13:__gpt_clrcnt.isra.6	0	static
mt_gpt.c:291:13:__gpt_start.isra.7	0	static
mt_gpt.c:296:13:__gpt_stop.isra.8	0	static
mt_gpt.c:604:5:start_gpt	48	static
mt_gpt.c:627:5:stop_gpt	48	static
mt_gpt.c:648:5:restart_gpt	48	static
mt_gpt.c:669:5:gpt_is_counting	64	static
mt_gpt.c:272:13:__gpt_set_cmp.constprop	0	static
mt_gpt.c:339:13:setup_gpt_dev_locked	64	static
mt_gpt.c:562:5:request_gpt	96	static
mt_gpt.c:691:5:gpt_set_cmp	64	static
mt_gpt.c:407:16:mt_gpt_read	32	static
mt_gpt.c:427:20:mt_read_sched_clock	16	static
mt_gpt.c:432:16:mt_read_sched_clock_cc	16	static
mt_gpt.c:221:13:__gpt_reset	32	static
mt_gpt.c:585:5:free_gpt	48	static
mt_gpt.c:508:20:mt_gpt_init	96	static
mt_gpt.c:361:12:mt_gpt_set_next_event	32	static
mt_gpt.c:374:13:mt_gpt_set_mode	32	static
