arch_timer.h:107:19:arch_counter_get_cntpct	0	static
ca53_timer.c:158:20:arch_timer_handler_virt	16	static
ca53_timer.c:165:20:arch_timer_handler_phys	16	static
ca53_timer.c:172:20:arch_timer_handler_phys_mem	16	static
ca53_timer.c:179:20:arch_timer_handler_virt_mem	16	static
ca53_timer.c:239:12:arch_timer_set_next_event_virt	0	static
ca53_timer.c:246:12:arch_timer_set_next_event_phys	0	static
ca53_timer.c:253:12:arch_timer_set_next_event_virt_mem	0	static
ca53_timer.c:260:12:arch_timer_set_next_event_phys_mem	0	static
ca53_timer.c:414:12:arch_counter_get_cntvct_mem	0	static
ca53_timer.c:353:12:arch_timer_setup	48	static
ca53_timer.c:203:13:arch_timer_set_mode_virt	0	static
ca53_timer.c:209:13:arch_timer_set_mode_phys	0	static
ca53_timer.c:215:13:arch_timer_set_mode_virt_mem	0	static
ca53_timer.c:221:13:arch_timer_set_mode_phys_mem	0	static
ca53_timer.c:536:12:arch_timer_cpu_pm_notify	0	static
ca53_timer.c:373:1:arch_timer_detect_rate.part.6	48	static
ca53_timer.c:511:12:arch_timer_cpu_notify	64	static
ca53_timer.c:686:20:arch_timer_common_init	48	static
ca53_timer.c:723:20:arch_timer_init	80	static
ca53_timer.c:769:20:arch_timer_mem_init	80	static
ca53_timer.c:409:5:arch_timer_get_rate	0	static
ca53_timer.c:462:21:arch_timer_get_timecounter	0	static
ca53_timer.c:703:5:localtimer_set_next_event	16	static
ca53_timer.c:712:15:localtimer_get_counter	0	static
