platform_uart.c:1398:13:mtk_uart_cal_baud	176	static
platform_uart.c:54:6:set_uart_pinctrl	32	static
platform_uart.c:66:6:set_uart_dma_clk	32	static
platform_uart.c:186:26:get_uart_default_settings	0	static
platform_uart.c:192:6:set_uart_default_settings	96	static
platform_uart.c:244:7:get_apdma_uart0_base	32	static
platform_uart.c:257:14:get_uart_vfifo_irq_id	32	static
platform_uart.c:298:15:get_uart_evt_mask	0	static
platform_uart.c:304:6:set_uart_evt_mask	0	static
platform_uart.c:310:15:get_uart_lsr_status	0	static
platform_uart.c:316:6:set_uart_lsr_status	0	static
platform_uart.c:322:14:get_modem_uart	0	static
platform_uart.c:443:6:dump_uart_reg	48	static
platform_uart.c:482:5:mtk_uart_vfifo_enable	32	static
platform_uart.c:511:5:mtk_uart_vfifo_disable	32	static
platform_uart.c:531:6:mtk_uart_vfifo_enable_tx_intr	0	static
platform_uart.c:537:6:mtk_uart_vfifo_disable_tx_intr	0	static
platform_uart.c:543:6:mtk_uart_vfifo_clear_tx_intr	0	static
platform_uart.c:549:6:mtk_uart_vfifo_clear_rx_intr	0	static
platform_uart.c:555:6:mtk_uart_vfifo_enable_rx_intr	0	static
platform_uart.c:561:6:mtk_uart_vfifo_disable_rx_intr	0	static
platform_uart.c:567:5:mtk_uart_vfifo_is_full	0	static
platform_uart.c:573:5:mtk_uart_vfifo_is_empty	0	static
platform_uart.c:579:6:mtk_uart_vfifo_write_byte	0	static
platform_uart.c:597:14:mtk_uart_vfifo_read_byte	0	static
platform_uart.c:614:5:mtk_uart_vfifo_get_counts	0	static
platform_uart.c:620:6:mtk_uart_tx_vfifo_flush	16	static
platform_uart.c:852:6:mtk_uart_dma_vfifo_tx_tasklet	240	static
platform_uart.c:1153:6:mtk_uart_dma_setup	16	static
platform_uart.c:1178:5:mtk_uart_dma_start	48	static
platform_uart.c:1210:6:mtk_uart_stop_dma	32	static
platform_uart.c:1259:6:mtk_uart_reset_dma	16	static
platform_uart.c:1293:6:mtk_uart_fifo_init	0	static
platform_uart.c:1305:6:mtk_uart_fifo_flush	0	static
platform_uart.c:1317:5:mtk_uart_data_ready	16	static
platform_uart.c:1326:6:mtk_uart_fifo_set_trig	64	static
platform_uart.c:1357:6:mtk_uart_set_mode	0	static
platform_uart.c:1374:6:mtk_uart_set_auto_baud	32	static
platform_uart.c:1551:6:mtk_uart_baud_setting	16	static
platform_uart.c:1684:6:mtk_uart_power_up	64	static
platform_uart.c:1747:6:mtk_uart_power_down	48	static
platform_uart.c:1794:6:mtk_uart_config	0	static
platform_uart.c:1827:14:mtk_uart_read_status	0	static
platform_uart.c:1836:14:mtk_uart_read_allow	0	static
platform_uart.c:1850:14:mtk_uart_write_allow	0	static
platform_uart.c:1858:6:mtk_uart_enable_intrs	0	static
platform_uart.c:1867:6:mtk_uart_disable_intrs	0	static
platform_uart.c:1610:6:mtk_uart_set_flow_ctrl	80	static
platform_uart.c:1876:14:mtk_uart_read_byte	0	static
platform_uart.c:1884:6:mtk_uart_write_byte	0	static
platform_uart.c:1897:6:mtk_uart_usb_rx_sel	0	static
platform_uart.c:1905:14:mtk_uart_filter_line_status	48	static
platform_uart.c:994:12:mtk_uart_tty_insert_flip_string	80	static
platform_uart.c:1133:6:mtk_uart_dma_vfifo_rx_tasklet	192	static
platform_uart.c:1929:5:mtk_uart_get_interrupt	0	static
platform_uart.c:1939:6:mtk_uart_intr_last_check	0	static
platform_uart.c:1944:6:mtk_uart_get_modem_status	48	static
platform_uart.c:1977:6:mtk_uart_rx_pre_handler	48	static
platform_uart.c:2007:6:mtk_uart_set_mctrl	32	static
platform_uart.c:2050:14:mtk_uart_get_mctrl	48	static
platform_uart.c:2091:6:mtk_uart_stop_rx	32	static
platform_uart.c:2115:6:mtk_uart_break_ctl	48	static
platform_uart.c:2147:6:mtk_uart_enable_sleep	16	static
platform_uart.c:2296:6:stop_log	0	static
platform_uart.c:2301:6:dump_uart_history	0	static
platform_uart.c:2308:6:mtk_uart_save	48	static
platform_uart.c:2355:6:mtk_uart_restore	48	static
platform_uart.c:2404:6:switch_uart_gpio	64	static
platform_uart.c:2439:6:mtk_uart_switch_tx_to_gpio	16	static
platform_uart.c:2499:6:mtk_uart_switch_to_tx	16	static
platform_uart.c:2555:6:dump_console_reg	736	static
platform_uart.c:2632:6:mtk_uart_switch_rx_to_gpio	16	static
platform_uart.c:2688:6:mtk_uart_switch_to_rx	16	static
platform_uart.c:2747:6:mtk_uart_enable_dpidle	32	static
platform_uart.c:464:6:mtk_uart_console_setting_switch	16	static
platform_uart.c:2754:6:mtk_uart_disable_dpidle	32	static
platform_uart.c:2761:5:mtk_uart_plat_info_query	0	static
