focaltech_test_detail_threshold.c:26:6:set_max_channel_num	0	static
focaltech_test_detail_threshold.c:46:6:malloc_struct_DetailThreshold	32	static
focaltech_test_detail_threshold.c:75:6:free_struct_DetailThreshold	32	static
focaltech_test_detail_threshold.c:187:6:OnInit_DThreshold_PanelDifferTest	896	static
focaltech_test_detail_threshold.c:287:6:OnGetTestItemParam	1008	static
focaltech_test_detail_threshold.c:132:6:OnInit_SCap_DetailThreshold	48	static
focaltech_test_detail_threshold.c:376:6:OnInit_InvalidNode	624	static
focaltech_test_detail_threshold.c:424:6:OnInit_DThreshold_RawDataTest	928	static
focaltech_test_detail_threshold.c:706:6:OnInit_DThreshold_SCapRawDataTest	944	static
focaltech_test_detail_threshold.c:1006:6:OnInit_DThreshold_SCapCbTest	944	static
focaltech_test_detail_threshold.c:1305:6:OnInit_DThreshold_RxLinearityTest	896	static
focaltech_test_detail_threshold.c:1359:6:OnInit_DThreshold_TxLinearityTest	896	static
focaltech_test_detail_threshold.c:1413:6:OnInit_DThreshold_ForceTouch_SCapRawDataTest	928	static
focaltech_test_detail_threshold.c:1582:6:OnInit_DThreshold_SITORawdata_RxLinearityTest	896	static
focaltech_test_detail_threshold.c:1645:6:OnInit_DThreshold_SITORawdata_TxLinearityTest	896	static
focaltech_test_detail_threshold.c:1708:6:OnInit_DThreshold_LCDNoiseTest	896	static
focaltech_test_detail_threshold.c:336:6:OnInit_MCap_DetailThreshold	32	static
focaltech_test_detail_threshold.c:1764:6:OnInit_DThreshold_ForceTouch_SCapCbTest	928	static
