focaltech_ex_fun.c:570:16:fts_tpfwver_store	0	static
focaltech_ex_fun.c:690:16:fts_tprwreg_show	0	static
focaltech_ex_fun.c:775:16:fts_fwupdate_show	0	static
focaltech_ex_fun.c:830:16:fts_fwupgradeapp_show	0	static
focaltech_ex_fun.c:872:16:fts_getprojectcode_show	0	static
focaltech_ex_fun.c:884:16:fts_getprojectcode_store	0	static
focaltech_ex_fun.c:905:16:fts_test_show	0	static
focaltech_ex_fun.c:92:16:fts_debug_write	1200	static
focaltech_ex_fun.c:214:16:fts_debug_read	1072	static
focaltech_ex_fun.c:942:16:fts_test_result_show	48	static
focaltech_ex_fun.c:967:16:fts_test_result_store	48	static
focaltech_ex_fun.c:918:16:fts_test_store	176	static
focaltech_ex_fun.c:843:16:fts_fwupgradeapp_store	176	static
focaltech_ex_fun.c:788:16:fts_fwupdate_store	48	static
focaltech_ex_fun.c:542:16:fts_tpfwver_show	64	static
focaltech_ex_fun.c:492:5:fts_create_apk_debug_channel	32	static
focaltech_ex_fun.c:524:6:fts_release_apk_debug_channel	16	static
focaltech_ex_fun.c:576:5:isNumCh	0	static
focaltech_ex_fun.c:595:5:hexCharToValue	0	static
focaltech_ex_fun.c:614:5:hexToStr	96	static
focaltech_ex_fun.c:653:6:strToBytes	80	static
focaltech_ex_fun.c:702:16:fts_tprwreg_store	80	static
focaltech_ex_fun.c:674:5:fts_test_result	32	static
focaltech_ex_fun.c:1040:5:fts_create_sysfs	48	static
focaltech_ex_fun.c:1064:5:fts_remove_sysfs	16	static
