focaltech_flash.c:3257:12:fts_GetFirmwareSize	176	static
focaltech_flash.c:3294:12:fts_ReadFirmware	208	static
focaltech_flash.c:199:5:hidi2c_to_stdi2c	48	static
focaltech_flash.c:236:6:fts_update_fw_vendor_id	48	static
focaltech_flash.c:255:6:fts_update_fw_ver	64	static
focaltech_flash.c:288:5:fts_ctpm_fw_upgrade_ReadChipID_Array	112	static
focaltech_flash.c:380:5:fts_ctpm_fw_upgrade_ReadVendorID	112	static
focaltech_flash.c:479:5:fts_ctpm_fw_upgrade_ReadProjectCode	112	static
focaltech_flash.c:570:6:fts_get_upgrade_array	64	static
focaltech_flash.c:607:5:fts_ctpm_auto_clb	64	static
focaltech_flash.c:662:5:fts_6x36_ctpm_fw_upgrade	256	static
focaltech_flash.c:870:5:fts_6336GU_ctpm_fw_upgrade	256	static
focaltech_flash.c:1078:5:fts_6x06_ctpm_fw_upgrade	240	static
focaltech_flash.c:1237:5:fts_5x26_ctpm_fw_upgrade	240	static
focaltech_flash.c:1378:5:fts_5x36_ctpm_fw_upgrade	256	static
focaltech_flash.c:1598:5:fts_5822_ctpm_fw_upgrade	288	static
focaltech_flash.c:1809:5:fts_5x06_ctpm_fw_upgrade	240	static
focaltech_flash.c:1953:6:fts_5x46_ctpm_fw_upgrade	384	static
focaltech_flash.c:2195:6:fts_8606_writepram	240	static
focaltech_flash.c:2331:6:fts_8606_ctpm_fw_upgrade	288	static
focaltech_flash.c:2614:6:fts_8716_writepram	240	static
focaltech_flash.c:2759:6:fts_8716_ctpm_fw_upgrade	288	static
focaltech_flash.c:3045:5:fts_3x07_ctpm_fw_upgrade	256	static
focaltech_flash.c:3334:5:fts_ctpm_fw_upgrade_with_app_file	64	static
focaltech_flash.c:3443:5:fts_ctpm_get_i_file_ver	0	static
focaltech_flash.c:3466:5:fts_ctpm_update_project_setting	352	static
focaltech_flash.c:3583:5:fts_ctpm_fw_upgrade_with_i_file	48	static
focaltech_flash.c:3806:5:fts_ctpm_auto_upgrade	48	static
