mt_freqhopping_drv.c:358:12:freqhopping_debug_proc_read	48	static
mt_freqhopping_drv.c:442:16:freqhopping_dvfs_proc_write	16	static
mt_freqhopping_drv.c:810:5:mt_l2h_mempll	16	static
mt_freqhopping_drv.c:816:5:mt_h2l_mempll	16	static
mt_freqhopping_drv.c:890:5:mt_is_support_DFS_mode	16	static
mt_freqhopping_drv.c:915:5:mt_fh_dram_overclock	16	static
mt_freqhopping_drv.c:921:5:mt_fh_get_dramc	16	static
mt_freqhopping_drv.c:945:6:mt_freqhopping_pll_init	16	static
mt_freqhopping_drv.c:951:5:mt_freqhopping_devctl	16	static
mt_freqhopping_drv.c:762:5:freqhopping_config	128	static
mt_freqhopping_drv.c:157:12:mt_fh_hal_ctrl_lock	64	static
mt_freqhopping_drv.c:458:12:freqhopping_userdefine_proc_open	16	static
mt_freqhopping_drv.c:453:12:freqhopping_status_proc_open	16	static
mt_freqhopping_drv.c:448:12:freqhopping_dumpregs_proc_open	16	static
mt_freqhopping_drv.c:437:12:freqhopping_dvfs_proc_open	16	static
mt_freqhopping_drv.c:421:12:freqhopping_debug_proc_open	16	static
mt_freqhopping_drv.c:200:12:freqhopping_userdefine_proc_read	64	static
mt_freqhopping_drv.c:283:12:freqhopping_status_proc_read	80	static
mt_freqhopping_drv.c:114:12:mt_fh_enable_usrdef	64	static
mt_freqhopping_drv.c:927:6:mt_freqhopping_init	48	static
mt_freqhopping_drv.c:737:6:mt_fh_popod_save	32	static
mt_freqhopping_drv.c:749:6:mt_fh_popod_restore	32	static
mt_freqhopping_drv.c:822:5:mt_dfs_armpll	32	static
mt_freqhopping_drv.c:832:5:mt_dfs_mmpll	32	static
mt_freqhopping_drv.c:841:5:mt_dfs_vencpll	32	static
mt_freqhopping_drv.c:852:5:mt_dfs_mpll	32	static
mt_freqhopping_drv.c:864:5:mt_dfs_mempll	32	static
mt_freqhopping_drv.c:877:5:mt_dfs_general_pll	32	static
mt_freqhopping_drv.c:895:5:mt_l2h_dvfs_mempll	32	static
mt_freqhopping_drv.c:905:5:mt_h2l_dvfs_mempll	32	static
mt_freqhopping_drv.c:91:12:mt_fh_drv_resume	16	static
mt_freqhopping_drv.c:82:12:mt_fh_drv_suspend	16	static
mt_freqhopping_drv.c:77:13:mt_fh_drv_shutdown	16	static
mt_freqhopping_drv.c:962:6:mt_fh_lock	16	static
mt_freqhopping_drv.c:974:6:mt_fh_unlock	16	static
mt_freqhopping_drv.c:66:12:mt_fh_drv_remove	32	static
mt_freqhopping_drv.c:53:12:mt_fh_drv_probe	32	static
mt_freqhopping_drv.c:138:12:mt_fh_disable_usrdef.isra.17	64	static
mt_freqhopping_drv.c:223:16:freqhopping_userdefine_proc_write	400	static
mt_freqhopping_drv.c:172:12:mt_freqhopping_ioctl.isra.18	32	static
mt_freqhopping_drv.c:309:16:freqhopping_status_proc_write	352	static
mt_freqhopping_drv.c:369:16:freqhopping_debug_proc_write	400	static
