class-dual-role.c:91:5:dual_role_get_property	16	static
class-dual-role.c:99:5:dual_role_set_property	16	static
class-dual-role.c:110:5:dual_role_property_is_writeable	16	static
class-dual-role.c:255:7:dual_role_get_drvdata	0	static
class-dual-role.c:416:16:dual_role_attr_is_visible	16	static
class-dual-role.c:83:6:dual_role_instance_changed	32	static
class-dual-role.c:129:3:dual_role_phy_instance_get_byname	16	static
class-dual-role.c:120:12:dual_role_match_device_byname	16	static
class-dual-role.c:205:13:devm_dual_role_release	32	static
class-dual-role.c:73:13:dual_role_changed_work	32	static
class-dual-role.c:138:13:dual_role_dev_release	32	static
class-dual-role.c:213:1:devm_dual_role_instance_register	64	static
class-dual-role.c:233:12:devm_dual_role_match	16	static
class-dual-role.c:288:16:dual_role_show_property	80	static
class-dual-role.c:541:20:dual_role_class_exit	16	static
class-dual-role.c:243:6:devm_dual_role_instance_unregister	16	static
class-dual-role.c:56:14:kstrdupcase.constprop	32	static
class-dual-role.c:465:5:dual_role_uevent	112	static
class-dual-role.c:356:16:dual_role_store_property	96	static
class-dual-role.c:455:6:dual_role_init_attrs	0	static
class-dual-role.c:528:19:dual_role_class_init	32	static
