mt_gpio_base.c:601:19:get_gpio_vbase_early	32	static
mt_gpio_base.c:35:5:mt6306_set_gpio_out	16	static
mt_gpio_base.c:41:5:mt6306_set_gpio_dir	16	static
mt_gpio_base.c:49:5:mt_set_gpio_dir_base	0	static
mt_gpio_base.c:81:5:mt_get_gpio_dir_base	0	static
mt_gpio_base.c:96:5:mt_set_gpio_pull_enable_base	0	static
mt_gpio_base.c:145:5:mt_get_gpio_pull_enable_base	0	static
mt_gpio_base.c:170:5:mt_set_gpio_smt_base	0	static
mt_gpio_base.c:211:5:mt_get_gpio_smt_base	0	static
mt_gpio_base.c:227:5:mt_set_gpio_ies_base	0	static
mt_gpio_base.c:246:5:mt_get_gpio_ies_base	0	static
mt_gpio_base.c:262:5:mt_set_gpio_pull_select_base	0	static
mt_gpio_base.c:372:5:mt_get_gpio_pull_select_base	0	static
mt_gpio_base.c:398:5:mt_set_gpio_inversion_base	0	static
mt_gpio_base.c:405:5:mt_get_gpio_inversion_base	0	static
mt_gpio_base.c:411:5:mt_set_gpio_out_base	0	static
mt_gpio_base.c:445:5:mt_get_gpio_out_base	0	static
mt_gpio_base.c:462:5:mt_get_gpio_in_base	0	static
mt_gpio_base.c:478:5:mt_set_gpio_mode_base	0	static
mt_gpio_base.c:532:5:mt_get_gpio_mode_base	0	static
mt_gpio_base.c:553:5:mt_set_gpio_slew_rate_base	0	static
mt_gpio_base.c:559:5:mt_get_gpio_slew_rate_base	0	static
mt_gpio_base.c:564:5:mt_set_gpio_pull_resistor_base	0	static
mt_gpio_base.c:569:5:mt_get_gpio_pull_resistor_base	0	static
mt_gpio_base.c:574:5:mt_set_gpio_driving_base	0	static
mt_gpio_base.c:579:5:mt_get_gpio_driving_base	0	static
mt_gpio_base.c:584:6:get_gpio_vbase	32	static
mt_gpio_base.c:621:6:get_io_cfg_vbase	0	static
mt_gpio_base.c:631:6:mt_gpio_suspend	0	static
mt_gpio_base.c:637:6:mt_gpio_resume	0	static
